Component: ARM Compiler 5.06 update 7 (build 960) Tool: armlink [4d3601]

==============================================================================

Section Cross References

    startup_stm32f407xx.o(RESET) refers to startup_stm32f407xx.o(STACK) for __initial_sp
    startup_stm32f407xx.o(RESET) refers to startup_stm32f407xx.o(.text) for Reset_Handler
    startup_stm32f407xx.o(RESET) refers to stm32f4xx_it.o(i.NMI_Handler) for NMI_Handler
    startup_stm32f407xx.o(RESET) refers to stm32f4xx_it.o(i.HardFault_Handler) for HardFault_Handler
    startup_stm32f407xx.o(RESET) refers to stm32f4xx_it.o(i.MemManage_Handler) for MemManage_Handler
    startup_stm32f407xx.o(RESET) refers to stm32f4xx_it.o(i.BusFault_Handler) for BusFault_Handler
    startup_stm32f407xx.o(RESET) refers to stm32f4xx_it.o(i.UsageFault_Handler) for UsageFault_Handler
    startup_stm32f407xx.o(RESET) refers to port.o(.emb_text) for SVC_Handler
    startup_stm32f407xx.o(RESET) refers to stm32f4xx_it.o(i.DebugMon_Handler) for DebugMon_Handler
    startup_stm32f407xx.o(RESET) refers to port.o(i.SysTick_Handler) for SysTick_Handler
    startup_stm32f407xx.o(RESET) refers to stm32f4xx_it.o(i.TIM2_IRQHandler) for TIM2_IRQHandler
    startup_stm32f407xx.o(RESET) refers to stm32f4xx_it.o(i.TIM3_IRQHandler) for TIM3_IRQHandler
    startup_stm32f407xx.o(RESET) refers to stm32f4xx_it.o(i.TIM6_DAC_IRQHandler) for TIM6_DAC_IRQHandler
    startup_stm32f407xx.o(RESET) refers to dcmi.o(i.DMA2_Stream1_IRQHandler) for DMA2_Stream1_IRQHandler
    startup_stm32f407xx.o(RESET) refers to stm32f4xx_it.o(i.ETH_IRQHandler) for ETH_IRQHandler
    startup_stm32f407xx.o(RESET) refers to stm32f4xx_it.o(i.DCMI_IRQHandler) for DCMI_IRQHandler
    startup_stm32f407xx.o(.text) refers to system_stm32f4xx.o(i.SystemInit) for SystemInit
    startup_stm32f407xx.o(.text) refers to entry.o(.ARM.Collect$$$$00000000) for __main
    main.o(i.HAL_TIM_PeriodElapsedCallback) refers to stm32f4xx_hal.o(i.HAL_IncTick) for HAL_IncTick
    main.o(i.HAL_TIM_PeriodElapsedCallback) refers to hc_sr04.o(.data) for TIM2CH4_CAPTURE_STA
    main.o(i.SystemClock_Config) refers to memseta.o(.text) for __aeabi_memclr4
    main.o(i.SystemClock_Config) refers to stm32f4xx_hal_rcc.o(i.HAL_RCC_OscConfig) for HAL_RCC_OscConfig
    main.o(i.SystemClock_Config) refers to stm32f4xx_hal_rcc.o(i.HAL_RCC_ClockConfig) for HAL_RCC_ClockConfig
    main.o(i.fputc) refers to stm32f4xx_hal_uart.o(i.HAL_UART_Transmit) for HAL_UART_Transmit
    main.o(i.fputc) refers to usart.o(.bss) for huart1
    main.o(i.main) refers to stm32f4xx_hal.o(i.HAL_Init) for HAL_Init
    main.o(i.main) refers to delay.o(i.delay_init) for delay_init
    main.o(i.main) refers to main.o(i.SystemClock_Config) for SystemClock_Config
    main.o(i.main) refers to gpio.o(i.MX_GPIO_Init) for MX_GPIO_Init
    main.o(i.main) refers to dma.o(i.MX_DMA_Init) for MX_DMA_Init
    main.o(i.main) refers to usart.o(i.MX_USART1_UART_Init) for MX_USART1_UART_Init
    main.o(i.main) refers to dcmi.o(i.MX_DCMI_Init) for MX_DCMI_Init
    main.o(i.main) refers to fsmc.o(i.MX_FSMC_Init) for MX_FSMC_Init
    main.o(i.main) refers to tim.o(i.MX_TIM3_Init) for MX_TIM3_Init
    main.o(i.main) refers to tim.o(i.MX_TIM2_Init) for MX_TIM2_Init
    main.o(i.main) refers to freertos.o(i.MX_FREERTOS_Init) for MX_FREERTOS_Init
    main.o(i.main) refers to cmsis_os.o(i.osKernelStart) for osKernelStart
    gpio.o(i.MX_GPIO_Init) refers to memseta.o(.text) for __aeabi_memclr4
    gpio.o(i.MX_GPIO_Init) refers to stm32f4xx_hal_gpio.o(i.HAL_GPIO_WritePin) for HAL_GPIO_WritePin
    gpio.o(i.MX_GPIO_Init) refers to stm32f4xx_hal_gpio.o(i.HAL_GPIO_Init) for HAL_GPIO_Init
    freertos.o(i.MX_FREERTOS_Init) refers to event_groups.o(i.xEventGroupCreate) for xEventGroupCreate
    freertos.o(i.MX_FREERTOS_Init) refers to event_groups.o(i.xEventGroupSetBits) for xEventGroupSetBits
    freertos.o(i.MX_FREERTOS_Init) refers to malloc.o(i.my_mem_init) for my_mem_init
    freertos.o(i.MX_FREERTOS_Init) refers to printf5.o(i.__0printf$5) for __2printf
    freertos.o(i.MX_FREERTOS_Init) refers to heap_4.o(i.pvPortMalloc) for pvPortMalloc
    freertos.o(i.MX_FREERTOS_Init) refers to malloc.o(i.mymalloc) for mymalloc
    freertos.o(i.MX_FREERTOS_Init) refers to memmovea.o(.text) for __aeabi_memcpy4
    freertos.o(i.MX_FREERTOS_Init) refers to cmsis_os.o(i.osThreadCreate) for osThreadCreate
    freertos.o(i.MX_FREERTOS_Init) refers to freertos.o(.data) for .data
    freertos.o(i.MX_FREERTOS_Init) refers to freertos.o(.constdata) for .constdata
    freertos.o(i.StartDefaultTask) refers to lwip.o(i.MX_LWIP_Init) for MX_LWIP_Init
    freertos.o(i.StartDefaultTask) refers to heap_4.o(i.pvPortMalloc) for pvPortMalloc
    freertos.o(i.StartDefaultTask) refers to memseta.o(.text) for __aeabi_memset
    freertos.o(i.StartDefaultTask) refers to printf5.o(i.__0printf$5) for __2printf
    freertos.o(i.StartDefaultTask) refers to sockets.o(i.lwip_socket) for lwip_socket
[...]
    lock_tcpip_core                          0x200000a0   Data           4  tcpip.o(.data)
    netif_list                               0x200000ec   Data           4  netif.o(.data)
    netif_default                            0x200000f0   Data           4  netif.o(.data)
    pbuf_free_ooseq_pending                  0x200000f4   Data           1  pbuf.o(.data)
    tcp_active_pcbs_changed                  0x200000f8   Data           1  tcp.o(.data)
    tcp_ticks                                0x20000104   Data           4  tcp.o(.data)
    tcp_bound_pcbs                           0x20000108   Data           4  tcp.o(.data)
    tcp_listen_pcbs                          0x2000010c   Data           4  tcp.o(.data)
    tcp_active_pcbs                          0x20000110   Data           4  tcp.o(.data)
    tcp_tw_pcbs                              0x20000114   Data           4  tcp.o(.data)
    tcp_input_pcb                            0x20000138   Data           4  tcp_in.o(.data)
    udp_pcbs                                 0x2000014c   Data           4  udp.o(.data)
    errno                                    0x2000015c   Data           4  sys_arch.o(.data)
    lwip_sys_mutex                           0x20000160   Data           4  sys_arch.o(.data)
    pxCurrentTCB                             0x20000164   Data           4  tasks.o(.data)
    TIM2CH3_CAPTURE_STA                      0x200001c4   Data           1  hc_sr04.o(.data)
    TIM2CH4_CAPTURE_STA                      0x200001c5   Data           1  hc_sr04.o(.data)
    TIM2CH3_CAPTURE_VAL                      0x200001c8   Data           4  hc_sr04.o(.data)
    TIM2CH4_CAPTURE_VAL                      0x200001cc   Data           4  hc_sr04.o(.data)
    POINT_COLOR                              0x200001d0   Data           2  lcd.o(.data)
    BACK_COLOR                               0x200001d2   Data           2  lcd.o(.data)
    mallco_dev                               0x200001d8   Data          36  malloc.o(.data)
    ov2640_mode                              0x200001fc   Data           1  imagetransmissiontask.o(.data)
    jpeg_data_ok                             0x200001fd   Data           1  imagetransmissiontask.o(.data)
    jpeg_data_len                            0x20000200   Data           4  imagetransmissiontask.o(.data)
    controlch                                0x20000204   Data           1  udprxtask.o(.data)
    __stdout                                 0x2000020c   Data           4  stdout.o(.data)
    udp_addr                                 0x20000210   Data          16  freertos.o(.bss)
    seraddr                                  0x20000220   Data          16  freertos.o(.bss)
    hdcmi                                    0x20000230   Data          64  dcmi.o(.bss)
    hdma_dcmi                                0x20000270   Data          96  dcmi.o(.bss)
    hsram1                                   0x200002d0   Data          80  fsmc.o(.bss)
    hsram2                                   0x20000320   Data          80  fsmc.o(.bss)
    htim2                                    0x20000370   Data          64  tim.o(.bss)
    htim3                                    0x200003b0   Data          64  tim.o(.bss)
    huart1                                   0x200003f0   Data          64  usart.o(.bss)
    htim6                                    0x20000430   Data          64  stm32f4xx_hal_timebase_tim.o(.bss)
    DMARxDscrTab                             0x20000470   Data         128  ethernetif.o(.bss)
    DMATxDscrTab                             0x200004f0   Data         128  ethernetif.o(.bss)
    Rx_Buff                                  0x20000570   Data        6096  ethernetif.o(.bss)
    Tx_Buff                                  0x20001d40   Data        6096  ethernetif.o(.bss)
    heth                                     0x20003510   Data          72  ethernetif.o(.bss)
    gnetif                                   0x20003558   Data          52  lwip.o(.bss)
    ip_data                                  0x200035cc   Data          24  ip.o(.bss)
    ram_heap                                 0x200035e4   Data        1619  mem.o(.bss)
    memp_memory_UDP_PCB_base                 0x20003c37   Data         131  memp.o(.bss)
    memp_memory_TCP_PCB_base                 0x20003cba   Data         783  memp.o(.bss)
    memp_memory_TCP_PCB_LISTEN_base          0x20003fc9   Data         227  memp.o(.bss)
    memp_memory_TCP_SEG_base                 0x200040ac   Data         323  memp.o(.bss)
    memp_memory_REASSDATA_base               0x200041ef   Data         163  memp.o(.bss)
    memp_memory_FRAG_PBUF_base               0x20004292   Data         363  memp.o(.bss)
    memp_memory_NETBUF_base                  0x200043fd   Data          35  memp.o(.bss)
    memp_memory_NETCONN_base                 0x20004420   Data         163  memp.o(.bss)
    memp_memory_TCPIP_MSG_API_base           0x200044c3   Data         131  memp.o(.bss)
    memp_memory_TCPIP_MSG_INPKT_base         0x20004546   Data         131  memp.o(.bss)
    memp_memory_SYS_TIMEOUT_base             0x200045c9   Data          63  memp.o(.bss)
    memp_memory_PBUF_base                    0x20004608   Data         259  memp.o(.bss)
    memp_memory_PBUF_POOL_base               0x2000470b   Data        9731  memp.o(.bss)
    xQueueRegistry                           0x20006e14   Data         120  queue.o(.bss)
    lcddev                                   0x2000bf7c   Data          14  lcd.o(.bss)
    mem1base                                 0x2000bfa0   Data       40960  malloc.o(.bss)
    mem1mapbase                              0x20015fa0   Data        2560  malloc.o(.bss)
    RX_BUF                                   0x200169a0   Data        1024  communicatetask.o(.bss)
    __initial_sp                             0x200171a0   Data           0  startup_stm32f407xx.o(STACK)
    mem2base                                 0x68000000   Data       983040  malloc.o(.ARM.__AT_0x68000000)
    mem2mapbase                              0x680f0000   Data       61440  malloc.o(.ARM.__AT_0x680F0000)



==============================================================================

Memory Map of the image

  Image Entry point : 0x08000189

  Load Region LR_IROM1 (Base: 0x08000000, Size: 0x0001d494, Max: 0x00100000, ABSOLUTE, COMPRESSED[0x0001d2c0])

    Execution Region ER_IROM1 (Exec base: 0x08000000, Load base: 0x08000000, Size: 0x0001d284, Max: 0x00100000, ABSOLUTE)

    Exec Addr    Load Addr    Size         Type   Attr      Idx    E Section Name        Object

    0x08000000   0x08000000   0x00000188   Data   RO            3    RESET               startup_stm32f407xx.o
    0x08000188   0x08000188   0x00000000   Code   RO        10884  * .ARM.Collect$$$$00000000  mc_w.l(entry.o)
    0x08000188   0x08000188   0x00000004   Code   RO        11209    .ARM.Collect$$$$00000001  mc_w.l(entry2.o)
    0x0800018c   0x0800018c   0x00000004   Code   RO        11212    .ARM.Collect$$$$00000004  mc_w.l(entry5.o)
    0x08000190   0x08000190   0x00000000   Code   RO        11214    .ARM.Collect$$$$00000008  mc_w.l(entry7b.o)
    0x08000190   0x08000190   0x00000000   Code   RO        11216    .ARM.Collect$$$$0000000A  mc_w.l(entry8b.o)
    0x08000190   0x08000190   0x00000008   Code   RO        11217    .ARM.Collect$$$$0000000B  mc_w.l(entry9a.o)
    0x08000198   0x08000198   0x00000004   Code   RO        11224    .ARM.Collect$$$$0000000E  mc_w.l(entry12b.o)
    0x0800019c   0x0800019c   0x00000000   Code   RO        11219    .ARM.Collect$$$$0000000F  mc_w.l(entry10a.o)
    0x0800019c   0x0800019c   0x00000000   Code   RO        11221    .ARM.Collect$$$$00000011  mc_w.l(entry11a.o)
    0x0800019c   0x0800019c   0x00000004   Code   RO        11210    .ARM.Collect$$$$00002712  mc_w.l(entry2.o)
    0x080001a0   0x080001a0   0x000000be   Code   RO         9886    .emb_text           port.o
    0x0800025e   0x0800025e   0x00000002   PAD
    0x08000260   0x08000260   0x00000024   Code   RO            4    .text               startup_stm32f407xx.o
    0x08000284   0x08000284   0x00000062   Code   RO        10887    .text               mc_w.l(uldiv.o)
    0x080002e6   0x080002e6   0x00000062   Code   RO        10889    .text               mc_w.l(ldiv.o)
    0x08000348   0x08000348   0x00000024   Code   RO        10919    .text               mc_w.l(rand.o)
    0x0800036c   0x0800036c   0x00000040   Code   RO        10924    .text               mc_w.l(memmovea.o)
    0x080003ac   0x080003ac   0x00000024   Code   RO        10928    .text               mc_w.l(memseta.o)
    0x080003d0   0x080003d0   0x0000001a   Code   RO        10932    .text               mc_w.l(memcmp.o)
    0x080003ea   0x080003ea   0x000000e4   Code   RO        11203    .text               mf_w.l(dmul.o)
    0x080004ce   0x080004ce   0x0000001a   Code   RO        11205    .text               mf_w.l(dfltui.o)
    0x080004e8   0x080004e8   0x00000032   Code   RO        11207    .text               mf_w.l(dfixui.o)
    0x0800051a   0x0800051a   0x0000001e   Code   RO        11228    .text               mc_w.l(llshl.o)
    0x08000538   0x08000538   0x00000020   Code   RO        11230    .text               mc_w.l(llushr.o)
    0x08000558   0x08000558   0x00000000   Code   RO        11241    .text               mc_w.l(iusefp.o)
    0x08000558   0x08000558   0x000000ba   Code   RO        11242    .text               mf_w.l(depilogue.o)
    0x08000612   0x08000612   0x00000002   PAD
    0x08000614   0x08000614   0x00000024   Code   RO        11252    .text               mc_w.l(init.o)
    0x08000638   0x08000638   0x0000003a   Code   RO        11268    .text               mc_w.l(__dczerorl.o)
    0x08000672   0x08000672   0x00000002   Code   RO          837    i.BusFault_Handler  stm32f4xx_it.o
    0x08000674   0x08000674   0x00000018   Code   RO         2488    i.DCMI_DMAError     stm32f4xx_hal_dcmi.o
    0x0800068c   0x0800068c   0x0000000c   Code   RO          838    i.DCMI_IRQHandler   stm32f4xx_it.o
    0x08000698   0x08000698   0x00000020   Code   RO          601    i.DCMI_Start        dcmi.o
    0x080006b8   0x080006b8   0x00000020   Code   RO          602    i.DCMI_Stop         dcmi.o
    0x080006d8   0x080006d8   0x0000009c   Code   RO          603    i.DMA2_Stream1_IRQHandler  dcmi.o
    0x08000774   0x08000774   0x00000028   Code   RO         1815    i.DMA_CalcBaseAndBitshift  stm32f4xx_hal_dma.o
    0x0800079c   0x0800079c   0x00000054   Code   RO         1816    i.DMA_CheckFifoParam  stm32f4xx_hal_dma.o
    0x080007f0   0x080007f0   0x0000001e   Code   RO         1774    i.DMA_MultiBufferSetConfig  stm32f4xx_hal_dma_ex.o
    0x0800080e   0x0800080e   0x00000002   Code   RO          839    i.DebugMon_Handler  stm32f4xx_it.o
    0x08000810   0x08000810   0x00000020   Code   RO         1203    i.ETH_Delay         stm32f4xx_hal_eth.o
    0x08000830   0x08000830   0x0000002e   Code   RO         1204    i.ETH_FlushTransmitFIFO  stm32f4xx_hal_eth.o
    0x0800085e   0x0800085e   0x00000002   PAD
    0x08000860   0x08000860   0x0000000c   Code   RO          840    i.ETH_IRQHandler    stm32f4xx_it.o
    0x0800086c   0x0800086c   0x0000012c   Code   RO         1205    i.ETH_MACDMAConfig  stm32f4xx_hal_eth.o
    0x08000998   0x08000998   0x00000004   Code   RO           13    i.Error_Handler     main.o
    0x0800099c   0x0800099c   0x00000040   Code   RO         2662    i.FSMC_NORSRAM_Extended_Timing_Init  stm32f4xx_ll_fsmc.o
    0x080009dc   0x080009dc   0x00000054   Code   RO         2663    i.FSMC_NORSRAM_Init  stm32f4xx_ll_fsmc.o
    0x08000a30   0x08000a30   0x00000044   Code   RO         2664    i.FSMC_NORSRAM_Timing_Init  stm32f4xx_ll_fsmc.o
    0x08000a74   0x08000a74   0x00000148   Code   RO         9966    i.Get_Dist          hc_sr04.o
    0x08000bbc   0x08000bbc   0x00000002   Code   RO         2495    i.HAL_DCMI_ErrorCallback  stm32f4xx_hal_dcmi.o
    0x08000bbe   0x08000bbe   0x00000002   PAD
    0x08000bc0   0x08000bc0   0x00000034   Code   RO          604    i.HAL_DCMI_FrameEventCallback  dcmi.o
    0x08000bf4   0x08000bf4   0x00000098   Code   RO         2499    i.HAL_DCMI_IRQHandler  stm32f4xx_hal_dcmi.o
    0x08000c8c   0x08000c8c   0x0000007c   Code   RO         2630    i.HAL_DCMI_Init     stm32f4xx_hal_dcmi_ex.o
    0x08000d08   0x08000d08   0x00000002   Code   RO         2501    i.HAL_DCMI_LineEventCallback  stm32f4xx_hal_dcmi.o
    0x08000d0a   0x08000d0a   0x00000002   PAD
    0x08000d0c   0x08000d0c   0x000001a0   Code   RO          606    i.HAL_DCMI_MspInit  dcmi.o
    0x08000eac   0x08000eac   0x00000002   Code   RO         2508    i.HAL_DCMI_VsyncEventCallback  stm32f4xx_hal_dcmi.o
    0x08000eae   0x08000eae   0x00000064   Code   RO         1776    i.HAL_DMAEx_MultiBufferStart  stm32f4xx_hal_dma_ex.o
    0x08000f12   0x08000f12   0x00000024   Code   RO         1819    i.HAL_DMA_Abort_IT  stm32f4xx_hal_dma.o
    0x08000f36   0x08000f36   0x00000002   PAD
    0x08000f38   0x08000f38   0x000001a0   Code   RO         1823    i.HAL_DMA_IRQHandler  stm32f4xx_hal_dma.o
    0x080010d8   0x080010d8   0x000000d4   Code   RO         1824    i.HAL_DMA_Init      stm32f4xx_hal_dma.o
    0x080011ac   0x080011ac   0x00000024   Code   RO         2237    i.HAL_Delay         stm32f4xx_hal.o
    0x080011d0   0x080011d0   0x00000130   Code   RO         1207    i.HAL_ETH_ConfigMAC  stm32f4xx_hal_eth.o
    0x08001300   0x08001300   0x00000072   Code   RO         1208    i.HAL_ETH_DMARxDescListInit  stm32f4xx_hal_eth.o
    0x08001372   0x08001372   0x00000078   Code   RO         1209    i.HAL_ETH_DMATxDescListInit  stm32f4xx_hal_eth.o
    0x080013ea   0x080013ea   0x00000002   Code   RO         1211    i.HAL_ETH_ErrorCallback  stm32f4xx_hal_eth.o
    0x080013ec   0x080013ec   0x00000088   Code   RO         1213    i.HAL_ETH_GetReceivedFrame_IT  stm32f4xx_hal_eth.o
    0x08001474   0x08001474   0x0000007a   Code   RO         1215    i.HAL_ETH_IRQHandler  stm32f4xx_hal_eth.o
    0x080014ee   0x080014ee   0x00000002   PAD
    0x080014f0   0x080014f0   0x000001e8   Code   RO         1216    i.HAL_ETH_Init      stm32f4xx_hal_eth.o
    0x080016d8   0x080016d8   0x00000108   Code   RO         1006    i.HAL_ETH_MspInit   ethernetif.o
    0x080017e0   0x080017e0   0x00000082   Code   RO         1219    i.HAL_ETH_ReadPHYRegister  stm32f4xx_hal_eth.o
    0x08001862   0x08001862   0x00000002   PAD
    0x08001864   0x08001864   0x0000000c   Code   RO         1007    i.HAL_ETH_RxCpltCallback  ethernetif.o
    0x08001870   0x08001870   0x00000084   Code   RO         1221    i.HAL_ETH_Start     stm32f4xx_hal_eth.o
    0x080018f4   0x080018f4   0x00000084   Code   RO         1222    i.HAL_ETH_Stop      stm32f4xx_hal_eth.o
    0x08001978   0x08001978   0x00000108   Code   RO         1223    i.HAL_ETH_TransmitFrame  stm32f4xx_hal_eth.o
    0x08001a80   0x08001a80   0x00000002   Code   RO         1224    i.HAL_ETH_TxCpltCallback  stm32f4xx_hal_eth.o
    0x08001a82   0x08001a82   0x00000076   Code   RO         1225    i.HAL_ETH_WritePHYRegister  stm32f4xx_hal_eth.o
    0x08001af8   0x08001af8   0x000000a8   Code   RO          693    i.HAL_FSMC_MspInit  fsmc.o
    0x08001ba0   0x08001ba0   0x000001b4   Code   RO         1711    i.HAL_GPIO_Init     stm32f4xx_hal_gpio.o
    0x08001d54   0x08001d54   0x0000000a   Code   RO         1715    i.HAL_GPIO_WritePin  stm32f4xx_hal_gpio.o
    0x08001d5e   0x08001d5e   0x00000002   PAD
    0x08001d60   0x08001d60   0x0000000c   Code   RO         2243    i.HAL_GetTick       stm32f4xx_hal.o
    0x08001d6c   0x08001d6c   0x00000010   Code   RO         2249    i.HAL_IncTick       stm32f4xx_hal.o
    0x08001d7c   0x08001d7c   0x00000034   Code   RO         2250    i.HAL_Init          stm32f4xx_hal.o
    0x08001db0   0x08001db0   0x00000074   Code   RO          966    i.HAL_InitTick      stm32f4xx_hal_timebase_tim.o
    0x08001e24   0x08001e24   0x00000038   Code   RO          942    i.HAL_MspInit       stm32f4xx_hal_msp.o
    0x08001e5c   0x08001e5c   0x0000001a   Code   RO         2100    i.HAL_NVIC_EnableIRQ  stm32f4xx_hal_cortex.o
    0x08001e76   0x08001e76   0x00000002   PAD
    0x08001e78   0x08001e78   0x00000040   Code   RO         2106    i.HAL_NVIC_SetPriority  stm32f4xx_hal_cortex.o
    0x08001eb8   0x08001eb8   0x00000024   Code   RO         2107    i.HAL_NVIC_SetPriorityGrouping  stm32f4xx_hal_cortex.o
    0x08001edc   0x08001edc   0x00000134   Code   RO         1357    i.HAL_RCC_ClockConfig  stm32f4xx_hal_rcc.o
    0x08002010   0x08002010   0x00000040   Code   RO         1361    i.HAL_RCC_GetClockConfig  stm32f4xx_hal_rcc.o
    0x08002050   0x08002050   0x0000000c   Code   RO         1362    i.HAL_RCC_GetHCLKFreq  stm32f4xx_hal_rcc.o
    0x0800205c   0x0800205c   0x00000020   Code   RO         1364    i.HAL_RCC_GetPCLK1Freq  stm32f4xx_hal_rcc.o
    0x0800207c   0x0800207c   0x00000020   Code   RO         1365    i.HAL_RCC_GetPCLK2Freq  stm32f4xx_hal_rcc.o
    0x0800209c   0x0800209c   0x00000060   Code   RO         1366    i.HAL_RCC_GetSysClockFreq  stm32f4xx_hal_rcc.o
    0x080020fc   0x080020fc   0x00000348   Code   RO         1369    i.HAL_RCC_OscConfig  stm32f4xx_hal_rcc.o
    0x08002444   0x08002444   0x00000056   Code   RO         2784    i.HAL_SRAM_Init     stm32f4xx_hal_sram.o
    0x0800249a   0x0800249a   0x00000004   Code   RO          695    i.HAL_SRAM_MspInit  fsmc.o
    0x0800249e   0x0800249e   0x00000002   Code   RO         3577    i.HAL_TIMEx_BreakCallback  stm32f4xx_hal_tim_ex.o
    0x080024a0   0x080024a0   0x00000002   Code   RO         3578    i.HAL_TIMEx_CommutCallback  stm32f4xx_hal_tim_ex.o
    0x080024a2   0x080024a2   0x00000002   PAD
    0x080024a4   0x080024a4   0x00000090   Code   RO         3595    i.HAL_TIMEx_MasterConfigSynchronization  stm32f4xx_hal_tim_ex.o
    0x08002534   0x08002534   0x00000036   Code   RO         2902    i.HAL_TIM_Base_Init  stm32f4xx_hal_tim.o
    0x0800256a   0x0800256a   0x00000002   PAD
    0x0800256c   0x0800256c   0x000000c0   Code   RO          742    i.HAL_TIM_Base_MspInit  tim.o
    0x0800262c   0x0800262c   0x00000024   Code   RO         2905    i.HAL_TIM_Base_Start  stm32f4xx_hal_tim.o
    0x08002650   0x08002650   0x00000022   Code   RO         2907    i.HAL_TIM_Base_Start_IT  stm32f4xx_hal_tim.o
    0x08002672   0x08002672   0x000000d6   Code   RO         2911    i.HAL_TIM_ConfigClockSource  stm32f4xx_hal_tim.o
    0x08002748   0x08002748   0x00000128   Code   RO         9967    i.HAL_TIM_IC_CaptureCallback  hc_sr04.o
    0x08002870   0x08002870   0x0000011c   Code   RO         2933    i.HAL_TIM_IC_ConfigChannel  stm32f4xx_hal_tim.o
    0x0800298c   0x0800298c   0x00000036   Code   RO         2936    i.HAL_TIM_IC_Init   stm32f4xx_hal_tim.o
    0x080029c2   0x080029c2   0x00000002   Code   RO         2938    i.HAL_TIM_IC_MspInit  stm32f4xx_hal_tim.o
    0x080029c4   0x080029c4   0x00000056   Code   RO         2941    i.HAL_TIM_IC_Start_IT  stm32f4xx_hal_tim.o
    0x08002a1a   0x08002a1a   0x00000166   Code   RO         2945    i.HAL_TIM_IRQHandler  stm32f4xx_hal_tim.o
    0x08002b80   0x08002b80   0x00000050   Code   RO          743    i.HAL_TIM_MspPostInit  tim.o
    0x08002bd0   0x08002bd0   0x00000002   Code   RO         2948    i.HAL_TIM_OC_DelayElapsedCallback  stm32f4xx_hal_tim.o
    0x08002bd2   0x08002bd2   0x000000d0   Code   RO         2969    i.HAL_TIM_PWM_ConfigChannel  stm32f4xx_hal_tim.o
    0x08002ca2   0x08002ca2   0x00000036   Code   RO         2972    i.HAL_TIM_PWM_Init  stm32f4xx_hal_tim.o
    0x08002cd8   0x08002cd8   0x00000002   Code   RO         2974    i.HAL_TIM_PWM_MspInit  stm32f4xx_hal_tim.o
    0x08002cda   0x08002cda   0x00000002   Code   RO         2975    i.HAL_TIM_PWM_PulseFinishedCallback  stm32f4xx_hal_tim.o
    0x08002cdc   0x08002cdc   0x00000044   Code   RO         2977    i.HAL_TIM_PWM_Start  stm32f4xx_hal_tim.o
    0x08002d20   0x08002d20   0x0000007c   Code   RO           14    i.HAL_TIM_PeriodElapsedCallback  main.o
    0x08002d9c   0x08002d9c   0x0000002a   Code   RO         2985    i.HAL_TIM_ReadCapturedValue  stm32f4xx_hal_tim.o
    0x08002dc6   0x08002dc6   0x00000002   Code   RO         2988    i.HAL_TIM_TriggerCallback  stm32f4xx_hal_tim.o
    0x08002dc8   0x08002dc8   0x00000062   Code   RO         3853    i.HAL_UART_Init     stm32f4xx_hal_uart.o
    0x08002e2a   0x08002e2a   0x00000002   PAD
    0x08002e2c   0x08002e2c   0x0000006c   Code   RO          796    i.HAL_UART_MspInit  usart.o
    0x08002e98   0x08002e98   0x000000ba   Code   RO         3861    i.HAL_UART_Transmit  stm32f4xx_hal_uart.o
    0x08002f52   0x08002f52   0x00000002   Code   RO          841    i.HardFault_Handler  stm32f4xx_it.o
    0x08002f54   0x08002f54   0x0000006c   Code   RO        10006    i.LCD_Clear         lcd.o
    0x08002fc0   0x08002fc0   0x00000134   Code   RO        10010    i.LCD_Display_Dir   lcd.o
    0x080030f4   0x080030f4   0x00000110   Code   RO        10015    i.LCD_Fast_DrawPoint  lcd.o
    0x08003204   0x08003204   0x0000008c   Code   RO        10016    i.LCD_Fill          lcd.o
    0x08003290   0x08003290   0x00003518   Code   RO        10017    i.LCD_Init          lcd.o
    0x080067a8   0x080067a8   0x00000014   Code   RO        10019    i.LCD_RD_DATA       lcd.o
    0x080067bc   0x080067bc   0x00000014   Code   RO        10021    i.LCD_ReadReg       lcd.o
    0x080067d0   0x080067d0   0x00000050   Code   RO        10022    i.LCD_SSD_BackLightSet  lcd.o
    0x08006820   0x08006820   0x00000204   Code   RO        10023    i.LCD_Scan_Dir      lcd.o
    0x08006a24   0x08006a24   0x00000150   Code   RO        10024    i.LCD_SetCursor     lcd.o
    0x08006b74   0x08006b74   0x0000009c   Code   RO        10026    i.LCD_ShowBMP       lcd.o
    0x08006c10   0x08006c10   0x000000cc   Code   RO        10027    i.LCD_ShowChar      lcd.o
    0x08006cdc   0x08006cdc   0x00000062   Code   RO        10029    i.LCD_ShowString    lcd.o
    0x08006d3e   0x08006d3e   0x00000002   PAD
    0x08006d40   0x08006d40   0x00000090   Code   RO        10030    i.LCD_Show_Graph    lcd.o
    0x08006dd0   0x08006dd0   0x00000018   Code   RO        10032    i.LCD_WR_DATA       lcd.o
    0x08006de8   0x08006de8   0x00000018   Code   RO        10033    i.LCD_WR_REG        lcd.o
    0x08006e00   0x08006e00   0x00000014   Code   RO        10035    i.LCD_WriteRAM_Prepare  lcd.o
    0x08006e14   0x08006e14   0x0000000c   Code   RO        10036    i.LCD_WriteReg      lcd.o
    0x08006e20   0x08006e20   0x00000016   Code   RO        10037    i.LCD_draw_hline    lcd.o
    0x08006e36   0x08006e36   0x00000024   Code   RO        10038    i.LCD_draw_vline    lcd.o
    0x08006e5a   0x08006e5a   0x000000e6   Code   RO        10039    i.LCD_fill_halfcircle  lcd.o
    0x08006f40   0x08006f40   0x00000064   Code   RO        10694    i.LCD_show_messagebox  lcduitask.o
    0x08006fa4   0x08006fa4   0x000000a0   Code   RO        10696    i.LCD_show_percentage  lcduitask.o
    0x08007044   0x08007044   0x00000218   Code   RO        10697    i.LCD_show_percentage_small  lcduitask.o
    0x0800725c   0x0800725c   0x00000050   Code   RO        10778    i.MX996RDrive       litterdroptask.o
    0x080072ac   0x080072ac   0x00000048   Code   RO          607    i.MX_DCMI_Init      dcmi.o
    0x080072f4   0x080072f4   0x0000002c   Code   RO          669    i.MX_DMA_Init       dma.o
    0x08007320   0x08007320   0x00000170   Code   RO          440    i.MX_FREERTOS_Init  freertos.o
    0x08007490   0x08007490   0x000000e0   Code   RO          696    i.MX_FSMC_Init      fsmc.o
    0x08007570   0x08007570   0x00000154   Code   RO          416    i.MX_GPIO_Init      gpio.o
    0x080076c4   0x080076c4   0x0000016c   Code   RO         1136    i.MX_LWIP_Init      lwip.o
    0x08007830   0x08007830   0x000000a4   Code   RO          744    i.MX_TIM2_Init      tim.o
    0x080078d4   0x080078d4   0x000000b4   Code   RO          745    i.MX_TIM3_Init      tim.o
    0x08007988   0x08007988   0x00000038   Code   RO          797    i.MX_USART1_UART_Init  usart.o
    0x080079c0   0x080079c0   0x00000002   Code   RO          842    i.MemManage_Handler  stm32f4xx_it.o
    0x080079c2   0x080079c2   0x00000002   Code   RO          843    i.NMI_Handler       stm32f4xx_it.o
    0x080079c4   0x080079c4   0x00000088   Code   RO        10246    i.OV2640_ImageWin_Set  ov2640.o
    0x08007a4c   0x08007a4c   0x000000d8   Code   RO        10247    i.OV2640_Init       ov2640.o
    0x08007b24   0x08007b24   0x00000040   Code   RO        10248    i.OV2640_JPEG_Mode  ov2640.o
    0x08007b64   0x08007b64   0x00000054   Code   RO        10250    i.OV2640_OutSize_Set  ov2640.o
    0x08007bb8   0x08007bb8   0x00000038   Code   RO        10379    i.SCCB_No_Ack       sccb.o
    0x08007bf0   0x08007bf0   0x00000068   Code   RO        10380    i.SCCB_RD_Byte      sccb.o
    0x08007c58   0x08007c58   0x0000004c   Code   RO        10381    i.SCCB_RD_Reg       sccb.o
    0x08007ca4   0x08007ca4   0x0000002c   Code   RO        10382    i.SCCB_Start        sccb.o
    0x08007cd0   0x08007cd0   0x00000030   Code   RO        10383    i.SCCB_Stop         sccb.o
    0x08007d00   0x08007d00   0x00000084   Code   RO        10384    i.SCCB_WR_Byte      sccb.o
    0x08007d84   0x08007d84   0x0000003e   Code   RO        10385    i.SCCB_WR_Reg       sccb.o
    0x08007dc2   0x08007dc2   0x00000002   PAD
    0x08007dc4   0x08007dc4   0x0000016c   Code   RO        10596    i.StartCommunicateTask  communicatetask.o
    0x08007f30   0x08007f30   0x00000288   Code   RO          441    i.StartDefaultTask  freertos.o
    0x080081b8   0x080081b8   0x000000e4   Code   RO        10627    i.StartGarbageDetectionTask  garbagedetectiontask.o
    0x0800829c   0x0800829c   0x000001cc   Code   RO        10651    i.StartImageTransmissionTask  imagetransmissiontask.o
    0x08008468   0x08008468   0x00000100   Code   RO        10698    i.StartLCDUITask    lcduitask.o
    0x08008568   0x08008568   0x000001f0   Code   RO        10779    i.StartLitterDropTask  litterdroptask.o
    0x08008758   0x08008758   0x00000044   Code   RO        10808    i.StartMonitorTask  monitortask.o
    0x0800879c   0x0800879c   0x0000010c   Code   RO        10832    i.StartUDPRXTask    udprxtask.o
    0x080088a8   0x080088a8   0x0000036c   Code   RO        10863    i.StartUDPTXTask    udptxtask.o
    0x08008c14   0x08008c14   0x0000002c   Code   RO         9887    i.SysTick_Handler   port.o
    0x08008c40   0x08008c40   0x00000094   Code   RO           15    i.SystemClock_Config  main.o
    0x08008cd4   0x08008cd4   0x0000001c   Code   RO         4155    i.SystemInit        system_stm32f4xx.o
    0x08008cf0   0x08008cf0   0x0000000c   Code   RO          844    i.TIM2_IRQHandler   stm32f4xx_it.o
    0x08008cfc   0x08008cfc   0x0000000c   Code   RO          845    i.TIM3_IRQHandler   stm32f4xx_it.o
    0x08008d08   0x08008d08   0x0000000c   Code   RO          846    i.TIM6_DAC_IRQHandler  stm32f4xx_it.o
    0x08008d14   0x08008d14   0x000000c8   Code   RO         2990    i.TIM_Base_SetConfig  stm32f4xx_hal_tim.o
    0x08008ddc   0x08008ddc   0x0000001a   Code   RO         2991    i.TIM_CCxChannelCmd  stm32f4xx_hal_tim.o
    0x08008df6   0x08008df6   0x00000014   Code   RO         3001    i.TIM_ETR_SetConfig  stm32f4xx_hal_tim.o
    0x08008e0a   0x08008e0a   0x00000010   Code   RO         3002    i.TIM_ITRx_SetConfig  stm32f4xx_hal_tim.o
    0x08008e1a   0x08008e1a   0x00000002   PAD
    0x08008e1c   0x08008e1c   0x00000060   Code   RO         3003    i.TIM_OC1_SetConfig  stm32f4xx_hal_tim.o
    0x08008e7c   0x08008e7c   0x0000006c   Code   RO         3004    i.TIM_OC2_SetConfig  stm32f4xx_hal_tim.o
    0x08008ee8   0x08008ee8   0x00000068   Code   RO         3005    i.TIM_OC3_SetConfig  stm32f4xx_hal_tim.o
    0x08008f50   0x08008f50   0x00000050   Code   RO         3006    i.TIM_OC4_SetConfig  stm32f4xx_hal_tim.o
    0x08008fa0   0x08008fa0   0x00000022   Code   RO         3008    i.TIM_TI1_ConfigInputStage  stm32f4xx_hal_tim.o
    0x08008fc2   0x08008fc2   0x00000002   PAD
    0x08008fc4   0x08008fc4   0x00000080   Code   RO         3009    i.TIM_TI1_SetConfig  stm32f4xx_hal_tim.o
    0x08009044   0x08009044   0x00000024   Code   RO         3010    i.TIM_TI2_ConfigInputStage  stm32f4xx_hal_tim.o
    0x08009068   0x08009068   0x00000036   Code   RO         3011    i.TIM_TI2_SetConfig  stm32f4xx_hal_tim.o
    0x0800909e   0x0800909e   0x00000002   PAD
    0x080090a0   0x080090a0   0x00000068   Code   RO         9968    i.Trig_Send         hc_sr04.o
    0x08009108   0x08009108   0x00000128   Code   RO         3879    i.UART_SetConfig    stm32f4xx_hal_uart.o
    0x08009230   0x08009230   0x00000062   Code   RO         3881    i.UART_WaitOnFlagUntilTimeout  stm32f4xx_hal_uart.o
    0x08009292   0x08009292   0x00000002   Code   RO          847    i.UsageFault_Handler  stm32f4xx_it.o
    0x08009294   0x08009294   0x00000020   Code   RO        11073    i.__0printf$5       mc_w.l(printf5.o)
    0x080092b4   0x080092b4   0x00000020   Code   RO         2113    i.__NVIC_SetPriority  stm32f4xx_hal_cortex.o
    0x080092d4   0x080092d4   0x0000000e   Code   RO        11262    i.__scatterload_copy  mc_w.l(handlers.o)
    0x080092e2   0x080092e2   0x00000002   Code   RO        11263    i.__scatterload_null  mc_w.l(handlers.o)
    0x080092e4   0x080092e4   0x0000000e   Code   RO        11264    i.__scatterload_zeroinit  mc_w.l(handlers.o)
    0x080092f2   0x080092f2   0x00000002   PAD
    0x080092f4   0x080092f4   0x000002c0   Code   RO        11080    i._printf_core      mc_w.l(printf5.o)
    0x080095b4   0x080095b4   0x000000e8   Code   RO         5554    i.alloc_socket      sockets.o
    0x0800969c   0x0800969c   0x00000010   Code   RO        10461    i.delay_init        delay.o
    0x080096ac   0x080096ac   0x00000038   Code   RO        10462    i.delay_ms          delay.o
    0x080096e4   0x080096e4   0x00000034   Code   RO        10463    i.delay_us          delay.o
    0x08009718   0x08009718   0x0000001a   Code   RO        10464    i.delay_xms         delay.o
    0x08009732   0x08009732   0x00000002   PAD
    0x08009734   0x08009734   0x000000a8   Code   RO         6327    i.do_memp_free_pool  memp.o
    0x080097dc   0x080097dc   0x000000b8   Code   RO         6328    i.do_memp_malloc_pool  memp.o
    0x08009894   0x08009894   0x00000098   Code   RO        10699    i.err_UI_callback   lcduitask.o
    0x0800992c   0x0800992c   0x000001c8   Code   RO         5149    i.err_tcp           api_msg.o
    0x08009af4   0x08009af4   0x0000001c   Code   RO         5360    i.err_to_errno      err.o
    0x08009b10   0x08009b10   0x0000002c   Code   RO         7776    i.etharp_cleanup_netif  etharp.o
    0x08009b3c   0x08009b3c   0x0000025c   Code   RO         7778    i.etharp_find_entry  etharp.o
    0x08009d98   0x08009d98   0x00000038   Code   RO         7779    i.etharp_free_entry  etharp.o
    0x08009dd0   0x08009dd0   0x00000108   Code   RO         7781    i.etharp_input      etharp.o
    0x08009ed8   0x08009ed8   0x000001b0   Code   RO         7782    i.etharp_output     etharp.o
    0x0800a088   0x0800a088   0x00000110   Code   RO         7783    i.etharp_output_to_arp_index  etharp.o
    0x0800a198   0x0800a198   0x000001ec   Code   RO         7784    i.etharp_query      etharp.o
    0x0800a384   0x0800a384   0x00000174   Code   RO         7785    i.etharp_raw        etharp.o
    0x0800a4f8   0x0800a4f8   0x0000000c   Code   RO         7786    i.etharp_request    etharp.o
    0x0800a504   0x0800a504   0x00000020   Code   RO         7787    i.etharp_request_dst  etharp.o
    0x0800a524   0x0800a524   0x0000005c   Code   RO         7788    i.etharp_tmr        etharp.o
    0x0800a580   0x0800a580   0x0000011c   Code   RO         7789    i.etharp_update_arp_entry  etharp.o
    0x0800a69c   0x0800a69c   0x000000a4   Code   RO         4721    i.ethernet_input    ethernet.o
    0x0800a740   0x0800a740   0x000000f8   Code   RO         4722    i.ethernet_output   ethernet.o
    0x0800a838   0x0800a838   0x00000090   Code   RO         1008    i.ethernetif_init   ethernetif.o
    0x0800a8c8   0x0800a8c8   0x00000048   Code   RO         1009    i.ethernetif_input  ethernetif.o
    0x0800a910   0x0800a910   0x00000002   Code   RO         1010    i.ethernetif_notify_conn_changed  ethernetif.o
    0x0800a912   0x0800a912   0x00000002   PAD
    0x0800a914   0x0800a914   0x00000040   Code   RO         1011    i.ethernetif_set_link  ethernetif.o
    0x0800a954   0x0800a954   0x000000b0   Code   RO         1012    i.ethernetif_update_config  ethernetif.o
    0x0800aa04   0x0800aa04   0x0000013c   Code   RO         5555    i.event_callback    sockets.o
    0x0800ab40   0x0800ab40   0x0000001c   Code   RO           16    i.fputc             main.o
    0x0800ab5c   0x0800ab5c   0x00000018   Code   RO         5557    i.get_socket        sockets.o
    0x0800ab74   0x0800ab74   0x00000008   Code   RO         7879    i.icmp_dest_unreach  icmp.o
    0x0800ab7c   0x0800ab7c   0x000001e8   Code   RO         7880    i.icmp_input        icmp.o
    0x0800ad64   0x0800ad64   0x00000110   Code   RO         7881    i.icmp_send_response  icmp.o
    0x0800ae74   0x0800ae74   0x00000008   Code   RO         7882    i.icmp_time_exceeded  icmp.o
    0x0800ae7c   0x0800ae7c   0x00000090   Code   RO        10700    i.img_transfer_UI_callback  lcduitask.o
    0x0800af0c   0x0800af0c   0x0000000c   Code   RO         9456    i.inHandlerMode     cmsis_os.o
    0x0800af18   0x0800af18   0x0000002e   Code   RO         7993    i.ip4_addr_isbroadcast_u32  ip4_addr.o
    0x0800af46   0x0800af46   0x00000002   PAD
    0x0800af48   0x0800af48   0x00000264   Code   RO         8062    i.ip4_frag          ip4_frag.o
    0x0800b1ac   0x0800b1ac   0x00000174   Code   RO         7938    i.ip4_input         ip4.o
    0x0800b320   0x0800b320   0x0000002c   Code   RO         7939    i.ip4_input_accept  ip4.o
    0x0800b34c   0x0800b34c   0x0000001e   Code   RO         7941    i.ip4_output_if     ip4.o
    0x0800b36a   0x0800b36a   0x00000002   PAD
    0x0800b36c   0x0800b36c   0x00000178   Code   RO         7942    i.ip4_output_if_src  ip4.o
    0x0800b4e4   0x0800b4e4   0x0000029c   Code   RO         8063    i.ip4_reass         ip4_frag.o
    0x0800b780   0x0800b780   0x00000060   Code   RO         7943    i.ip4_route         ip4.o
    0x0800b7e0   0x0800b7e0   0x00000090   Code   RO         8064    i.ip_frag_free_pbuf_custom_ref  ip4_frag.o
    0x0800b870   0x0800b870   0x00000248   Code   RO         8065    i.ip_reass_chain_frag_into_datagram_and_validate  ip4_frag.o
    0x0800bab8   0x0800bab8   0x000000bc   Code   RO         8066    i.ip_reass_dequeue_datagram  ip4_frag.o
    0x0800bb74   0x0800bb74   0x00000198   Code   RO         8067    i.ip_reass_free_complete_datagram  ip4_frag.o
    0x0800bd0c   0x0800bd0c   0x00000084   Code   RO         8068    i.ip_reass_remove_oldest_datagram  ip4_frag.o
    0x0800bd90   0x0800bd90   0x0000002c   Code   RO         8069    i.ip_reass_tmr      ip4_frag.o
    0x0800bdbc   0x0800bdbc   0x00000098   Code   RO         8070    i.ipfrag_free_pbuf_custom  ip4_frag.o
    0x0800be54   0x0800be54   0x000000e4   Code   RO        10652    i.jpeg_data_process  imagetransmissiontask.o
    0x0800bf38   0x0800bf38   0x00000068   Code   RO        10653    i.jpeg_dcmi_rx_callback  imagetransmissiontask.o
    0x0800bfa0   0x0800bfa0   0x00000154   Code   RO        10701    i.litter_drop_UI_callback  lcduitask.o
    0x0800c0f4   0x0800c0f4   0x00000100   Code   RO         1013    i.low_level_init    ethernetif.o
    0x0800c1f4   0x0800c1f4   0x000000bc   Code   RO         1014    i.low_level_input   ethernetif.o
    0x0800c2b0   0x0800c2b0   0x000000a8   Code   RO         1015    i.low_level_output  ethernetif.o
    0x0800c358   0x0800c358   0x000000dc   Code   RO         5559    i.lwip_bind         sockets.o
    0x0800c434   0x0800c434   0x00000040   Code   RO         7520    i.lwip_cyclic_timer  timeouts.o
    0x0800c474   0x0800c474   0x00000004   Code   RO         6044    i.lwip_htonl        def.o
    0x0800c478   0x0800c478   0x00000004   Code   RO         6045    i.lwip_htons        def.o
    0x0800c47c   0x0800c47c   0x00000022   Code   RO         6189    i.lwip_init         init.o
    0x0800c49e   0x0800c49e   0x00000036   Code   RO         5150    i.lwip_netconn_do_bind  api_msg.o
    0x0800c4d4   0x0800c4d4   0x00000138   Code   RO         5152    i.lwip_netconn_do_close  api_msg.o
    0x0800c60c   0x0800c60c   0x000002c4   Code   RO         5153    i.lwip_netconn_do_close_internal  api_msg.o
    0x0800c8d0   0x0800c8d0   0x00000198   Code   RO         5156    i.lwip_netconn_do_delconn  api_msg.o
    0x0800ca68   0x0800ca68   0x000000e4   Code   RO         5158    i.lwip_netconn_do_getaddr  api_msg.o
    0x0800cb4c   0x0800cb4c   0x00000012   Code   RO         5160    i.lwip_netconn_do_newconn  api_msg.o
    0x0800cb5e   0x0800cb5e   0x00000044   Code   RO         5161    i.lwip_netconn_do_recv  api_msg.o
    0x0800cba2   0x0800cba2   0x00000042   Code   RO         5162    i.lwip_netconn_do_send  api_msg.o
    0x0800cbe4   0x0800cbe4   0x0000014c   Code   RO         5163    i.lwip_netconn_do_write  api_msg.o
    0x0800cd30   0x0800cd30   0x00000384   Code   RO         5164    i.lwip_netconn_do_writemore  api_msg.o
    0x0800d0b4   0x0800d0b4   0x000000a8   Code   RO         5165    i.lwip_netconn_err_to_msg  api_msg.o
    0x0800d15c   0x0800d15c   0x000000ac   Code   RO         5166    i.lwip_netconn_is_err_msg  api_msg.o
    0x0800d208   0x0800d208   0x0000020c   Code   RO         5578    i.lwip_recv_tcp     sockets.o
    0x0800d414   0x0800d414   0x000000d0   Code   RO         5579    i.lwip_recvfrom     sockets.o
    0x0800d4e4   0x0800d4e4   0x00000184   Code   RO         5580    i.lwip_recvfrom_udp_raw  sockets.o
    0x0800d668   0x0800d668   0x00000074   Code   RO         5584    i.lwip_send         sockets.o
    0x0800d6dc   0x0800d6dc   0x0000014c   Code   RO         5586    i.lwip_sendto       sockets.o
    0x0800d828   0x0800d828   0x00000118   Code   RO         5590    i.lwip_sock_make_addr  sockets.o
    0x0800d940   0x0800d940   0x00000068   Code   RO         5591    i.lwip_socket       sockets.o
    0x0800d9a8   0x0800d9a8   0x00000034   Code   RO           17    i.main              main.o
    0x0800d9dc   0x0800d9dc   0x0000000c   Code   RO         9458    i.makeFreeRtosPriority  cmsis_os.o
    0x0800d9e8   0x0800d9e8   0x000001cc   Code   RO         6261    i.mem_free          mem.o
    0x0800dbb4   0x0800dbb4   0x000000c8   Code   RO         6262    i.mem_init          mem.o
    0x0800dc7c   0x0800dc7c   0x00000250   Code   RO         6263    i.mem_malloc        mem.o
    0x0800decc   0x0800decc   0x00000010   Code   RO         6264    i.mem_to_ptr        mem.o
    0x0800dedc   0x0800dedc   0x000001e8   Code   RO         6265    i.mem_trim          mem.o
    0x0800e0c4   0x0800e0c4   0x0000009c   Code   RO         6329    i.memp_free         memp.o
    0x0800e160   0x0800e160   0x0000001c   Code   RO         6331    i.memp_init         memp.o
    0x0800e17c   0x0800e17c   0x0000002a   Code   RO         6332    i.memp_init_pool    memp.o
    0x0800e1a6   0x0800e1a6   0x00000002   PAD
    0x0800e1a8   0x0800e1a8   0x000000a4   Code   RO         6333    i.memp_malloc       memp.o
    0x0800e24c   0x0800e24c   0x0000004c   Code   RO        10514    i.my_mem_init       malloc.o
    0x0800e298   0x0800e298   0x0000008c   Code   RO        10515    i.my_mem_malloc     malloc.o
    0x0800e324   0x0800e324   0x00000038   Code   RO        10516    i.my_mem_perused    malloc.o
    0x0800e35c   0x0800e35c   0x00000020   Code   RO        10518    i.mymalloc          malloc.o
    0x0800e37c   0x0800e37c   0x0000000c   Code   RO        10520    i.mymemset          malloc.o
    0x0800e388   0x0800e388   0x00000022   Code   RO         5436    i.netbuf_delete     netbuf.o
    0x0800e3aa   0x0800e3aa   0x00000002   PAD
    0x0800e3ac   0x0800e3ac   0x000000a0   Code   RO         5438    i.netbuf_free       netbuf.o
    0x0800e44c   0x0800e44c   0x000000c4   Code   RO         5441    i.netbuf_ref        netbuf.o
    0x0800e510   0x0800e510   0x00000104   Code   RO         5167    i.netconn_alloc     api_msg.o
    0x0800e614   0x0800e614   0x0000001c   Code   RO         4922    i.netconn_apimsg    api_lib.o
    0x0800e630   0x0800e630   0x000000b8   Code   RO         4923    i.netconn_bind      api_lib.o
    0x0800e6e8   0x0800e6e8   0x000000b0   Code   RO         4926    i.netconn_close_shutdown  api_lib.o
    0x0800e798   0x0800e798   0x0000001e   Code   RO         4928    i.netconn_delete    api_lib.o
    0x0800e7b6   0x0800e7b6   0x0000009c   Code   RO         5168    i.netconn_drain     api_msg.o
    0x0800e852   0x0800e852   0x0000001e   Code   RO         4930    i.netconn_err       api_lib.o
    0x0800e870   0x0800e870   0x0000016c   Code   RO         5169    i.netconn_free      api_msg.o
    0x0800e9dc   0x0800e9dc   0x0000010c   Code   RO         4931    i.netconn_getaddr   api_lib.o
    0x0800eae8   0x0800eae8   0x00000178   Code   RO         4933    i.netconn_new_with_proto_and_callback  api_lib.o
    0x0800ec60   0x0800ec60   0x00000020   Code   RO         4934    i.netconn_prepare_delete  api_lib.o
    0x0800ec80   0x0800ec80   0x00000188   Code   RO         4936    i.netconn_recv_data  api_lib.o
    0x0800ee08   0x0800ee08   0x00000092   Code   RO         4937    i.netconn_recv_data_tcp  api_lib.o
    0x0800ee9a   0x0800ee9a   0x00000002   PAD
    0x0800ee9c   0x0800ee9c   0x000000ac   Code   RO         4939    i.netconn_recv_tcp_pbuf_flags  api_lib.o
    0x0800ef48   0x0800ef48   0x000000b4   Code   RO         4941    i.netconn_recv_udp_raw_netbuf_flags  api_lib.o
    0x0800effc   0x0800effc   0x000000a8   Code   RO         4942    i.netconn_send      api_lib.o
    0x0800f0a4   0x0800f0a4   0x000000b0   Code   RO         4945    i.netconn_tcp_recvd  api_lib.o
    0x0800f154   0x0800f154   0x000000b8   Code   RO         4946    i.netconn_tcp_recvd_msg  api_lib.o
    0x0800f20c   0x0800f20c   0x00000014   Code   RO         4947    i.netconn_write_partly  api_lib.o
    0x0800f220   0x0800f220   0x0000018c   Code   RO         4948    i.netconn_write_vectors_partly  api_lib.o
    0x0800f3ac   0x0800f3ac   0x000001d8   Code   RO         6486    i.netif_add         netif.o
    0x0800f584   0x0800f584   0x00000016   Code   RO         6488    i.netif_do_ip_addr_changed  netif.o
    0x0800f59a   0x0800f59a   0x00000016   Code   RO         6489    i.netif_do_set_gw   netif.o
    0x0800f5b0   0x0800f5b0   0x000000c4   Code   RO         6490    i.netif_do_set_ipaddr  netif.o
    0x0800f674   0x0800f674   0x00000016   Code   RO         6491    i.netif_do_set_netmask  netif.o
    0x0800f68a   0x0800f68a   0x00000002   PAD
    0x0800f68c   0x0800f68c   0x00000024   Code   RO         6493    i.netif_get_by_index  netif.o
    0x0800f6b0   0x0800f6b0   0x00000002   Code   RO         6495    i.netif_init        netif.o
    0x0800f6b2   0x0800f6b2   0x00000002   PAD
    0x0800f6b4   0x0800f6b4   0x000000c0   Code   RO         6497    i.netif_issue_reports  netif.o
    0x0800f774   0x0800f774   0x00000006   Code   RO         6499    i.netif_null_output_ip4  netif.o
    0x0800f77a   0x0800f77a   0x00000002   PAD
    0x0800f77c   0x0800f77c   0x00000060   Code   RO         6501    i.netif_set_addr    netif.o
    0x0800f7dc   0x0800f7dc   0x0000000c   Code   RO         6502    i.netif_set_default  netif.o
    0x0800f7e8   0x0800f7e8   0x000000a8   Code   RO         6503    i.netif_set_down    netif.o
    0x0800f890   0x0800f890   0x00000008   Code   RO         6506    i.netif_set_link_callback  netif.o
    0x0800f898   0x0800f898   0x000000ac   Code   RO         6507    i.netif_set_link_down  netif.o
    0x0800f944   0x0800f944   0x000000c0   Code   RO         6508    i.netif_set_link_up  netif.o
    0x0800fa04   0x0800fa04   0x000000a0   Code   RO         6510    i.netif_set_up      netif.o
    0x0800faa4   0x0800faa4   0x0000000e   Code   RO         9460    i.osDelay           cmsis_os.o
    0x0800fab2   0x0800fab2   0x0000000a   Code   RO         9463    i.osKernelStart     cmsis_os.o
    0x0800fabc   0x0800fabc   0x00000018   Code   RO         9464    i.osKernelSysTick   cmsis_os.o
    0x0800fad4   0x0800fad4   0x00000008   Code   RO         9472    i.osMessageCreate   cmsis_os.o
    0x0800fadc   0x0800fadc   0x00000018   Code   RO         9473    i.osMessageDelete   cmsis_os.o
    0x0800faf4   0x0800faf4   0x00000094   Code   RO         9474    i.osMessageGet      cmsis_os.o
    0x0800fb88   0x0800fb88   0x0000005c   Code   RO         9476    i.osMessagePut      cmsis_os.o
    0x0800fbe4   0x0800fbe4   0x0000001e   Code   RO         9477    i.osMessageWaiting  cmsis_os.o
    0x0800fc02   0x0800fc02   0x00000006   Code   RO         9478    i.osMutexCreate     cmsis_os.o
    0x0800fc08   0x0800fc08   0x00000050   Code   RO         9480    i.osMutexRelease    cmsis_os.o
    0x0800fc58   0x0800fc58   0x00000064   Code   RO         9481    i.osMutexWait       cmsis_os.o
    0x0800fcbc   0x0800fcbc   0x0000002c   Code   RO         9489    i.osSemaphoreCreate  cmsis_os.o
    0x0800fce8   0x0800fce8   0x00000018   Code   RO         9490    i.osSemaphoreDelete  cmsis_os.o
    0x0800fd00   0x0800fd00   0x00000050   Code   RO         9492    i.osSemaphoreRelease  cmsis_os.o
    0x0800fd50   0x0800fd50   0x00000064   Code   RO         9493    i.osSemaphoreWait   cmsis_os.o
    0x0800fdb4   0x0800fdb4   0x0000002e   Code   RO         9497    i.osThreadCreate    cmsis_os.o
    0x0800fde2   0x0800fde2   0x00000006   Code   RO         6674    i.pbuf_add_header   pbuf.o
    0x0800fde8   0x0800fde8   0x000000c0   Code   RO         6676    i.pbuf_add_header_impl  pbuf.o
    0x0800fea8   0x0800fea8   0x00000258   Code   RO         6677    i.pbuf_alloc        pbuf.o
    0x08010100   0x08010100   0x000000b0   Code   RO         6678    i.pbuf_alloc_reference  pbuf.o
    0x080101b0   0x080101b0   0x00000038   Code   RO         6679    i.pbuf_alloced_custom  pbuf.o
    0x080101e8   0x080101e8   0x00000130   Code   RO         6680    i.pbuf_cat          pbuf.o
    0x08010318   0x08010318   0x00000012   Code   RO         6681    i.pbuf_chain        pbuf.o
    0x0801032a   0x0801032a   0x00000012   Code   RO         6682    i.pbuf_clen         pbuf.o
    0x0801033c   0x0801033c   0x0000009c   Code   RO         6683    i.pbuf_clone        pbuf.o
    0x080103d8   0x080103d8   0x000001e0   Code   RO         6685    i.pbuf_copy         pbuf.o
    0x080105b8   0x080105b8   0x00000118   Code   RO         6686    i.pbuf_copy_partial  pbuf.o
    0x080106d0   0x080106d0   0x00000164   Code   RO         6688    i.pbuf_free         pbuf.o
    0x08010834   0x08010834   0x00000032   Code   RO         6689    i.pbuf_free_header  pbuf.o
    0x08010866   0x08010866   0x00000002   PAD
    0x08010868   0x08010868   0x00000034   Code   RO         6690    i.pbuf_free_ooseq_callback  pbuf.o
    0x0801089c   0x0801089c   0x00000006   Code   RO         6694    i.pbuf_header_force  pbuf.o
    0x080108a2   0x080108a2   0x0000000e   Code   RO         6695    i.pbuf_header_impl  pbuf.o
    0x080108b0   0x080108b0   0x0000001c   Code   RO         6696    i.pbuf_init_alloced_pbuf  pbuf.o
    0x080108cc   0x080108cc   0x00000134   Code   RO         6700    i.pbuf_realloc      pbuf.o
    0x08010a00   0x08010a00   0x0000009c   Code   RO         6701    i.pbuf_ref          pbuf.o
    0x08010a9c   0x08010a9c   0x000000d0   Code   RO         6702    i.pbuf_remove_header  pbuf.o
    0x08010b6c   0x08010b6c   0x000000f8   Code   RO         5170    i.pcb_new           api_msg.o
    0x08010c64   0x08010c64   0x000001a0   Code   RO         6266    i.plug_holes        mem.o
    0x08010e04   0x08010e04   0x000000dc   Code   RO         5171    i.poll_tcp          api_msg.o
    0x08010ee0   0x08010ee0   0x00000070   Code   RO         9158    i.prvAddCurrentTaskToDelayedList  tasks.o
    0x08010f50   0x08010f50   0x000000d0   Code   RO         9159    i.prvAddNewTaskToReadyList  tasks.o
    0x08011020   0x08011020   0x00000026   Code   RO         8856    i.prvCopyDataFromQueue  queue.o
    0x08011046   0x08011046   0x0000006c   Code   RO         8857    i.prvCopyDataToQueue  queue.o
    0x080110b2   0x080110b2   0x00000014   Code   RO         9160    i.prvDeleteTCB      tasks.o
    0x080110c6   0x080110c6   0x00000002   PAD
    0x080110c8   0x080110c8   0x0000004c   Code   RO         9825    i.prvHeapInit       heap_4.o
    0x08011114   0x08011114   0x0000005c   Code   RO         9161    i.prvIdleTask       tasks.o
    0x08011170   0x08011170   0x00000098   Code   RO         9162    i.prvInitialiseNewTask  tasks.o
    0x08011208   0x08011208   0x0000004c   Code   RO         9826    i.prvInsertBlockIntoFreeList  heap_4.o
    0x08011254   0x08011254   0x0000001a   Code   RO         8858    i.prvIsQueueEmpty   queue.o
    0x0801126e   0x0801126e   0x00000002   PAD
    0x08011270   0x08011270   0x00000020   Code   RO         9163    i.prvResetNextTaskUnblockTime  tasks.o
    0x08011290   0x08011290   0x00000028   Code   RO         9888    i.prvTaskExitError  port.o
    0x080112b8   0x080112b8   0x00000034   Code   RO         9164    i.prvTaskIsTaskSuspended  tasks.o
    0x080112ec   0x080112ec   0x00000014   Code   RO         8739    i.prvTestWaitCondition  event_groups.o
    0x08011300   0x08011300   0x0000006a   Code   RO         8859    i.prvUnlockQueue    queue.o
    0x0801136a   0x0801136a   0x00000002   PAD
    0x0801136c   0x0801136c   0x0000000c   Code   RO         6267    i.ptr_to_mem        mem.o
    0x08011378   0x08011378   0x000000d8   Code   RO         9827    i.pvPortMalloc      heap_4.o
    0x08011450   0x08011450   0x00000018   Code   RO         9165    i.pvTaskIncrementMutexHeldCount  tasks.o
    0x08011468   0x08011468   0x0000002c   Code   RO         9889    i.pxPortInitialiseStack  port.o
    0x08011494   0x08011494   0x00000184   Code   RO         5172    i.recv_tcp          api_msg.o
    0x08011618   0x08011618   0x00000164   Code   RO         5173    i.recv_udp          api_msg.o
    0x0801177c   0x0801177c   0x000000d4   Code   RO         5599    i.select_check_waiters  sockets.o
    0x08011850   0x08011850   0x000000d0   Code   RO         5174    i.sent_tcp          api_msg.o
    0x08011920   0x08011920   0x00000044   Code   RO         5175    i.setup_tcp         api_msg.o
    0x08011964   0x08011964   0x00000046   Code   RO         8316    i.sys_arch_mbox_fetch  sys_arch.o
    0x080119aa   0x080119aa   0x00000022   Code   RO         8317    i.sys_arch_mbox_tryfetch  sys_arch.o
    0x080119cc   0x080119cc   0x00000018   Code   RO         8318    i.sys_arch_protect  sys_arch.o
    0x080119e4   0x080119e4   0x00000038   Code   RO         8319    i.sys_arch_sem_wait  sys_arch.o
    0x08011a1c   0x08011a1c   0x0000000c   Code   RO         8320    i.sys_arch_unprotect  sys_arch.o
    0x08011a28   0x08011a28   0x00000040   Code   RO         7521    i.sys_check_timeouts  timeouts.o
    0x08011a68   0x08011a68   0x00000018   Code   RO         8321    i.sys_init          sys_arch.o
    0x08011a80   0x08011a80   0x00000014   Code   RO         8322    i.sys_mbox_free     sys_arch.o
    0x08011a94   0x08011a94   0x00000028   Code   RO         8323    i.sys_mbox_new      sys_arch.o
    0x08011abc   0x08011abc   0x00000006   Code   RO         8325    i.sys_mbox_set_invalid  sys_arch.o
    0x08011ac2   0x08011ac2   0x00000014   Code   RO         8326    i.sys_mbox_trypost  sys_arch.o
    0x08011ad6   0x08011ad6   0x0000000a   Code   RO         8328    i.sys_mbox_valid    sys_arch.o
    0x08011ae0   0x08011ae0   0x0000000a   Code   RO         8330    i.sys_mutex_lock    sys_arch.o
    0x08011aea   0x08011aea   0x0000001c   Code   RO         8331    i.sys_mutex_new     sys_arch.o
    0x08011b06   0x08011b06   0x00000006   Code   RO         8332    i.sys_mutex_unlock  sys_arch.o
    0x08011b0c   0x08011b0c   0x00000004   Code   RO         1017    i.sys_now           ethernetif.o
    0x08011b10   0x08011b10   0x00000006   Code   RO         8333    i.sys_sem_free      sys_arch.o
    0x08011b16   0x08011b16   0x0000002a   Code   RO         8334    i.sys_sem_new       sys_arch.o
    0x08011b40   0x08011b40   0x00000006   Code   RO         8335    i.sys_sem_set_invalid  sys_arch.o
    0x08011b46   0x08011b46   0x00000006   Code   RO         8336    i.sys_sem_signal    sys_arch.o
    0x08011b4c   0x08011b4c   0x0000000a   Code   RO         8337    i.sys_sem_valid     sys_arch.o
    0x08011b56   0x08011b56   0x00000030   Code   RO         8338    i.sys_thread_new    sys_arch.o
    0x08011b86   0x08011b86   0x00000002   PAD
    0x08011b88   0x08011b88   0x00000100   Code   RO         7523    i.sys_timeout_abs   timeouts.o
    0x08011c88   0x08011c88   0x000000c8   Code   RO         7524    i.sys_timeout_debug  timeouts.o
    0x08011d50   0x08011d50   0x00000040   Code   RO         7525    i.sys_timeouts_init  timeouts.o
    0x08011d90   0x08011d90   0x00000028   Code   RO         7526    i.sys_timeouts_sleeptime  timeouts.o
    0x08011db8   0x08011db8   0x000001b4   Code   RO        10703    i.system_UI_callback  lcduitask.o
    0x08011f6c   0x08011f6c   0x000001ac   Code   RO         6958    i.tcp_abandon       tcp.o
    0x08012118   0x08012118   0x00000006   Code   RO         6959    i.tcp_abort         tcp.o
    0x0801211e   0x0801211e   0x0000000e   Code   RO         6960    i.tcp_accept        tcp.o
    0x0801212c   0x0801212c   0x00000124   Code   RO         6962    i.tcp_alloc         tcp.o
    0x08012250   0x08012250   0x00000008   Code   RO         6963    i.tcp_arg           tcp.o
    0x08012258   0x08012258   0x00000148   Code   RO         6964    i.tcp_bind          tcp.o
    0x080123a0   0x080123a0   0x000000a0   Code   RO         6966    i.tcp_close         tcp.o
    0x08012440   0x08012440   0x000001dc   Code   RO         6967    i.tcp_close_shutdown  tcp.o
    0x0801261c   0x0801261c   0x000000c4   Code   RO         6968    i.tcp_close_shutdown_fin  tcp.o
    0x080126e0   0x080126e0   0x00000184   Code   RO         7360    i.tcp_create_segment  tcp_out.o
    0x08012864   0x08012864   0x000000b8   Code   RO         6971    i.tcp_eff_send_mss_netif  tcp.o
    0x0801291c   0x0801291c   0x00000234   Code   RO         7361    i.tcp_enqueue_flags  tcp_out.o
    0x08012b50   0x08012b50   0x000000a4   Code   RO         6972    i.tcp_err           tcp.o
    0x08012bf4   0x08012bf4   0x0000006c   Code   RO         6973    i.tcp_fasttmr       tcp.o
    0x08012c60   0x08012c60   0x00000090   Code   RO         6974    i.tcp_free          tcp.o
    0x08012cf0   0x08012cf0   0x00000140   Code   RO         7271    i.tcp_free_acked_segments  tcp_in.o
    0x08012e30   0x08012e30   0x00000014   Code   RO         6975    i.tcp_free_ooseq    tcp.o
    0x08012e44   0x08012e44   0x00000028   Code   RO         7272    i.tcp_get_next_optbyte  tcp_in.o
    0x08012e6c   0x08012e6c   0x00000018   Code   RO         6976    i.tcp_init          tcp.o
    0x08012e84   0x08012e84   0x00000640   Code   RO         7273    i.tcp_input         tcp_in.o
    0x080134c4   0x080134c4   0x000000d4   Code   RO         7274    i.tcp_input_delayed_close  tcp_in.o
    0x08013598   0x08013598   0x000000cc   Code   RO         7362    i.tcp_keepalive     tcp_out.o
    0x08013664   0x08013664   0x000000bc   Code   RO         6977    i.tcp_kill_state    tcp.o
    0x08013720   0x08013720   0x00000070   Code   RO         6978    i.tcp_listen_closed  tcp.o
    0x08013790   0x08013790   0x00000198   Code   RO         7275    i.tcp_listen_input  tcp_in.o
    0x08013928   0x08013928   0x0000004c   Code   RO         6981    i.tcp_netif_ip_addr_changed  tcp.o
    0x08013974   0x08013974   0x000000c0   Code   RO         6982    i.tcp_netif_ip_addr_changed_pcblist  tcp.o
    0x08013a34   0x08013a34   0x00000006   Code   RO         6984    i.tcp_new_ip_type   tcp.o
    0x08013a3a   0x08013a3a   0x00000002   PAD
    0x08013a3c   0x08013a3c   0x0000005c   Code   RO         6985    i.tcp_new_port      tcp.o
    0x08013a98   0x08013a98   0x00000098   Code   RO         6986    i.tcp_next_iss      tcp.o
    0x08013b30   0x08013b30   0x0000010c   Code   RO         7276    i.tcp_oos_insert_segment  tcp_in.o
    0x08013c3c   0x08013c3c   0x000002e4   Code   RO         7363    i.tcp_output        tcp_out.o
    0x08013f20   0x08013f20   0x000000cc   Code   RO         7364    i.tcp_output_alloc_header  tcp_out.o
    0x08013fec   0x08013fec   0x00000110   Code   RO         7365    i.tcp_output_alloc_header_common  tcp_out.o
    0x080140fc   0x080140fc   0x000000e0   Code   RO         7366    i.tcp_output_control_segment  tcp_out.o
    0x080141dc   0x080141dc   0x000000d8   Code   RO         7367    i.tcp_output_fill_options  tcp_out.o
    0x080142b4   0x080142b4   0x000001dc   Code   RO         7368    i.tcp_output_segment  tcp_out.o
    0x08014490   0x08014490   0x000000a8   Code   RO         7369    i.tcp_output_segment_busy  tcp_out.o
    0x08014538   0x08014538   0x000000fc   Code   RO         7277    i.tcp_parseopt      tcp_in.o
    0x08014634   0x08014634   0x00000150   Code   RO         7370    i.tcp_pbuf_prealloc  tcp_out.o
    0x08014784   0x08014784   0x000000cc   Code   RO         6987    i.tcp_pcb_purge     tcp.o
    0x08014850   0x08014850   0x00000190   Code   RO         6988    i.tcp_pcb_remove    tcp.o
    0x080149e0   0x080149e0   0x000000cc   Code   RO         6989    i.tcp_poll          tcp.o
    0x08014aac   0x08014aac   0x000004d6   Code   RO         7278    i.tcp_process       tcp_in.o
    0x08014f82   0x08014f82   0x00000002   PAD
    0x08014f84   0x08014f84   0x00000104   Code   RO         6990    i.tcp_process_refused_data  tcp.o
    0x08015088   0x08015088   0x00000918   Code   RO         7279    i.tcp_receive       tcp_in.o
    0x080159a0   0x080159a0   0x000000a4   Code   RO         6991    i.tcp_recv          tcp.o
    0x08015a44   0x08015a44   0x000000b0   Code   RO         6992    i.tcp_recv_null     tcp.o
    0x08015af4   0x08015af4   0x00000100   Code   RO         6993    i.tcp_recved        tcp.o
    0x08015bf4   0x08015bf4   0x00000058   Code   RO         6994    i.tcp_remove_listener  tcp.o
    0x08015c4c   0x08015c4c   0x000000ec   Code   RO         7371    i.tcp_rexmit        tcp_out.o
    0x08015d38   0x08015d38   0x000000e8   Code   RO         7372    i.tcp_rexmit_fast   tcp_out.o
    0x08015e20   0x08015e20   0x000000a4   Code   RO         7373    i.tcp_rexmit_rto    tcp_out.o
    0x08015ec4   0x08015ec4   0x000000ac   Code   RO         7374    i.tcp_rexmit_rto_commit  tcp_out.o
    0x08015f70   0x08015f70   0x00000100   Code   RO         7375    i.tcp_rexmit_rto_prepare  tcp_out.o
    0x08016070   0x08016070   0x00000010   Code   RO         7376    i.tcp_route         tcp_out.o
    0x08016080   0x08016080   0x00000114   Code   RO         7377    i.tcp_rst           tcp_out.o
    0x08016194   0x08016194   0x000000a8   Code   RO         6995    i.tcp_seg_copy      tcp.o
    0x0801623c   0x0801623c   0x0000001c   Code   RO         6996    i.tcp_seg_free      tcp.o
    0x08016258   0x08016258   0x00000012   Code   RO         6997    i.tcp_segs_free     tcp.o
    0x0801626a   0x0801626a   0x00000002   PAD
    0x0801626c   0x0801626c   0x000000ec   Code   RO         7378    i.tcp_send_empty_ack  tcp_out.o
    0x08016358   0x08016358   0x000000d0   Code   RO         7379    i.tcp_send_fin      tcp_out.o
    0x08016428   0x08016428   0x000000a4   Code   RO         6998    i.tcp_sent          tcp.o
    0x080164cc   0x080164cc   0x000000dc   Code   RO         7000    i.tcp_shutdown      tcp.o
    0x080165a8   0x080165a8   0x000005d4   Code   RO         7001    i.tcp_slowtmr       tcp.o
    0x08016b7c   0x08016b7c   0x00000230   Code   RO         7380    i.tcp_split_unsent_seg  tcp_out.o
    0x08016dac   0x08016dac   0x00000048   Code   RO         7528    i.tcp_timer_needed  timeouts.o
    0x08016df4   0x08016df4   0x00000100   Code   RO         7280    i.tcp_timewait_input  tcp_in.o
    0x08016ef4   0x08016ef4   0x00000020   Code   RO         7003    i.tcp_tmr           tcp.o
    0x08016f14   0x08016f14   0x00000010   Code   RO         7281    i.tcp_trigger_input_pcb_close  tcp_in.o
    0x08016f24   0x08016f24   0x000000f4   Code   RO         7005    i.tcp_update_rcv_ann_wnd  tcp.o
    0x08017018   0x08017018   0x00000758   Code   RO         7381    i.tcp_write         tcp_out.o
    0x08017770   0x08017770   0x00000174   Code   RO         7382    i.tcp_write_checks  tcp_out.o
    0x080178e4   0x080178e4   0x00000148   Code   RO         7383    i.tcp_zero_window_probe  tcp_out.o
    0x08017a2c   0x08017a2c   0x00000110   Code   RO         5875    i.tcpip_init        tcpip.o
    0x08017b3c   0x08017b3c   0x000000c0   Code   RO         5876    i.tcpip_inpkt       tcpip.o
    0x08017bfc   0x08017bfc   0x0000001c   Code   RO         5877    i.tcpip_input       tcpip.o
    0x08017c18   0x08017c18   0x00000020   Code   RO         5878    i.tcpip_send_msg_wait_sem  tcpip.o
    0x08017c38   0x08017c38   0x0000004c   Code   RO         7529    i.tcpip_tcp_timer   timeouts.o
    0x08017c84   0x08017c84   0x000000f4   Code   RO         5879    i.tcpip_thread      tcpip.o
    0x08017d78   0x08017d78   0x000000cc   Code   RO         5880    i.tcpip_thread_handle_msg  tcpip.o
    0x08017e44   0x08017e44   0x000000bc   Code   RO         5881    i.tcpip_try_callback  tcpip.o
    0x08017f00   0x08017f00   0x00000012   Code   RO         5600    i.tryget_socket     sockets.o
    0x08017f12   0x08017f12   0x00000002   PAD
    0x08017f14   0x08017f14   0x00000014   Code   RO         5602    i.tryget_socket_unconn_nouse  sockets.o
    0x08017f28   0x08017f28   0x00000138   Code   RO         7610    i.udp_bind          udp.o
    0x08018060   0x08018060   0x00000018   Code   RO         7615    i.udp_init          udp.o
    0x08018078   0x08018078   0x000001e8   Code   RO         7616    i.udp_input         udp.o
    0x08018260   0x08018260   0x00000110   Code   RO         7617    i.udp_input_local_match  udp.o
    0x08018370   0x08018370   0x00000034   Code   RO         7618    i.udp_netif_ip_addr_changed  udp.o
    0x080183a4   0x080183a4   0x0000001a   Code   RO         7619    i.udp_new           udp.o
    0x080183be   0x080183be   0x00000004   Code   RO         7620    i.udp_new_ip_type   udp.o
    0x080183c2   0x080183c2   0x00000002   PAD
    0x080183c4   0x080183c4   0x00000088   Code   RO         7621    i.udp_recv          udp.o
    0x0801844c   0x0801844c   0x000000b0   Code   RO         7622    i.udp_remove        udp.o
    0x080184fc   0x080184fc   0x000000bc   Code   RO         7623    i.udp_send          udp.o
    0x080185b8   0x080185b8   0x00000114   Code   RO         7624    i.udp_sendto        udp.o
    0x080186cc   0x080186cc   0x00000140   Code   RO         7625    i.udp_sendto_if     udp.o
    0x0801880c   0x0801880c   0x00000248   Code   RO         7626    i.udp_sendto_if_src  udp.o
    0x08018a54   0x08018a54   0x00000026   Code   RO         8819    i.uxListRemove      list.o
    0x08018a7a   0x08018a7a   0x00000024   Code   RO         8860    i.uxQueueMessagesWaiting  queue.o
    0x08018a9e   0x08018a9e   0x00000016   Code   RO         8861    i.uxQueueMessagesWaitingFromISR  queue.o
    0x08018ab4   0x08018ab4   0x00000018   Code   RO         9170    i.uxTaskResetEventItemValue  tasks.o
    0x08018acc   0x08018acc   0x00000016   Code   RO         8820    i.vListInitialise   list.o
    0x08018ae2   0x08018ae2   0x00000006   Code   RO         8821    i.vListInitialiseItem  list.o
    0x08018ae8   0x08018ae8   0x00000030   Code   RO         8822    i.vListInsert       list.o
    0x08018b18   0x08018b18   0x00000018   Code   RO         8823    i.vListInsertEnd    list.o
    0x08018b30   0x08018b30   0x00000040   Code   RO         9891    i.vPortEnterCritical  port.o
    0x08018b70   0x08018b70   0x00000028   Code   RO         9892    i.vPortExitCritical  port.o
    0x08018b98   0x08018b98   0x0000005c   Code   RO         9828    i.vPortFree         heap_4.o
    0x08018bf4   0x08018bf4   0x00000024   Code   RO         9893    i.vPortSetupTimerInterrupt  port.o
    0x08018c18   0x08018c18   0x00000054   Code   RO         9894    i.vPortValidateInterruptPriority  port.o
    0x08018c6c   0x08018c6c   0x00000024   Code   RO         8864    i.vQueueDelete      queue.o
    0x08018c90   0x08018c90   0x00000028   Code   RO         8865    i.vQueueUnregisterQueue  queue.o
    0x08018cb8   0x08018cb8   0x0000004c   Code   RO         9171    i.vTaskDelay        tasks.o
    0x08018d04   0x08018d04   0x00000010   Code   RO         9174    i.vTaskInternalSetTimeOutState  tasks.o
    0x08018d14   0x08018d14   0x0000000c   Code   RO         9175    i.vTaskMissedYield  tasks.o
    0x08018d20   0x08018d20   0x00000030   Code   RO         9177    i.vTaskPlaceOnEventList  tasks.o
    0x08018d50   0x08018d50   0x0000004c   Code   RO         9178    i.vTaskPlaceOnUnorderedEventList  tasks.o
    0x08018d9c   0x08018d9c   0x000000ac   Code   RO         9179    i.vTaskPriorityDisinheritAfterTimeout  tasks.o
    0x08018e48   0x08018e48   0x00000070   Code   RO         9181    i.vTaskRemoveFromUnorderedEventList  tasks.o
    0x08018eb8   0x08018eb8   0x0000007c   Code   RO         9182    i.vTaskResume       tasks.o
    0x08018f34   0x08018f34   0x00000068   Code   RO         9184    i.vTaskStartScheduler  tasks.o
    0x08018f9c   0x08018f9c   0x000000bc   Code   RO         9185    i.vTaskSuspend      tasks.o
    0x08019058   0x08019058   0x00000010   Code   RO         9186    i.vTaskSuspendAll   tasks.o
    0x08019068   0x08019068   0x0000005c   Code   RO         9187    i.vTaskSwitchContext  tasks.o
    0x080190c4   0x080190c4   0x00000040   Code   RO         8743    i.xEventGroupClearBits  event_groups.o
    0x08019104   0x08019104   0x0000001a   Code   RO         8744    i.xEventGroupCreate  event_groups.o
    0x0801911e   0x0801911e   0x0000008c   Code   RO         8746    i.xEventGroupSetBits  event_groups.o
    0x080191aa   0x080191aa   0x00000002   PAD
    0x080191ac   0x080191ac   0x00000108   Code   RO         8748    i.xEventGroupWaitBits  event_groups.o
    0x080192b4   0x080192b4   0x000000f4   Code   RO         9895    i.xPortStartScheduler  port.o
    0x080193a8   0x080193a8   0x0000003a   Code   RO         8866    i.xQueueCreateCountingSemaphore  queue.o
    0x080193e2   0x080193e2   0x00000024   Code   RO         8867    i.xQueueCreateMutex  queue.o
    0x08019406   0x08019406   0x00000048   Code   RO         8868    i.xQueueGenericCreate  queue.o
    0x0801944e   0x0801944e   0x00000002   PAD
    0x08019450   0x08019450   0x00000088   Code   RO         8869    i.xQueueGenericReset  queue.o
    0x080194d8   0x080194d8   0x00000164   Code   RO         8870    i.xQueueGenericSend  queue.o
    0x0801963c   0x0801963c   0x000000bc   Code   RO         8871    i.xQueueGenericSendFromISR  queue.o
    0x080196f8   0x080196f8   0x0000009c   Code   RO         8872    i.xQueueGiveFromISR  queue.o
    0x08019794   0x08019794   0x00000138   Code   RO         8877    i.xQueueReceive     queue.o
    0x080198cc   0x080198cc   0x0000009a   Code   RO         8878    i.xQueueReceiveFromISR  queue.o
    0x08019966   0x08019966   0x00000002   PAD
    0x08019968   0x08019968   0x00000178   Code   RO         8879    i.xQueueSemaphoreTake  queue.o
    0x08019ae0   0x08019ae0   0x00000074   Code   RO         9188    i.xTaskCheckForTimeOut  tasks.o
    0x08019b54   0x08019b54   0x00000056   Code   RO         9189    i.xTaskCreate       tasks.o
    0x08019baa   0x08019baa   0x00000002   PAD
    0x08019bac   0x08019bac   0x0000001c   Code   RO         9193    i.xTaskGetSchedulerState  tasks.o
    0x08019bc8   0x08019bc8   0x0000000c   Code   RO         9194    i.xTaskGetTickCount  tasks.o
    0x08019bd4   0x08019bd4   0x00000010   Code   RO         9195    i.xTaskGetTickCountFromISR  tasks.o
    0x08019be4   0x08019be4   0x000000c8   Code   RO         9196    i.xTaskIncrementTick  tasks.o
    0x08019cac   0x08019cac   0x00000098   Code   RO         9199    i.xTaskPriorityDisinherit  tasks.o
    0x08019d44   0x08019d44   0x00000094   Code   RO         9200    i.xTaskPriorityInherit  tasks.o
    0x08019dd8   0x08019dd8   0x00000074   Code   RO         9201    i.xTaskRemoveFromEventList  tasks.o
    0x08019e4c   0x08019e4c   0x000000c4   Code   RO         9202    i.xTaskResumeAll    tasks.o
    0x08019f10   0x08019f10   0x000000b4   Data   RO          443    .constdata          freertos.o
    0x08019fc4   0x08019fc4   0x00000014   Data   RO         1019    .constdata          ethernetif.o
    0x08019fd8   0x08019fd8   0x00000014   Data   RO         1142    .constdata          lwip.o
    0x08019fec   0x08019fec   0x00000008   Data   RO         1830    .constdata          stm32f4xx_hal_dma.o
    0x08019ff4   0x08019ff4   0x00000010   Data   RO         4156    .constdata          system_stm32f4xx.o
    0x0801a004   0x0801a004   0x00000008   Data   RO         4157    .constdata          system_stm32f4xx.o
    0x0801a00c   0x0801a00c   0x00000006   Data   RO         4723    .constdata          ethernet.o
    0x0801a012   0x0801a012   0x00000006   Data   RO         4724    .constdata          ethernet.o
    0x0801a018   0x0801a018   0x00000003   Data   RO         5176    .constdata          api_msg.o
    0x0801a01b   0x0801a01b   0x00000001   PAD
    0x0801a01c   0x0801a01c   0x00000044   Data   RO         5362    .constdata          err.o
    0x0801a060   0x0801a060   0x00000010   Data   RO         6348    .constdata          memp.o
    0x0801a070   0x0801a070   0x00000010   Data   RO         6349    .constdata          memp.o
    0x0801a080   0x0801a080   0x00000010   Data   RO         6350    .constdata          memp.o
    0x0801a090   0x0801a090   0x00000010   Data   RO         6351    .constdata          memp.o
    0x0801a0a0   0x0801a0a0   0x00000010   Data   RO         6352    .constdata          memp.o
    0x0801a0b0   0x0801a0b0   0x00000010   Data   RO         6353    .constdata          memp.o
    0x0801a0c0   0x0801a0c0   0x00000010   Data   RO         6354    .constdata          memp.o
    0x0801a0d0   0x0801a0d0   0x00000010   Data   RO         6355    .constdata          memp.o
    0x0801a0e0   0x0801a0e0   0x00000010   Data   RO         6356    .constdata          memp.o
    0x0801a0f0   0x0801a0f0   0x00000010   Data   RO         6357    .constdata          memp.o
    0x0801a100   0x0801a100   0x00000010   Data   RO         6358    .constdata          memp.o
    0x0801a110   0x0801a110   0x00000010   Data   RO         6359    .constdata          memp.o
    0x0801a120   0x0801a120   0x00000010   Data   RO         6360    .constdata          memp.o
    0x0801a130   0x0801a130   0x00000034   Data   RO         6361    .constdata          memp.o
    0x0801a164   0x0801a164   0x00000054   Data   RO         7006    .constdata          tcp.o
    0x0801a1b8   0x0801a1b8   0x00000024   Data   RO         7530    .constdata          timeouts.o
    0x0801a1dc   0x0801a1dc   0x00000004   Data   RO         8000    .constdata          ip4_addr.o
    0x0801a1e0   0x0801a1e0   0x0000000c   Data   RO         8339    .constdata          sys_arch.o
    0x0801a1ec   0x0801a1ec   0x000017c0   Data   RO        10042    .constdata          lcd.o
    0x0801b9ac   0x0801b9ac   0x000001c6   Data   RO        10254    .constdata          ov2640.o
    0x0801bb72   0x0801bb72   0x00000002   PAD
    0x0801bb74   0x0801bb74   0x00000024   Data   RO        10528    .constdata          malloc.o
    0x0801bb98   0x0801bb98   0x00001468   Data   RO        10704    .constdata          lcduitask.o
    0x0801d000   0x0801d000   0x0000008c   Data   RO          444    .conststring        freertos.o
    0x0801d08c   0x0801d08c   0x00000006   Data   RO         1020    .conststring        ethernetif.o
    0x0801d092   0x0801d092   0x00000002   PAD
    0x0801d094   0x0801d094   0x00000008   Data   RO         1143    .conststring        lwip.o
    0x0801d09c   0x0801d09c   0x00000008   Data   RO         6362    .conststring        memp.o
    0x0801d0a4   0x0801d0a4   0x00000008   Data   RO         6363    .conststring        memp.o
    0x0801d0ac   0x0801d0ac   0x0000000f   Data   RO         6364    .conststring        memp.o
    0x0801d0bb   0x0801d0bb   0x00000001   PAD
    0x0801d0bc   0x0801d0bc   0x00000008   Data   RO         6365    .conststring        memp.o
    0x0801d0c4   0x0801d0c4   0x0000000a   Data   RO         6366    .conststring        memp.o
    0x0801d0ce   0x0801d0ce   0x00000002   PAD
    0x0801d0d0   0x0801d0d0   0x0000000a   Data   RO         6367    .conststring        memp.o
    0x0801d0da   0x0801d0da   0x00000002   PAD
    0x0801d0dc   0x0801d0dc   0x00000007   Data   RO         6368    .conststring        memp.o
    0x0801d0e3   0x0801d0e3   0x00000001   PAD
    0x0801d0e4   0x0801d0e4   0x00000008   Data   RO         6369    .conststring        memp.o
    0x0801d0ec   0x0801d0ec   0x0000000e   Data   RO         6370    .conststring        memp.o
    0x0801d0fa   0x0801d0fa   0x00000002   PAD
    0x0801d0fc   0x0801d0fc   0x00000010   Data   RO         6371    .conststring        memp.o
    0x0801d10c   0x0801d10c   0x0000000c   Data   RO         6372    .conststring        memp.o
    0x0801d118   0x0801d118   0x0000000d   Data   RO         6373    .conststring        memp.o
    0x0801d125   0x0801d125   0x00000003   PAD
    0x0801d128   0x0801d128   0x0000000a   Data   RO         6374    .conststring        memp.o
    0x0801d132   0x0801d132   0x00000002   PAD
    0x0801d134   0x0801d134   0x0000006d   Data   RO         7007    .conststring        tcp.o
    0x0801d1a1   0x0801d1a1   0x00000003   PAD
    0x0801d1a4   0x0801d1a4   0x00000055   Data   RO         7384    .conststring        tcp_out.o
    0x0801d1f9   0x0801d1f9   0x00000003   PAD
    0x0801d1fc   0x0801d1fc   0x00000021   Data   RO         7532    .conststring        timeouts.o
    0x0801d21d   0x0801d21d   0x00000003   PAD
    0x0801d220   0x0801d220   0x00000041   Data   RO         7791    .conststring        etharp.o
    0x0801d261   0x0801d261   0x00000003   PAD
    0x0801d264   0x0801d264   0x00000020   Data   RO        11260    Region$$Table       anon$$obj.o


    Execution Region RW_IRAM1 (Exec base: 0x20000000, Load base: 0x0801d284, Size: 0x000171a0, Max: 0x00020000, ABSOLUTE, COMPRESSED[0x0000003c])

    Exec Addr    Load Addr    Size         Type   Attr      Idx    E Section Name        Object

    0x20000000   COMPRESSED   0x00000008   Data   RW          445    .data               freertos.o
    0x20000008   COMPRESSED   0x00000044   Data   RW          446    .data               freertos.o
    0x2000004c   COMPRESSED   0x00000004   Data   RW          609    .data               dcmi.o
    0x20000050   COMPRESSED   0x00000008   Data   RW          698    .data               fsmc.o
    0x20000058   COMPRESSED   0x00000004   Data   RW         1021    .data               ethernetif.o
    0x2000005c   COMPRESSED   0x00000024   Data   RW         1144    .data               lwip.o
    0x20000080   COMPRESSED   0x0000000c   Data   RW         2257    .data               stm32f4xx_hal.o
    0x2000008c   COMPRESSED   0x00000004   Data   RW         4158    .data               system_stm32f4xx.o
    0x20000090   COMPRESSED   0x00000004   Data   RW         5604    .data               sockets.o
    0x20000094   COMPRESSED   0x00000010   Data   RW         5882    .data               tcpip.o
    0x200000a4   COMPRESSED   0x00000010   Data   RW         6269    .data               mem.o
    0x200000b4   COMPRESSED   0x00000004   Data   RW         6375    .data               memp.o
    0x200000b8   COMPRESSED   0x00000004   Data   RW         6376    .data               memp.o
    0x200000bc   COMPRESSED   0x00000004   Data   RW         6377    .data               memp.o
    0x200000c0   COMPRESSED   0x00000004   Data   RW         6378    .data               memp.o
    0x200000c4   COMPRESSED   0x00000004   Data   RW         6379    .data               memp.o
    0x200000c8   COMPRESSED   0x00000004   Data   RW         6380    .data               memp.o
    0x200000cc   COMPRESSED   0x00000004   Data   RW         6381    .data               memp.o
    0x200000d0   COMPRESSED   0x00000004   Data   RW         6382    .data               memp.o
    0x200000d4   COMPRESSED   0x00000004   Data   RW         6383    .data               memp.o
    0x200000d8   COMPRESSED   0x00000004   Data   RW         6384    .data               memp.o
    0x200000dc   COMPRESSED   0x00000004   Data   RW         6385    .data               memp.o
    0x200000e0   COMPRESSED   0x00000004   Data   RW         6386    .data               memp.o
    0x200000e4   COMPRESSED   0x00000004   Data   RW         6387    .data               memp.o
    0x200000e8   COMPRESSED   0x0000000c   Data   RW         6511    .data               netif.o
    0x200000f4   COMPRESSED   0x00000001   Data   RW         6709    .data               pbuf.o
    0x200000f5   COMPRESSED   0x00000003   PAD
    0x200000f8   COMPRESSED   0x00000020   Data   RW         7008    .data               tcp.o
    0x20000118   COMPRESSED   0x00000024   Data   RW         7283    .data               tcp_in.o
    0x2000013c   COMPRESSED   0x0000000c   Data   RW         7533    .data               timeouts.o
    0x20000148   COMPRESSED   0x00000008   Data   RW         7627    .data               udp.o
    0x20000150   COMPRESSED   0x00000001   Data   RW         7792    .data               etharp.o
    0x20000151   COMPRESSED   0x00000001   PAD
    0x20000152   COMPRESSED   0x00000002   Data   RW         7944    .data               ip4.o
    0x20000154   COMPRESSED   0x00000008   Data   RW         8071    .data               ip4_frag.o
    0x2000015c   COMPRESSED   0x00000004   Data   RW         8340    .data               sys_arch.o
    0x20000160   COMPRESSED   0x00000004   Data   RW         8341    .data               sys_arch.o
    0x20000164   COMPRESSED   0x0000003c   Data   RW         9205    .data               tasks.o
    0x200001a0   COMPRESSED   0x00000018   Data   RW         9833    .data               heap_4.o
    0x200001b8   COMPRESSED   0x0000000c   Data   RW         9896    .data               port.o
    0x200001c4   COMPRESSED   0x0000000c   Data   RW         9969    .data               hc_sr04.o
    0x200001d0   COMPRESSED   0x00000004   Data   RW        10043    .data               lcd.o
    0x200001d4   COMPRESSED   0x00000004   Data   RW        10465    .data               delay.o
    0x200001d8   COMPRESSED   0x00000024   Data   RW        10529    .data               malloc.o
    0x200001fc   COMPRESSED   0x00000008   Data   RW        10654    .data               imagetransmissiontask.o
    0x20000204   COMPRESSED   0x00000001   Data   RW        10833    .data               udprxtask.o
    0x20000205   COMPRESSED   0x00000003   PAD
    0x20000208   COMPRESSED   0x00000004   Data   RW        10920    .data               mc_w.l(rand.o)
    0x2000020c   COMPRESSED   0x00000004   Data   RW        11225    .data               mc_w.l(stdout.o)
    0x20000210        -       0x00000020   Zero   RW          442    .bss                freertos.o
    0x20000230        -       0x000000a0   Zero   RW          608    .bss                dcmi.o
    0x200002d0        -       0x000000a0   Zero   RW          697    .bss                fsmc.o
    0x20000370        -       0x00000080   Zero   RW          746    .bss                tim.o
    0x200003f0        -       0x00000040   Zero   RW          798    .bss                usart.o
    0x20000430        -       0x00000040   Zero   RW          969    .bss                stm32f4xx_hal_timebase_tim.o
    0x20000470        -       0x000030e8   Zero   RW         1018    .bss                ethernetif.o
    0x20003558        -       0x00000034   Zero   RW         1141    .bss                lwip.o
    0x2000358c        -       0x00000040   Zero   RW         5603    .bss                sockets.o
    0x200035cc        -       0x00000018   Zero   RW         6236    .bss                ip.o
    0x200035e4        -       0x00000653   Zero   RW         6268    .bss                mem.o
    0x20003c37        -       0x00000083   Zero   RW         6335    .bss                memp.o
    0x20003cba        -       0x0000030f   Zero   RW         6336    .bss                memp.o
    0x20003fc9        -       0x000000e3   Zero   RW         6337    .bss                memp.o
    0x200040ac        -       0x00000143   Zero   RW         6338    .bss                memp.o
    0x200041ef        -       0x000000a3   Zero   RW         6339    .bss                memp.o
    0x20004292        -       0x0000016b   Zero   RW         6340    .bss                memp.o
    0x200043fd        -       0x00000023   Zero   RW         6341    .bss                memp.o
    0x20004420        -       0x000000a3   Zero   RW         6342    .bss                memp.o
    0x200044c3        -       0x00000083   Zero   RW         6343    .bss                memp.o
    0x20004546        -       0x00000083   Zero   RW         6344    .bss                memp.o
    0x200045c9        -       0x0000003f   Zero   RW         6345    .bss                memp.o
    0x20004608        -       0x00000103   Zero   RW         6346    .bss                memp.o
    0x2000470b        -       0x00002603   Zero   RW         6347    .bss                memp.o
    0x20006d0e   COMPRESSED   0x00000002   PAD
    0x20006d10        -       0x00000014   Zero   RW         7282    .bss                tcp_in.o
    0x20006d24        -       0x000000f0   Zero   RW         7790    .bss                etharp.o
    0x20006e14        -       0x00000078   Zero   RW         8880    .bss                queue.o
    0x20006e8c        -       0x000000f0   Zero   RW         9204    .bss                tasks.o
    0x20006f7c        -       0x00005000   Zero   RW         9832    .bss                heap_4.o
    0x2000bf7c        -       0x0000000e   Zero   RW        10041    .bss                lcd.o
    0x2000bf8a   COMPRESSED   0x00000016   PAD
    0x2000bfa0        -       0x0000a000   Zero   RW        10526    .bss                malloc.o
    0x20015fa0        -       0x00000a00   Zero   RW        10527    .bss                malloc.o
    0x200169a0        -       0x00000400   Zero   RW        10597    .bss                communicatetask.o
    0x20016da0        -       0x00000400   Zero   RW            1    STACK               startup_stm32f407xx.o



  Load Region LR$$.ARM.__AT_0x10000000 (Base: 0x10000000, Size: 0x00000000, Max: 0x0000f000, ABSOLUTE)

    Execution Region ER$$.ARM.__AT_0x10000000 (Exec base: 0x10000000, Load base: 0x10000000, Size: 0x0000f000, Max: 0x0000f000, ABSOLUTE, UNINIT)

    Exec Addr    Load Addr    Size         Type   Attr      Idx    E Section Name        Object

    0x10000000        -       0x0000f000   Zero   RW        10522    .ARM.__AT_0x10000000  malloc.o



  Load Region LR$$.ARM.__AT_0x1000F000 (Base: 0x1000f000, Size: 0x00000000, Max: 0x00000f00, ABSOLUTE)

    Execution Region ER$$.ARM.__AT_0x1000F000 (Exec base: 0x1000f000, Load base: 0x1000f000, Size: 0x00000f00, Max: 0x00000f00, ABSOLUTE, UNINIT)

    Exec Addr    Load Addr    Size         Type   Attr      Idx    E Section Name        Object

    0x1000f000        -       0x00000f00   Zero   RW        10523    .ARM.__AT_0x1000F000  malloc.o



  Load Region LR$$.ARM.__AT_0x68000000 (Base: 0x68000000, Size: 0x00000000, Max: 0x000f0000, ABSOLUTE)

    Execution Region ER$$.ARM.__AT_0x68000000 (Exec base: 0x68000000, Load base: 0x68000000, Size: 0x000f0000, Max: 0x000f0000, ABSOLUTE, UNINIT)

    Exec Addr    Load Addr    Size         Type   Attr      Idx    E Section Name        Object

    0x68000000        -       0x000f0000   Zero   RW        10524    .ARM.__AT_0x68000000  malloc.o



  Load Region LR$$.ARM.__AT_0x680F0000 (Base: 0x680f0000, Size: 0x00000000, Max: 0x0000f000, ABSOLUTE)

    Execution Region ER$$.ARM.__AT_0x680F0000 (Exec base: 0x680f0000, Load base: 0x680f0000, Size: 0x0000f000, Max: 0x0000f000, ABSOLUTE, UNINIT)

    Exec Addr    Load Addr    Size         Type   Attr      Idx    E Section Name        Object

    0x680f0000        -       0x0000f000   Zero   RW        10525    .ARM.__AT_0x680F0000  malloc.o


==============================================================================

Image component sizes


      Code (inc. data)   RO Data    RW Data    ZI Data      Debug   Object Name

      2958       1692          0          0          0      41565   api_lib.o
      6158       2762          3          0          0      38495   api_msg.o
         0          0          0          0          0       9943   bridgeif.o
       854         28          0          0          0      28738   cmsis_os.o
       364        156          0          0       1024       1340   communicatetask.o
       760        158          0          4        160       4190   dcmi.o
         8          0          0          0          0       1114   def.o
       150         14          0          4          0       2543   delay.o
        44          4          0          0          0        782   dma.o
        28          4         68          0          0       1299   err.o
      2956       1186         65          1        240      12983   etharp.o
       412        154         12          0          0       2738   ethernet.o
      1350        182         26          4      12520       9254   ethernetif.o
       514          6          0          0          0      15510   event_groups.o
      1016        394        320         76         32      21784   freertos.o
       396         36          0          8        160       2422   fsmc.o
       228         80          0          0          0        772   garbagedetectiontask.o
       340         20          0          0          0       1171   gpio.o
       728        162          0         12          0       3118   hc_sr04.o
       460         24          0         24      20480       7419   heap_4.o
       776        350          0          0          0       3794   icmp.o
       792        318          0          8          0       2838   imagetransmissiontask.o
        34          0          0          0          0      10139   init.o
         0          0          0          0         24       3226   ip.o
       918        184          0          2          0       5668   ip4.o
        46          0          4          0          0       8622   ip4_addr.o
      2932       1162          0          8          0      12242   ip4_frag.o
     16362        126       6080          4         14      27173   lcd.o
      2124        582       5224          0          0       6673   lcduitask.o
       138          0          0          0          0       3562   list.o
       576        130          0          0          0       1696   litterdroptask.o
       364         24         28         36         52       2122   lwip.o
       356         34          0          0          0     794413   main.o
       316         38         36         36    1153280       5523   malloc.o
      2184       1042          0         16       1619       7797   mem.o
       742        498        399         52      12503      11088   memp.o
        68         24          0          0          0        559   monitortask.o
       390        240          0          0          0      11447   netbuf.o
      1778        992          0         12          0      16148   netif.o
       500         44        454          0          0       4428   ov2640.o
      3464       1802          0          1          0      18185   pbuf.o
       786         80          0         12          0      11965   port.o
      2256         22          0          0        120      24384   queue.o
       522         36          0          0          0       4583   sccb.o
      2994       1042          0          4         64      36763   sockets.o
        36          8        392          0       1024        840   startup_stm32f407xx.o
       116         18          0         12          0       8738   stm32f4xx_hal.o
       158         14          0          0          0      33138   stm32f4xx_hal_cortex.o
       182          4          0          0          0       3562   stm32f4xx_hal_dcmi.o
       124          0          0          0          0       1116   stm32f4xx_hal_dcmi_ex.o
       788         16          8          0          0       4771   stm32f4xx_hal_dma.o
       130          0          0          0          0       2157   stm32f4xx_hal_dma_ex.o
      2442         74          0          0          0      15135   stm32f4xx_hal_eth.o
       446         46          0          0          0       2524   stm32f4xx_hal_gpio.o
        56          4          0          0          0        874   stm32f4xx_hal_msp.o
      1384         88          0          0          0       6529   stm32f4xx_hal_rcc.o
        86          0          0          0          0       1220   stm32f4xx_hal_sram.o
      2404        118          0          0          0      22938   stm32f4xx_hal_tim.o
       148         28          0          0          0       2549   stm32f4xx_hal_tim_ex.o
       116         16          0          0         64       1431   stm32f4xx_hal_timebase_tim.o
       678          8          0          0          0       4132   stm32f4xx_hal_uart.o
        72         30          0          0          0       8626   stm32f4xx_it.o
       216         12          0          0          0       2711   stm32f4xx_ll_fsmc.o
       478         26         12          8          0      19752   sys_arch.o
        28          6         24          4          0       1167   system_stm32f4xx.o
      2822        226          0         60        240      32600   tasks.o
      7488       3706        193         32          0      41462   tcp.o
      6938       2032          0         36         20      23031   tcp_in.o
      8728       4150         85          0          0      35542   tcp_out.o
      1160        664          0         16          0       8434   tcpip.o
       616         44          0          0        128       3397   tim.o
       836        426         69         12          0       7937   timeouts.o
      2858       1536          0          8          0      13041   udp.o
       268        138          0          1          0        889   udprxtask.o
       876        408          0          0          0       1293   udptxtask.o
       164         22          0          0         64       1722   usart.o

    ----------------------------------------------------------------------
    104066      29700      13564        520    1203856    1555476   Object Totals
         0          0         32          0          0          0   (incl. Generated)
        82          0         30          7         24          0   (incl. Padding)

    ----------------------------------------------------------------------

      Code (inc. data)   RO Data    RW Data    ZI Data      Debug   Library Member Name

        58          0          0          0          0          0   __dczerorl.o
         0          0          0          0          0          0   entry.o
         0          0          0          0          0          0   entry10a.o
         0          0          0          0          0          0   entry11a.o
         4          0          0          0          0          0   entry12b.o
         8          4          0          0          0          0   entry2.o
         4          0          0          0          0          0   entry5.o
         0          0          0          0          0          0   entry7b.o
         0          0          0          0          0          0   entry8b.o
         8          4          0          0          0          0   entry9a.o
        30          0          0          0          0          0   handlers.o
        36          8          0          0          0         68   init.o
         0          0          0          0          0          0   iusefp.o
        98          0          0          0          0         84   ldiv.o
        30          0          0          0          0         68   llshl.o
        32          0          0          0          0         68   llushr.o
        26          0          0          0          0         80   memcmp.o
        64          0          0          0          0         76   memmovea.o
        36          0          0          0          0        108   memseta.o
       736         54          0          0          0        184   printf5.o
        36         10          0          4          0        136   rand.o
         0          0          0          4          0          0   stdout.o
        98          0          0          0          0         92   uldiv.o
       186          0          0          0          0        176   depilogue.o
        50          0          0          0          0         76   dfixui.o
        26          0          0          0          0         76   dfltui.o
       228          0          0          0          0         96   dmul.o

    ----------------------------------------------------------------------
      1798         80          0          8          0       1388   Library Totals
         4          0          0          0          0          0   (incl. Padding)

    ----------------------------------------------------------------------

      Code (inc. data)   RO Data    RW Data    ZI Data      Debug   Library Name

      1304         80          0          8          0        964   mc_w.l
       490          0          0          0          0        424   mf_w.l

    ----------------------------------------------------------------------
      1798         80          0          8          0       1388   Library Totals

    ----------------------------------------------------------------------

==============================================================================


      Code (inc. data)   RO Data    RW Data    ZI Data      Debug   

    105864      29780      13564        528    1203856    1502324   Grand Totals
    105864      29780      13564         60    1203856    1502324   ELF Image Totals (compressed)
    105864      29780      13564         60          0          0   ROM Totals

==============================================================================

    Total RO  Size (Code + RO Data)               119428 ( 116.63kB)
    Total RW  Size (RW Data + ZI Data)           1204384 (1176.16kB)
    Total ROM Size (Code + RO Data + RW Data)     119488 ( 116.69kB)

==============================================================================

