<!doctype html public "-//w3c//dtd html 4.0 transitional//en">
<html><head>
<title>Static Call Graph - [LWIP_Test1\LWIP_Test1.axf]</title></head>
<body><HR>
<H1>Static Call Graph for image LWIP_Test1\LWIP_Test1.axf</H1><HR>
<BR><P>#&#060CALLGRAPH&#062# ARM Linker, 5060960: Last Updated: Sat Jan 16 04:24:36 2021
<BR><P>
<H3>Maximum Stack Usage =        776 bytes + Unknown(Cycles, Untraceable Function Pointers)</H3><H3>
Call chain for Maximum Stack Depth:</H3>
StartDefaultTask &rArr; MX_LWIP_Init &rArr; netif_add &rArr; netif_set_addr &rArr; netif_do_set_ipaddr &rArr; netif_do_ip_addr_changed &rArr; tcp_netif_ip_addr_changed &rArr; tcp_netif_ip_addr_changed_pcblist &rArr; tcp_abort &rArr; tcp_abandon &rArr; tcp_pcb_remove &rArr; tcp_output &rArr; tcp_send_empty_ack &rArr; tcp_output_control_segment &rArr; ip4_output_if &rArr; ip4_output_if_src &rArr; ip4_frag &rArr; pbuf_alloc &rArr; pbuf_alloc_reference &rArr; memp_malloc &rArr; do_memp_malloc_pool &rArr; sys_arch_unprotect &rArr; osMutexRelease &rArr; xQueueGenericSend &rArr; xTaskResumeAll &rArr; xTaskIncrementTick
<P>
<H3>
Mutually Recursive functions
</H3> <LI><a href="#[1e]">ADC_IRQHandler</a>&nbsp;&nbsp;&nbsp;&rArr;&nbsp;&nbsp;&nbsp;<a href="#[1e]">ADC_IRQHandler</a><BR>
 <LI><a href="#[6]">BusFault_Handler</a>&nbsp;&nbsp;&nbsp;&rArr;&nbsp;&nbsp;&nbsp;<a href="#[6]">BusFault_Handler</a><BR>
 <LI><a href="#[4]">HardFault_Handler</a>&nbsp;&nbsp;&nbsp;&rArr;&nbsp;&nbsp;&nbsp;<a href="#[4]">HardFault_Handler</a><BR>
 <LI><a href="#[5]">MemManage_Handler</a>&nbsp;&nbsp;&nbsp;&rArr;&nbsp;&nbsp;&nbsp;<a href="#[5]">MemManage_Handler</a><BR>
 <LI><a href="#[3]">NMI_Handler</a>&nbsp;&nbsp;&nbsp;&rArr;&nbsp;&nbsp;&nbsp;<a href="#[3]">NMI_Handler</a><BR>
 <LI><a href="#[1cb]">lwip_send</a>&nbsp;&nbsp;&nbsp;&rArr;&nbsp;&nbsp;&nbsp;<a href="#[148]">lwip_sendto</a><BR>
 <LI><a href="#[10a]">LCD_Fill</a>&nbsp;&nbsp;&nbsp;&rArr;&nbsp;&nbsp;&nbsp;<a href="#[10a]">LCD_Fill</a><BR>
 <LI><a href="#[7]">UsageFault_Handler</a>&nbsp;&nbsp;&nbsp;&rArr;&nbsp;&nbsp;&nbsp;<a href="#[7]">UsageFault_Handler</a><BR>
 <LI><a href="#[1ab]">netconn_drain</a>&nbsp;&nbsp;&nbsp;&rArr;&nbsp;&nbsp;&nbsp;<a href="#[1ab]">netconn_drain</a><BR>
</UL>
<P>
<H3>
Function Pointers
</H3><UL>
 <LI><a href="#[1e]">ADC_IRQHandler</a> from startup_stm32f407xx.o(.text) referenced from startup_stm32f407xx.o(RESET)
 <LI><a href="#[6]">BusFault_Handler</a> from stm32f4xx_it.o(i.BusFault_Handler) referenced from startup_stm32f407xx.o(RESET)
 <LI><a href="#[20]">CAN1_RX0_IRQHandler</a> from startup_stm32f407xx.o(.text) referenced from startup_stm32f407xx.o(RESET)
 <LI><a href="#[21]">CAN1_RX1_IRQHandler</a> from startup_stm32f407xx.o(.text) referenced from startup_stm32f407xx.o(RESET)
 <LI><a href="#[22]">CAN1_SCE_IRQHandler</a> from startup_stm32f407xx.o(.text) referenced from startup_stm32f407xx.o(RESET)
 <LI><a href="#[1f]">CAN1_TX_IRQHandler</a> from startup_stm32f407xx.o(.text) referenced from startup_stm32f407xx.o(RESET)
 <LI><a href="#[4c]">CAN2_RX0_IRQHandler</a> from startup_stm32f407xx.o(.text) referenced from startup_stm32f407xx.o(RESET)
 <LI><a href="#[4d]">CAN2_RX1_IRQHandler</a> from startup_stm32f407xx.o(.text) referenced from startup_stm32f407xx.o(RESET)
 <LI><a href="#[4e]">CAN2_SCE_IRQHandler</a> from startup_stm32f407xx.o(.text) referenced from startup_stm32f407xx.o(RESET)
 <LI><a href="#[4b]">CAN2_TX_IRQHandler</a> from startup_stm32f407xx.o(.text) referenced from startup_stm32f407xx.o(RESET)
 <LI><a href="#[60]">DCMI_DMAError</a> from stm32f4xx_hal_dcmi.o(i.DCMI_DMAError) referenced from stm32f4xx_hal_dcmi.o(i.HAL_DCMI_IRQHandler)
 <LI><a href="#[5a]">DCMI_IRQHandler</a> from stm32f4xx_it.o(i.DCMI_IRQHandler) referenced from startup_stm32f407xx.o(RESET)
 <LI><a href="#[17]">DMA1_Stream0_IRQHandler</a> from startup_stm32f407xx.o(.text) referenced from startup_stm32f407xx.o(RESET)
 <LI><a href="#[18]">DMA1_Stream1_IRQHandler</a> from startup_stm32f407xx.o(.text) referenced from startup_stm32f407xx.o(RESET)
 <LI><a href="#[19]">DMA1_Stream2_IRQHandler</a> from startup_stm32f407xx.o(.text) referenced from startup_stm32f407xx.o(RESET)
 <LI><a href="#[1a]">DMA1_Stream3_IRQHandler</a> from startup_stm32f407xx.o(.text) referenced from startup_stm32f407xx.o(RESET)
 <LI><a href="#[1b]">DMA1_Stream4_IRQHandler</a> from startup_stm32f407xx.o(.text) referenced from startup_stm32f407xx.o(RESET)
 <LI><a href="#[1c]">DMA1_Stream5_IRQHandler</a> from startup_stm32f407xx.o(.text) referenced from startup_stm32f407xx.o(RESET)
 <LI><a href="#[1d]">DMA1_Stream6_IRQHandler</a> from startup_stm32f407xx.o(.text) referenced from startup_stm32f407xx.o(RESET)
 <LI><a href="#[3b]">DMA1_Stream7_IRQHandler</a> from startup_stm32f407xx.o(.text) referenced from startup_stm32f407xx.o(RESET)
 <LI><a href="#[44]">DMA2_Stream0_IRQHandler</a> from startup_stm32f407xx.o(.text) referenced from startup_stm32f407xx.o(RESET)
 <LI><a href="#[45]">DMA2_Stream1_IRQHandler</a> from dcmi.o(i.DMA2_Stream1_IRQHandler) referenced from startup_stm32f407xx.o(RESET)
 <LI><a href="#[46]">DMA2_Stream2_IRQHandler</a> from startup_stm32f407xx.o(.text) referenced from startup_stm32f407xx.o(RESET)
 <LI><a href="#[47]">DMA2_Stream3_IRQHandler</a> from startup_stm32f407xx.o(.text) referenced from startup_stm32f407xx.o(RESET)
 <LI><a href="#[48]">DMA2_Stream4_IRQHandler</a> from startup_stm32f407xx.o(.text) referenced from startup_stm32f407xx.o(RESET)
 <LI><a href="#[50]">DMA2_Stream5_IRQHandler</a> from startup_stm32f407xx.o(.text) referenced from startup_stm32f407xx.o(RESET)
 <LI><a href="#[51]">DMA2_Stream6_IRQHandler</a> from startup_stm32f407xx.o(.text) referenced from startup_stm32f407xx.o(RESET)
 <LI><a href="#[52]">DMA2_Stream7_IRQHandler</a> from startup_stm32f407xx.o(.text) referenced from startup_stm32f407xx.o(RESET)
 <LI><a href="#[9]">DebugMon_Handler</a> from stm32f4xx_it.o(i.DebugMon_Handler) referenced from startup_stm32f407xx.o(RESET)
 <LI><a href="#[49]">ETH_IRQHandler</a> from stm32f4xx_it.o(i.ETH_IRQHandler) referenced from startup_stm32f407xx.o(RESET)
 <LI><a href="#[4a]">ETH_WKUP_IRQHandler</a> from startup_stm32f407xx.o(.text) referenced from startup_stm32f407xx.o(RESET)
 <LI><a href="#[12]">EXTI0_IRQHandler</a> from startup_stm32f407xx.o(.text) referenced from startup_stm32f407xx.o(RESET)
 <LI><a href="#[34]">EXTI15_10_IRQHandler</a> from startup_stm32f407xx.o(.text) referenced from startup_stm32f407xx.o(RESET)
 <LI><a href="#[13]">EXTI1_IRQHandler</a> from startup_stm32f407xx.o(.text) referenced from startup_stm32f407xx.o(RESET)
 <LI><a href="#[14]">EXTI2_IRQHandler</a> from startup_stm32f407xx.o(.text) referenced from startup_stm32f407xx.o(RESET)
 <LI><a href="#[15]">EXTI3_IRQHandler</a> from startup_stm32f407xx.o(.text) referenced from startup_stm32f407xx.o(RESET)
 <LI><a href="#[16]">EXTI4_IRQHandler</a> from startup_stm32f407xx.o(.text) referenced from startup_stm32f407xx.o(RESET)
 <LI><a href="#[23]">EXTI9_5_IRQHandler</a> from startup_stm32f407xx.o(.text) referenced from startup_stm32f407xx.o(RESET)
 <LI><a href="#[10]">FLASH_IRQHandler</a> from startup_stm32f407xx.o(.text) referenced from startup_stm32f407xx.o(RESET)
 <LI><a href="#[3c]">FMC_IRQHandler</a> from startup_stm32f407xx.o(.text) referenced from startup_stm32f407xx.o(RESET)
 <LI><a href="#[5c]">FPU_IRQHandler</a> from startup_stm32f407xx.o(.text) referenced from startup_stm32f407xx.o(RESET)
 <LI><a href="#[5b]">HASH_RNG_IRQHandler</a> from startup_stm32f407xx.o(.text) referenced from startup_stm32f407xx.o(RESET)
 <LI><a href="#[4]">HardFault_Handler</a> from stm32f4xx_it.o(i.HardFault_Handler) referenced from startup_stm32f407xx.o(RESET)
 <LI><a href="#[2c]">I2C1_ER_IRQHandler</a> from startup_stm32f407xx.o(.text) referenced from startup_stm32f407xx.o(RESET)
 <LI><a href="#[2b]">I2C1_EV_IRQHandler</a> from startup_stm32f407xx.o(.text) referenced from startup_stm32f407xx.o(RESET)
 <LI><a href="#[2e]">I2C2_ER_IRQHandler</a> from startup_stm32f407xx.o(.text) referenced from startup_stm32f407xx.o(RESET)
 <LI><a href="#[2d]">I2C2_EV_IRQHandler</a> from startup_stm32f407xx.o(.text) referenced from startup_stm32f407xx.o(RESET)
 <LI><a href="#[55]">I2C3_ER_IRQHandler</a> from startup_stm32f407xx.o(.text) referenced from startup_stm32f407xx.o(RESET)
 <LI><a href="#[54]">I2C3_EV_IRQHandler</a> from startup_stm32f407xx.o(.text) referenced from startup_stm32f407xx.o(RESET)
 <LI><a href="#[5]">MemManage_Handler</a> from stm32f4xx_it.o(i.MemManage_Handler) referenced from startup_stm32f407xx.o(RESET)
 <LI><a href="#[3]">NMI_Handler</a> from stm32f4xx_it.o(i.NMI_Handler) referenced from startup_stm32f407xx.o(RESET)
 <LI><a href="#[4f]">OTG_FS_IRQHandler</a> from startup_stm32f407xx.o(.text) referenced from startup_stm32f407xx.o(RESET)
 <LI><a href="#[36]">OTG_FS_WKUP_IRQHandler</a> from startup_stm32f407xx.o(.text) referenced from startup_stm32f407xx.o(RESET)
 <LI><a href="#[57]">OTG_HS_EP1_IN_IRQHandler</a> from startup_stm32f407xx.o(.text) referenced from startup_stm32f407xx.o(RESET)
 <LI><a href="#[56]">OTG_HS_EP1_OUT_IRQHandler</a> from startup_stm32f407xx.o(.text) referenced from startup_stm32f407xx.o(RESET)
 <LI><a href="#[59]">OTG_HS_IRQHandler</a> from startup_stm32f407xx.o(.text) referenced from startup_stm32f407xx.o(RESET)
 <LI><a href="#[58]">OTG_HS_WKUP_IRQHandler</a> from startup_stm32f407xx.o(.text) referenced from startup_stm32f407xx.o(RESET)
 <LI><a href="#[d]">PVD_IRQHandler</a> from startup_stm32f407xx.o(.text) referenced from startup_stm32f407xx.o(RESET)
 <LI><a href="#[a]">PendSV_Handler</a> from port.o(.emb_text) referenced from startup_stm32f407xx.o(RESET)
 <LI><a href="#[11]">RCC_IRQHandler</a> from startup_stm32f407xx.o(.text) referenced from startup_stm32f407xx.o(RESET)
 <LI><a href="#[35]">RTC_Alarm_IRQHandler</a> from startup_stm32f407xx.o(.text) referenced from startup_stm32f407xx.o(RESET)
 <LI><a href="#[f]">RTC_WKUP_IRQHandler</a> from startup_stm32f407xx.o(.text) referenced from startup_stm32f407xx.o(RESET)
 <LI><a href="#[2]">Reset_Handler</a> from startup_stm32f407xx.o(.text) referenced from startup_stm32f407xx.o(RESET)
 <LI><a href="#[3d]">SDIO_IRQHandler</a> from startup_stm32f407xx.o(.text) referenced from startup_stm32f407xx.o(RESET)
 <LI><a href="#[2f]">SPI1_IRQHandler</a> from startup_stm32f407xx.o(.text) referenced from startup_stm32f407xx.o(RESET)
 <LI><a href="#[30]">SPI2_IRQHandler</a> from startup_stm32f407xx.o(.text) referenced from startup_stm32f407xx.o(RESET)
 <LI><a href="#[3f]">SPI3_IRQHandler</a> from startup_stm32f407xx.o(.text) referenced from startup_stm32f407xx.o(RESET)
 <LI><a href="#[8]">SVC_Handler</a> from port.o(.emb_text) referenced from startup_stm32f407xx.o(RESET)
 <LI><a href="#[84]">StartCommunicateTask</a> from communicatetask.o(i.StartCommunicateTask) referenced from freertos.o(.constdata)
 <LI><a href="#[81]">StartDefaultTask</a> from freertos.o(i.StartDefaultTask) referenced from freertos.o(.constdata)
 <LI><a href="#[87]">StartGarbageDetectionTask</a> from garbagedetectiontask.o(i.StartGarbageDetectionTask) referenced from freertos.o(.constdata)
 <LI><a href="#[82]">StartImageTransmissionTask</a> from imagetransmissiontask.o(i.StartImageTransmissionTask) referenced from freertos.o(.constdata)
 <LI><a href="#[83]">StartLCDUITask</a> from lcduitask.o(i.StartLCDUITask) referenced from freertos.o(.constdata)
 <LI><a href="#[85]">StartLitterDropTask</a> from litterdroptask.o(i.StartLitterDropTask) referenced from freertos.o(.constdata)
 <LI><a href="#[86]">StartMonitorTask</a> from monitortask.o(i.StartMonitorTask) referenced from freertos.o(.constdata)
 <LI><a href="#[89]">StartUDPRXTask</a> from udprxtask.o(i.StartUDPRXTask) referenced from freertos.o(.constdata)
 <LI><a href="#[88]">StartUDPTXTask</a> from udptxtask.o(i.StartUDPTXTask) referenced from freertos.o(.constdata)
 <LI><a href="#[b]">SysTick_Handler</a> from port.o(i.SysTick_Handler) referenced from startup_stm32f407xx.o(RESET)
 <LI><a href="#[5e]">SystemInit</a> from system_stm32f4xx.o(i.SystemInit) referenced from startup_stm32f407xx.o(.text)
 <LI><a href="#[e]">TAMP_STAMP_IRQHandler</a> from startup_stm32f407xx.o(.text) referenced from startup_stm32f407xx.o(RESET)
 <LI><a href="#[24]">TIM1_BRK_TIM9_IRQHandler</a> from startup_stm32f407xx.o(.text) referenced from startup_stm32f407xx.o(RESET)
 <LI><a href="#[27]">TIM1_CC_IRQHandler</a> from startup_stm32f407xx.o(.text) referenced from startup_stm32f407xx.o(RESET)
 <LI><a href="#[26]">TIM1_TRG_COM_TIM11_IRQHandler</a> from startup_stm32f407xx.o(.text) referenced from startup_stm32f407xx.o(RESET)
 <LI><a href="#[25]">TIM1_UP_TIM10_IRQHandler</a> from startup_stm32f407xx.o(.text) referenced from startup_stm32f407xx.o(RESET)
 <LI><a href="#[28]">TIM2_IRQHandler</a> from stm32f4xx_it.o(i.TIM2_IRQHandler) referenced from startup_stm32f407xx.o(RESET)
 <LI><a href="#[29]">TIM3_IRQHandler</a> from stm32f4xx_it.o(i.TIM3_IRQHandler) referenced from startup_stm32f407xx.o(RESET)
 <LI><a href="#[2a]">TIM4_IRQHandler</a> from startup_stm32f407xx.o(.text) referenced from startup_stm32f407xx.o(RESET)
 <LI><a href="#[3e]">TIM5_IRQHandler</a> from startup_stm32f407xx.o(.text) referenced from startup_stm32f407xx.o(RESET)
 <LI><a href="#[42]">TIM6_DAC_IRQHandler</a> from stm32f4xx_it.o(i.TIM6_DAC_IRQHandler) referenced from startup_stm32f407xx.o(RESET)
 <LI><a href="#[43]">TIM7_IRQHandler</a> from startup_stm32f407xx.o(.text) referenced from startup_stm32f407xx.o(RESET)
 <LI><a href="#[37]">TIM8_BRK_TIM12_IRQHandler</a> from startup_stm32f407xx.o(.text) referenced from startup_stm32f407xx.o(RESET)
 <LI><a href="#[3a]">TIM8_CC_IRQHandler</a> from startup_stm32f407xx.o(.text) referenced from startup_stm32f407xx.o(RESET)
 <LI><a href="#[39]">TIM8_TRG_COM_TIM14_IRQHandler</a> from startup_stm32f407xx.o(.text) referenced from startup_stm32f407xx.o(RESET)
 <LI><a href="#[38]">TIM8_UP_TIM13_IRQHandler</a> from startup_stm32f407xx.o(.text) referenced from startup_stm32f407xx.o(RESET)
 <LI><a href="#[40]">UART4_IRQHandler</a> from startup_stm32f407xx.o(.text) referenced from startup_stm32f407xx.o(RESET)
 <LI><a href="#[41]">UART5_IRQHandler</a> from startup_stm32f407xx.o(.text) referenced from startup_stm32f407xx.o(RESET)
 <LI><a href="#[31]">USART1_IRQHandler</a> from startup_stm32f407xx.o(.text) referenced from startup_stm32f407xx.o(RESET)
 <LI><a href="#[32]">USART2_IRQHandler</a> from startup_stm32f407xx.o(.text) referenced from startup_stm32f407xx.o(RESET)
 <LI><a href="#[33]">USART3_IRQHandler</a> from startup_stm32f407xx.o(.text) referenced from startup_stm32f407xx.o(RESET)
 <LI><a href="#[53]">USART6_IRQHandler</a> from startup_stm32f407xx.o(.text) referenced from startup_stm32f407xx.o(RESET)
 <LI><a href="#[7]">UsageFault_Handler</a> from stm32f4xx_it.o(i.UsageFault_Handler) referenced from startup_stm32f407xx.o(RESET)
 <LI><a href="#[c]">WWDG_IRQHandler</a> from startup_stm32f407xx.o(.text) referenced from startup_stm32f407xx.o(RESET)
 <LI><a href="#[5f]">__main</a> from entry.o(.ARM.Collect$$$$00000000) referenced from startup_stm32f407xx.o(.text)
 <LI><a href="#[6c]">err_tcp</a> from api_msg.o(i.err_tcp) referenced from api_msg.o(i.lwip_netconn_do_close_internal)
 <LI><a href="#[6c]">err_tcp</a> from api_msg.o(i.err_tcp) referenced from api_msg.o(i.setup_tcp)
 <LI><a href="#[66]">etharp_output</a> from etharp.o(i.etharp_output) referenced from ethernetif.o(i.ethernetif_init)
 <LI><a href="#[8e]">etharp_tmr</a> from etharp.o(i.etharp_tmr) referenced from timeouts.o(.constdata)
 <LI><a href="#[7e]">ethernet_input</a> from ethernet.o(i.ethernet_input) referenced from tcpip.o(i.tcpip_input)
 <LI><a href="#[62]">ethernetif_init</a> from ethernetif.o(i.ethernetif_init) referenced from lwip.o(i.MX_LWIP_Init)
 <LI><a href="#[8a]">ethernetif_input</a> from ethernetif.o(i.ethernetif_input) referenced from ethernetif.o(.constdata)
 <LI><a href="#[8b]">ethernetif_set_link</a> from ethernetif.o(i.ethernetif_set_link) referenced from lwip.o(.constdata)
 <LI><a href="#[63]">ethernetif_update_config</a> from ethernetif.o(i.ethernetif_update_config) referenced from lwip.o(i.MX_LWIP_Init)
 <LI><a href="#[6d]">event_callback</a> from sockets.o(i.event_callback) referenced from sockets.o(i.lwip_socket)
 <LI><a href="#[65]">fputc</a> from main.o(i.fputc) referenced from printf5.o(i.__0printf$5)
 <LI><a href="#[7f]">ip4_input</a> from ip4.o(i.ip4_input) referenced from tcpip.o(i.tcpip_input)
 <LI><a href="#[8d]">ip_reass_tmr</a> from ip4_frag.o(i.ip_reass_tmr) referenced from timeouts.o(.constdata)
 <LI><a href="#[68]">ipfrag_free_pbuf_custom</a> from ip4_frag.o(i.ipfrag_free_pbuf_custom) referenced from ip4_frag.o(i.ip4_frag)
 <LI><a href="#[64]">jpeg_dcmi_rx_callback</a> from imagetransmissiontask.o(i.jpeg_dcmi_rx_callback) referenced from imagetransmissiontask.o(i.StartImageTransmissionTask)
 <LI><a href="#[67]">low_level_output</a> from ethernetif.o(i.low_level_output) referenced from ethernetif.o(i.ethernetif_init)
 <LI><a href="#[69]">lwip_cyclic_timer</a> from timeouts.o(i.lwip_cyclic_timer) referenced from timeouts.o(i.lwip_cyclic_timer)
 <LI><a href="#[69]">lwip_cyclic_timer</a> from timeouts.o(i.lwip_cyclic_timer) referenced from timeouts.o(i.sys_timeouts_init)
 <LI><a href="#[6e]">lwip_netconn_do_bind</a> from api_msg.o(i.lwip_netconn_do_bind) referenced from api_lib.o(i.netconn_bind)
 <LI><a href="#[6f]">lwip_netconn_do_close</a> from api_msg.o(i.lwip_netconn_do_close) referenced from api_lib.o(i.netconn_close_shutdown)
 <LI><a href="#[72]">lwip_netconn_do_delconn</a> from api_msg.o(i.lwip_netconn_do_delconn) referenced from api_lib.o(i.netconn_prepare_delete)
 <LI><a href="#[70]">lwip_netconn_do_getaddr</a> from api_msg.o(i.lwip_netconn_do_getaddr) referenced from api_lib.o(i.netconn_getaddr)
 <LI><a href="#[71]">lwip_netconn_do_newconn</a> from api_msg.o(i.lwip_netconn_do_newconn) referenced from api_lib.o(i.netconn_new_with_proto_and_callback)
 <LI><a href="#[74]">lwip_netconn_do_recv</a> from api_msg.o(i.lwip_netconn_do_recv) referenced from api_lib.o(i.netconn_tcp_recvd_msg)
 <LI><a href="#[73]">lwip_netconn_do_send</a> from api_msg.o(i.lwip_netconn_do_send) referenced from api_lib.o(i.netconn_send)
 <LI><a href="#[75]">lwip_netconn_do_write</a> from api_msg.o(i.lwip_netconn_do_write) referenced from api_lib.o(i.netconn_write_vectors_partly)
 <LI><a href="#[5d]">main</a> from main.o(i.main) referenced from entry9a.o(.ARM.Collect$$$$0000000B)
 <LI><a href="#[0]">my_mem_init</a> from malloc.o(i.my_mem_init) referenced 2 times from malloc.o(.data)
 <LI><a href="#[1]">my_mem_perused</a> from malloc.o(i.my_mem_perused) referenced 2 times from malloc.o(.data)
 <LI><a href="#[76]">netif_null_output_ip4</a> from netif.o(i.netif_null_output_ip4) referenced from netif.o(i.netif_add)
 <LI><a href="#[77]">pbuf_free_ooseq_callback</a> from pbuf.o(i.pbuf_free_ooseq_callback) referenced from pbuf.o(i.pbuf_alloc)
 <LI><a href="#[6b]">poll_tcp</a> from api_msg.o(i.poll_tcp) referenced from api_msg.o(i.lwip_netconn_do_close_internal)
 <LI><a href="#[6b]">poll_tcp</a> from api_msg.o(i.poll_tcp) referenced from api_msg.o(i.setup_tcp)
 <LI><a href="#[80]">prvIdleTask</a> from tasks.o(i.prvIdleTask) referenced from tasks.o(i.vTaskStartScheduler)
 <LI><a href="#[79]">prvTaskExitError</a> from port.o(i.prvTaskExitError) referenced from port.o(i.pxPortInitialiseStack)
 <LI><a href="#[7a]">recv_tcp</a> from api_msg.o(i.recv_tcp) referenced from api_msg.o(i.setup_tcp)
 <LI><a href="#[78]">recv_udp</a> from api_msg.o(i.recv_udp) referenced from api_msg.o(i.pcb_new)
 <LI><a href="#[6a]">sent_tcp</a> from api_msg.o(i.sent_tcp) referenced from api_msg.o(i.lwip_netconn_do_close_internal)
 <LI><a href="#[6a]">sent_tcp</a> from api_msg.o(i.sent_tcp) referenced from api_msg.o(i.setup_tcp)
 <LI><a href="#[7b]">tcp_recv_null</a> from tcp.o(i.tcp_recv_null) referenced from tcp.o(i.tcp_alloc)
 <LI><a href="#[8c]">tcp_tmr</a> from tcp.o(i.tcp_tmr) referenced from timeouts.o(.constdata)
 <LI><a href="#[61]">tcpip_input</a> from tcpip.o(i.tcpip_input) referenced from lwip.o(i.MX_LWIP_Init)
 <LI><a href="#[7c]">tcpip_tcp_timer</a> from timeouts.o(i.tcpip_tcp_timer) referenced from timeouts.o(i.tcp_timer_needed)
 <LI><a href="#[7c]">tcpip_tcp_timer</a> from timeouts.o(i.tcpip_tcp_timer) referenced from timeouts.o(i.tcpip_tcp_timer)
 <LI><a href="#[7d]">tcpip_thread</a> from tcpip.o(i.tcpip_thread) referenced from tcpip.o(i.tcpip_init)
</UL>
<P>
<H3>
Global Symbols
</H3>
<P><STRONG><a name="[5f]"></a>__main</STRONG> (Thumb, 0 bytes, Stack size unknown bytes, entry.o(.ARM.Collect$$$$00000000))
<BR>[Address Reference Count : 1]<UL><LI> startup_stm32f407xx.o(.text)
</UL>
<P><STRONG><a name="[28f]"></a>_main_stk</STRONG> (Thumb, 0 bytes, Stack size unknown bytes, entry2.o(.ARM.Collect$$$$00000001))

<P><STRONG><a name="[8f]"></a>_main_scatterload</STRONG> (Thumb, 0 bytes, Stack size unknown bytes, entry5.o(.ARM.Collect$$$$00000004))
<BR><BR>[Calls]<UL><LI><a href="#[90]">&gt;&gt;</a>&nbsp;&nbsp;&nbsp;__scatterload
</UL>

<P><STRONG><a name="[9e]"></a>__main_after_scatterload</STRONG> (Thumb, 0 bytes, Stack size unknown bytes, entry5.o(.ARM.Collect$$$$00000004))
<BR><BR>[Called By]<UL><LI><a href="#[90]">&gt;&gt;</a>&nbsp;&nbsp;&nbsp;__scatterload
</UL>

<P><STRONG><a name="[290]"></a>_main_clock</STRONG> (Thumb, 0 bytes, Stack size unknown bytes, entry7b.o(.ARM.Collect$$$$00000008))

<P><STRONG><a name="[291]"></a>_main_cpp_init</STRONG> (Thumb, 0 bytes, Stack size unknown bytes, entry8b.o(.ARM.Collect$$$$0000000A))

<P><STRONG><a name="[292]"></a>_main_init</STRONG> (Thumb, 0 bytes, Stack size unknown bytes, entry9a.o(.ARM.Collect$$$$0000000B))

<P><STRONG><a name="[293]"></a>__rt_lib_shutdown_fini</STRONG> (Thumb, 0 bytes, Stack size unknown bytes, entry12b.o(.ARM.Collect$$$$0000000E))

<P><STRONG><a name="[294]"></a>__rt_final_cpp</STRONG> (Thumb, 0 bytes, Stack size unknown bytes, entry10a.o(.ARM.Collect$$$$0000000F))

<P><STRONG><a name="[295]"></a>__rt_final_exit</STRONG> (Thumb, 0 bytes, Stack size unknown bytes, entry11a.o(.ARM.Collect$$$$00000011))

<P><STRONG><a name="[8]"></a>SVC_Handler</STRONG> (Thumb, 28 bytes, Stack size 0 bytes, port.o(.emb_text))
<BR>[Address Reference Count : 1]<UL><LI> startup_stm32f407xx.o(RESET)
</UL>
<P><STRONG><a name="[289]"></a>__asm___6_port_c_39a90d8d__prvStartFirstTask</STRONG> (Thumb, 36 bytes, Stack size 0 bytes, port.o(.emb_text))
<BR><BR>[Called By]<UL><LI><a href="#[283]">&gt;&gt;</a>&nbsp;&nbsp;&nbsp;xPortStartScheduler
</UL>

<P><STRONG><a name="[288]"></a>__asm___6_port_c_39a90d8d__prvEnableVFP</STRONG> (Thumb, 16 bytes, Stack size 0 bytes, port.o(.emb_text))
<BR><BR>[Called By]<UL><LI><a href="#[283]">&gt;&gt;</a>&nbsp;&nbsp;&nbsp;xPortStartScheduler
</UL>

<P><STRONG><a name="[a]"></a>PendSV_Handler</STRONG> (Thumb, 88 bytes, Stack size 0 bytes, port.o(.emb_text))
<BR><BR>[Calls]<UL><LI><a href="#[91]">&gt;&gt;</a>&nbsp;&nbsp;&nbsp;vTaskSwitchContext
</UL>
<BR>[Address Reference Count : 1]<UL><LI> startup_stm32f407xx.o(RESET)
</UL>
<P><STRONG><a name="[27c]"></a>vPortGetIPSR</STRONG> (Thumb, 6 bytes, Stack size 0 bytes, port.o(.emb_text))
<BR><BR>[Called By]<UL><LI><a href="#[27b]">&gt;&gt;</a>&nbsp;&nbsp;&nbsp;vPortValidateInterruptPriority
</UL>

<P><STRONG><a name="[2]"></a>Reset_Handler</STRONG> (Thumb, 8 bytes, Stack size 0 bytes, startup_stm32f407xx.o(.text))
<BR>[Address Reference Count : 1]<UL><LI> startup_stm32f407xx.o(RESET)
</UL>
<P><STRONG><a name="[1e]"></a>ADC_IRQHandler</STRONG> (Thumb, 0 bytes, Stack size 0 bytes, startup_stm32f407xx.o(.text))
<BR><BR>[Calls]<UL><LI><a href="#[1e]">&gt;&gt;</a>&nbsp;&nbsp;&nbsp;ADC_IRQHandler
</UL>
<BR>[Called By]<UL><LI><a href="#[1e]">&gt;&gt;</a>&nbsp;&nbsp;&nbsp;ADC_IRQHandler
</UL>
<BR>[Address Reference Count : 1]<UL><LI> startup_stm32f407xx.o(RESET)
</UL>
<P><STRONG><a name="[20]"></a>CAN1_RX0_IRQHandler</STRONG> (Thumb, 0 bytes, Stack size 0 bytes, startup_stm32f407xx.o(.text))
<BR>[Address Reference Count : 1]<UL><LI> startup_stm32f407xx.o(RESET)
</UL>
<P><STRONG><a name="[21]"></a>CAN1_RX1_IRQHandler</STRONG> (Thumb, 0 bytes, Stack size 0 bytes, startup_stm32f407xx.o(.text))
<BR>[Address Reference Count : 1]<UL><LI> startup_stm32f407xx.o(RESET)
</UL>
<P><STRONG><a name="[22]"></a>CAN1_SCE_IRQHandler</STRONG> (Thumb, 0 bytes, Stack size 0 bytes, startup_stm32f407xx.o(.text))
<BR>[Address Reference Count : 1]<UL><LI> startup_stm32f407xx.o(RESET)
</UL>
<P><STRONG><a name="[1f]"></a>CAN1_TX_IRQHandler</STRONG> (Thumb, 0 bytes, Stack size 0 bytes, startup_stm32f407xx.o(.text))
<BR>[Address Reference Count : 1]<UL><LI> startup_stm32f407xx.o(RESET)
</UL>
<P><STRONG><a name="[4c]"></a>CAN2_RX0_IRQHandler</STRONG> (Thumb, 0 bytes, Stack size 0 bytes, startup_stm32f407xx.o(.text))
<BR>[Address Reference Count : 1]<UL><LI> startup_stm32f407xx.o(RESET)
</UL>
<P><STRONG><a name="[4d]"></a>CAN2_RX1_IRQHandler</STRONG> (Thumb, 0 bytes, Stack size 0 bytes, startup_stm32f407xx.o(.text))
<BR>[Address Reference Count : 1]<UL><LI> startup_stm32f407xx.o(RESET)
</UL>
<P><STRONG><a name="[4e]"></a>CAN2_SCE_IRQHandler</STRONG> (Thumb, 0 bytes, Stack size 0 bytes, startup_stm32f407xx.o(.text))
<BR>[Address Reference Count : 1]<UL><LI> startup_stm32f407xx.o(RESET)
</UL>
<P><STRONG><a name="[4b]"></a>CAN2_TX_IRQHandler</STRONG> (Thumb, 0 bytes, Stack size 0 bytes, startup_stm32f407xx.o(.text))
<BR>[Address Reference Count : 1]<UL><LI> startup_stm32f407xx.o(RESET)
</UL>
<P><STRONG><a name="[17]"></a>DMA1_Stream0_IRQHandler</STRONG> (Thumb, 0 bytes, Stack size 0 bytes, startup_stm32f407xx.o(.text))
<BR>[Address Reference Count : 1]<UL><LI> startup_stm32f407xx.o(RESET)
</UL>
<P><STRONG><a name="[18]"></a>DMA1_Stream1_IRQHandler</STRONG> (Thumb, 0 bytes, Stack size 0 bytes, startup_stm32f407xx.o(.text))
<BR>[Address Reference Count : 1]<UL><LI> startup_stm32f407xx.o(RESET)
</UL>
<P><STRONG><a name="[19]"></a>DMA1_Stream2_IRQHandler</STRONG> (Thumb, 0 bytes, Stack size 0 bytes, startup_stm32f407xx.o(.text))
<BR>[Address Reference Count : 1]<UL><LI> startup_stm32f407xx.o(RESET)
</UL>
<P><STRONG><a name="[1a]"></a>DMA1_Stream3_IRQHandler</STRONG> (Thumb, 0 bytes, Stack size 0 bytes, startup_stm32f407xx.o(.text))
<BR>[Address Reference Count : 1]<UL><LI> startup_stm32f407xx.o(RESET)
</UL>
<P><STRONG><a name="[1b]"></a>DMA1_Stream4_IRQHandler</STRONG> (Thumb, 0 bytes, Stack size 0 bytes, startup_stm32f407xx.o(.text))
<BR>[Address Reference Count : 1]<UL><LI> startup_stm32f407xx.o(RESET)
</UL>
<P><STRONG><a name="[1c]"></a>DMA1_Stream5_IRQHandler</STRONG> (Thumb, 0 bytes, Stack size 0 bytes, startup_stm32f407xx.o(.text))
<BR>[Address Reference Count : 1]<UL><LI> startup_stm32f407xx.o(RESET)
</UL>
<P><STRONG><a name="[1d]"></a>DMA1_Stream6_IRQHandler</STRONG> (Thumb, 0 bytes, Stack size 0 bytes, startup_stm32f407xx.o(.text))
<BR>[Address Reference Count : 1]<UL><LI> startup_stm32f407xx.o(RESET)
</UL>
<P><STRONG><a name="[3b]"></a>DMA1_Stream7_IRQHandler</STRONG> (Thumb, 0 bytes, Stack size 0 bytes, startup_stm32f407xx.o(.text))
<BR>[Address Reference Count : 1]<UL><LI> startup_stm32f407xx.o(RESET)
</UL>
<P><STRONG><a name="[44]"></a>DMA2_Stream0_IRQHandler</STRONG> (Thumb, 0 bytes, Stack size 0 bytes, startup_stm32f407xx.o(.text))
<BR>[Address Reference Count : 1]<UL><LI> startup_stm32f407xx.o(RESET)
</UL>
<P><STRONG><a name="[46]"></a>DMA2_Stream2_IRQHandler</STRONG> (Thumb, 0 bytes, Stack size 0 bytes, startup_stm32f407xx.o(.text))
<BR>[Address Reference Count : 1]<UL><LI> startup_stm32f407xx.o(RESET)
</UL>
<P><STRONG><a name="[47]"></a>DMA2_Stream3_IRQHandler</STRONG> (Thumb, 0 bytes, Stack size 0 bytes, startup_stm32f407xx.o(.text))
<BR>[Address Reference Count : 1]<UL><LI> startup_stm32f407xx.o(RESET)
</UL>
<P><STRONG><a name="[48]"></a>DMA2_Stream4_IRQHandler</STRONG> (Thumb, 0 bytes, Stack size 0 bytes, startup_stm32f407xx.o(.text))
<BR>[Address Reference Count : 1]<UL><LI> startup_stm32f407xx.o(RESET)
</UL>
<P><STRONG><a name="[50]"></a>DMA2_Stream5_IRQHandler</STRONG> (Thumb, 0 bytes, Stack size 0 bytes, startup_stm32f407xx.o(.text))
<BR>[Address Reference Count : 1]<UL><LI> startup_stm32f407xx.o(RESET)
</UL>
<P><STRONG><a name="[51]"></a>DMA2_Stream6_IRQHandler</STRONG> (Thumb, 0 bytes, Stack size 0 bytes, startup_stm32f407xx.o(.text))
<BR>[Address Reference Count : 1]<UL><LI> startup_stm32f407xx.o(RESET)
</UL>
<P><STRONG><a name="[52]"></a>DMA2_Stream7_IRQHandler</STRONG> (Thumb, 0 bytes, Stack size 0 bytes, startup_stm32f407xx.o(.text))
<BR>[Address Reference Count : 1]<UL><LI> startup_stm32f407xx.o(RESET)
</UL>
<P><STRONG><a name="[4a]"></a>ETH_WKUP_IRQHandler</STRONG> (Thumb, 0 bytes, Stack size 0 bytes, startup_stm32f407xx.o(.text))
<BR>[Address Reference Count : 1]<UL><LI> startup_stm32f407xx.o(RESET)
</UL>
<P><STRONG><a name="[12]"></a>EXTI0_IRQHandler</STRONG> (Thumb, 0 bytes, Stack size 0 bytes, startup_stm32f407xx.o(.text))
<BR>[Address Reference Count : 1]<UL><LI> startup_stm32f407xx.o(RESET)
</UL>
<P><STRONG><a name="[34]"></a>EXTI15_10_IRQHandler</STRONG> (Thumb, 0 bytes, Stack size 0 bytes, startup_stm32f407xx.o(.text))
<BR>[Address Reference Count : 1]<UL><LI> startup_stm32f407xx.o(RESET)
</UL>
<P><STRONG><a name="[13]"></a>EXTI1_IRQHandler</STRONG> (Thumb, 0 bytes, Stack size 0 bytes, startup_stm32f407xx.o(.text))
<BR>[Address Reference Count : 1]<UL><LI> startup_stm32f407xx.o(RESET)
</UL>
<P><STRONG><a name="[14]"></a>EXTI2_IRQHandler</STRONG> (Thumb, 0 bytes, Stack size 0 bytes, startup_stm32f407xx.o(.text))
<BR>[Address Reference Count : 1]<UL><LI> startup_stm32f407xx.o(RESET)
</UL>
<P><STRONG><a name="[15]"></a>EXTI3_IRQHandler</STRONG> (Thumb, 0 bytes, Stack size 0 bytes, startup_stm32f407xx.o(.text))
<BR>[Address Reference Count : 1]<UL><LI> startup_stm32f407xx.o(RESET)
</UL>
<P><STRONG><a name="[16]"></a>EXTI4_IRQHandler</STRONG> (Thumb, 0 bytes, Stack size 0 bytes, startup_stm32f407xx.o(.text))
<BR>[Address Reference Count : 1]<UL><LI> startup_stm32f407xx.o(RESET)
</UL>
<P><STRONG><a name="[23]"></a>EXTI9_5_IRQHandler</STRONG> (Thumb, 0 bytes, Stack size 0 bytes, startup_stm32f407xx.o(.text))
<BR>[Address Reference Count : 1]<UL><LI> startup_stm32f407xx.o(RESET)
</UL>
<P><STRONG><a name="[10]"></a>FLASH_IRQHandler</STRONG> (Thumb, 0 bytes, Stack size 0 bytes, startup_stm32f407xx.o(.text))
<BR>[Address Reference Count : 1]<UL><LI> startup_stm32f407xx.o(RESET)
</UL>
<P><STRONG><a name="[3c]"></a>FMC_IRQHandler</STRONG> (Thumb, 0 bytes, Stack size 0 bytes, startup_stm32f407xx.o(.text))
<BR>[Address Reference Count : 1]<UL><LI> startup_stm32f407xx.o(RESET)
</UL>
<P><STRONG><a name="[5c]"></a>FPU_IRQHandler</STRONG> (Thumb, 0 bytes, Stack size 0 bytes, startup_stm32f407xx.o(.text))
<BR>[Address Reference Count : 1]<UL><LI> startup_stm32f407xx.o(RESET)
</UL>
<P><STRONG><a name="[5b]"></a>HASH_RNG_IRQHandler</STRONG> (Thumb, 0 bytes, Stack size 0 bytes, startup_stm32f407xx.o(.text))
<BR>[Address Reference Count : 1]<UL><LI> startup_stm32f407xx.o(RESET)
</UL>
<P><STRONG><a name="[2c]"></a>I2C1_ER_IRQHandler</STRONG> (Thumb, 0 bytes, Stack size 0 bytes, startup_stm32f407xx.o(.text))
<BR>[Address Reference Count : 1]<UL><LI> startup_stm32f407xx.o(RESET)
</UL>
<P><STRONG><a name="[2b]"></a>I2C1_EV_IRQHandler</STRONG> (Thumb, 0 bytes, Stack size 0 bytes, startup_stm32f407xx.o(.text))
<BR>[Address Reference Count : 1]<UL><LI> startup_stm32f407xx.o(RESET)
</UL>
<P><STRONG><a name="[2e]"></a>I2C2_ER_IRQHandler</STRONG> (Thumb, 0 bytes, Stack size 0 bytes, startup_stm32f407xx.o(.text))
<BR>[Address Reference Count : 1]<UL><LI> startup_stm32f407xx.o(RESET)
</UL>
<P><STRONG><a name="[2d]"></a>I2C2_EV_IRQHandler</STRONG> (Thumb, 0 bytes, Stack size 0 bytes, startup_stm32f407xx.o(.text))
<BR>[Address Reference Count : 1]<UL><LI> startup_stm32f407xx.o(RESET)
</UL>
<P><STRONG><a name="[55]"></a>I2C3_ER_IRQHandler</STRONG> (Thumb, 0 bytes, Stack size 0 bytes, startup_stm32f407xx.o(.text))
<BR>[Address Reference Count : 1]<UL><LI> startup_stm32f407xx.o(RESET)
</UL>
<P><STRONG><a name="[54]"></a>I2C3_EV_IRQHandler</STRONG> (Thumb, 0 bytes, Stack size 0 bytes, startup_stm32f407xx.o(.text))
<BR>[Address Reference Count : 1]<UL><LI> startup_stm32f407xx.o(RESET)
</UL>
<P><STRONG><a name="[4f]"></a>OTG_FS_IRQHandler</STRONG> (Thumb, 0 bytes, Stack size 0 bytes, startup_stm32f407xx.o(.text))
<BR>[Address Reference Count : 1]<UL><LI> startup_stm32f407xx.o(RESET)
</UL>
<P><STRONG><a name="[36]"></a>OTG_FS_WKUP_IRQHandler</STRONG> (Thumb, 0 bytes, Stack size 0 bytes, startup_stm32f407xx.o(.text))
<BR>[Address Reference Count : 1]<UL><LI> startup_stm32f407xx.o(RESET)
</UL>
<P><STRONG><a name="[57]"></a>OTG_HS_EP1_IN_IRQHandler</STRONG> (Thumb, 0 bytes, Stack size 0 bytes, startup_stm32f407xx.o(.text))
<BR>[Address Reference Count : 1]<UL><LI> startup_stm32f407xx.o(RESET)
</UL>
<P><STRONG><a name="[56]"></a>OTG_HS_EP1_OUT_IRQHandler</STRONG> (Thumb, 0 bytes, Stack size 0 bytes, startup_stm32f407xx.o(.text))
<BR>[Address Reference Count : 1]<UL><LI> startup_stm32f407xx.o(RESET)
</UL>
<P><STRONG><a name="[59]"></a>OTG_HS_IRQHandler</STRONG> (Thumb, 0 bytes, Stack size 0 bytes, startup_stm32f407xx.o(.text))
<BR>[Address Reference Count : 1]<UL><LI> startup_stm32f407xx.o(RESET)
</UL>
<P><STRONG><a name="[58]"></a>OTG_HS_WKUP_IRQHandler</STRONG> (Thumb, 0 bytes, Stack size 0 bytes, startup_stm32f407xx.o(.text))
<BR>[Address Reference Count : 1]<UL><LI> startup_stm32f407xx.o(RESET)
</UL>
<P><STRONG><a name="[d]"></a>PVD_IRQHandler</STRONG> (Thumb, 0 bytes, Stack size 0 bytes, startup_stm32f407xx.o(.text))
<BR>[Address Reference Count : 1]<UL><LI> startup_stm32f407xx.o(RESET)
</UL>
<P><STRONG><a name="[11]"></a>RCC_IRQHandler</STRONG> (Thumb, 0 bytes, Stack size 0 bytes, startup_stm32f407xx.o(.text))
<BR>[Address Reference Count : 1]<UL><LI> startup_stm32f407xx.o(RESET)
</UL>
<P><STRONG><a name="[35]"></a>RTC_Alarm_IRQHandler</STRONG> (Thumb, 0 bytes, Stack size 0 bytes, startup_stm32f407xx.o(.text))
<BR>[Address Reference Count : 1]<UL><LI> startup_stm32f407xx.o(RESET)
</UL>
<P><STRONG><a name="[f]"></a>RTC_WKUP_IRQHandler</STRONG> (Thumb, 0 bytes, Stack size 0 bytes, startup_stm32f407xx.o(.text))
<BR>[Address Reference Count : 1]<UL><LI> startup_stm32f407xx.o(RESET)
</UL>
<P><STRONG><a name="[3d]"></a>SDIO_IRQHandler</STRONG> (Thumb, 0 bytes, Stack size 0 bytes, startup_stm32f407xx.o(.text))
<BR>[Address Reference Count : 1]<UL><LI> startup_stm32f407xx.o(RESET)
</UL>
<P><STRONG><a name="[2f]"></a>SPI1_IRQHandler</STRONG> (Thumb, 0 bytes, Stack size 0 bytes, startup_stm32f407xx.o(.text))
<BR>[Address Reference Count : 1]<UL><LI> startup_stm32f407xx.o(RESET)
</UL>
<P><STRONG><a name="[30]"></a>SPI2_IRQHandler</STRONG> (Thumb, 0 bytes, Stack size 0 bytes, startup_stm32f407xx.o(.text))
<BR>[Address Reference Count : 1]<UL><LI> startup_stm32f407xx.o(RESET)
</UL>
<P><STRONG><a name="[3f]"></a>SPI3_IRQHandler</STRONG> (Thumb, 0 bytes, Stack size 0 bytes, startup_stm32f407xx.o(.text))
<BR>[Address Reference Count : 1]<UL><LI> startup_stm32f407xx.o(RESET)
</UL>
<P><STRONG><a name="[e]"></a>TAMP_STAMP_IRQHandler</STRONG> (Thumb, 0 bytes, Stack size 0 bytes, startup_stm32f407xx.o(.text))
<BR>[Address Reference Count : 1]<UL><LI> startup_stm32f407xx.o(RESET)
</UL>
<P><STRONG><a name="[24]"></a>TIM1_BRK_TIM9_IRQHandler</STRONG> (Thumb, 0 bytes, Stack size 0 bytes, startup_stm32f407xx.o(.text))
<BR>[Address Reference Count : 1]<UL><LI> startup_stm32f407xx.o(RESET)
</UL>
<P><STRONG><a name="[27]"></a>TIM1_CC_IRQHandler</STRONG> (Thumb, 0 bytes, Stack size 0 bytes, startup_stm32f407xx.o(.text))
<BR>[Address Reference Count : 1]<UL><LI> startup_stm32f407xx.o(RESET)
</UL>
<P><STRONG><a name="[26]"></a>TIM1_TRG_COM_TIM11_IRQHandler</STRONG> (Thumb, 0 bytes, Stack size 0 bytes, startup_stm32f407xx.o(.text))
<BR>[Address Reference Count : 1]<UL><LI> startup_stm32f407xx.o(RESET)
</UL>
<P><STRONG><a name="[25]"></a>TIM1_UP_TIM10_IRQHandler</STRONG> (Thumb, 0 bytes, Stack size 0 bytes, startup_stm32f407xx.o(.text))
<BR>[Address Reference Count : 1]<UL><LI> startup_stm32f407xx.o(RESET)
</UL>
<P><STRONG><a name="[2a]"></a>TIM4_IRQHandler</STRONG> (Thumb, 0 bytes, Stack size 0 bytes, startup_stm32f407xx.o(.text))
<BR>[Address Reference Count : 1]<UL><LI> startup_stm32f407xx.o(RESET)
</UL>
<P><STRONG><a name="[3e]"></a>TIM5_IRQHandler</STRONG> (Thumb, 0 bytes, Stack size 0 bytes, startup_stm32f407xx.o(.text))
<BR>[Address Reference Count : 1]<UL><LI> startup_stm32f407xx.o(RESET)
</UL>
<P><STRONG><a name="[43]"></a>TIM7_IRQHandler</STRONG> (Thumb, 0 bytes, Stack size 0 bytes, startup_stm32f407xx.o(.text))
<BR>[Address Reference Count : 1]<UL><LI> startup_stm32f407xx.o(RESET)
</UL>
<P><STRONG><a name="[37]"></a>TIM8_BRK_TIM12_IRQHandler</STRONG> (Thumb, 0 bytes, Stack size 0 bytes, startup_stm32f407xx.o(.text))
<BR>[Address Reference Count : 1]<UL><LI> startup_stm32f407xx.o(RESET)
</UL>
<P><STRONG><a name="[3a]"></a>TIM8_CC_IRQHandler</STRONG> (Thumb, 0 bytes, Stack size 0 bytes, startup_stm32f407xx.o(.text))
<BR>[Address Reference Count : 1]<UL><LI> startup_stm32f407xx.o(RESET)
</UL>
<P><STRONG><a name="[39]"></a>TIM8_TRG_COM_TIM14_IRQHandler</STRONG> (Thumb, 0 bytes, Stack size 0 bytes, startup_stm32f407xx.o(.text))
<BR>[Address Reference Count : 1]<UL><LI> startup_stm32f407xx.o(RESET)
</UL>
<P><STRONG><a name="[38]"></a>TIM8_UP_TIM13_IRQHandler</STRONG> (Thumb, 0 bytes, Stack size 0 bytes, startup_stm32f407xx.o(.text))
<BR>[Address Reference Count : 1]<UL><LI> startup_stm32f407xx.o(RESET)
</UL>
<P><STRONG><a name="[40]"></a>UART4_IRQHandler</STRONG> (Thumb, 0 bytes, Stack size 0 bytes, startup_stm32f407xx.o(.text))
<BR>[Address Reference Count : 1]<UL><LI> startup_stm32f407xx.o(RESET)
</UL>
<P><STRONG><a name="[41]"></a>UART5_IRQHandler</STRONG> (Thumb, 0 bytes, Stack size 0 bytes, startup_stm32f407xx.o(.text))
<BR>[Address Reference Count : 1]<UL><LI> startup_stm32f407xx.o(RESET)
</UL>
<P><STRONG><a name="[31]"></a>USART1_IRQHandler</STRONG> (Thumb, 0 bytes, Stack size 0 bytes, startup_stm32f407xx.o(.text))
<BR>[Address Reference Count : 1]<UL><LI> startup_stm32f407xx.o(RESET)
</UL>
<P><STRONG><a name="[32]"></a>USART2_IRQHandler</STRONG> (Thumb, 0 bytes, Stack size 0 bytes, startup_stm32f407xx.o(.text))
<BR>[Address Reference Count : 1]<UL><LI> startup_stm32f407xx.o(RESET)
</UL>
<P><STRONG><a name="[33]"></a>USART3_IRQHandler</STRONG> (Thumb, 0 bytes, Stack size 0 bytes, startup_stm32f407xx.o(.text))
<BR>[Address Reference Count : 1]<UL><LI> startup_stm32f407xx.o(RESET)
</UL>
<P><STRONG><a name="[53]"></a>USART6_IRQHandler</STRONG> (Thumb, 0 bytes, Stack size 0 bytes, startup_stm32f407xx.o(.text))
<BR>[Address Reference Count : 1]<UL><LI> startup_stm32f407xx.o(RESET)
</UL>
<P><STRONG><a name="[c]"></a>WWDG_IRQHandler</STRONG> (Thumb, 0 bytes, Stack size 0 bytes, startup_stm32f407xx.o(.text))
<BR>[Address Reference Count : 1]<UL><LI> startup_stm32f407xx.o(RESET)
</UL>
<P><STRONG><a name="[92]"></a>__aeabi_uldivmod</STRONG> (Thumb, 98 bytes, Stack size 40 bytes, uldiv.o(.text))
<BR><BR>[Stack]<UL><LI>Max Depth = 40<LI>Call Chain = __aeabi_uldivmod
</UL>
<BR>[Calls]<UL><LI><a href="#[93]">&gt;&gt;</a>&nbsp;&nbsp;&nbsp;__aeabi_llsr
<LI><a href="#[94]">&gt;&gt;</a>&nbsp;&nbsp;&nbsp;__aeabi_llsl
</UL>
<BR>[Called By]<UL><LI><a href="#[d4]">&gt;&gt;</a>&nbsp;&nbsp;&nbsp;HAL_RCC_GetSysClockFreq
<LI><a href="#[fe]">&gt;&gt;</a>&nbsp;&nbsp;&nbsp;UART_SetConfig
<LI><a href="#[155]">&gt;&gt;</a>&nbsp;&nbsp;&nbsp;_printf_core
<LI><a href="#[95]">&gt;&gt;</a>&nbsp;&nbsp;&nbsp;__aeabi_ldivmod
</UL>

<P><STRONG><a name="[95]"></a>__aeabi_ldivmod</STRONG> (Thumb, 98 bytes, Stack size 24 bytes, ldiv.o(.text))
<BR><BR>[Stack]<UL><LI>Max Depth = 64<LI>Call Chain = __aeabi_ldivmod &rArr; __aeabi_uldivmod
</UL>
<BR>[Calls]<UL><LI><a href="#[92]">&gt;&gt;</a>&nbsp;&nbsp;&nbsp;__aeabi_uldivmod
</UL>
<BR>[Called By]<UL><LI><a href="#[aa]">&gt;&gt;</a>&nbsp;&nbsp;&nbsp;Get_Dist
</UL>

<P><STRONG><a name="[252]"></a>rand</STRONG> (Thumb, 20 bytes, Stack size 0 bytes, rand.o(.text))
<BR><BR>[Called By]<UL><LI><a href="#[1a6]">&gt;&gt;</a>&nbsp;&nbsp;&nbsp;udp_init
<LI><a href="#[1a7]">&gt;&gt;</a>&nbsp;&nbsp;&nbsp;tcp_init
</UL>

<P><STRONG><a name="[296]"></a>srand</STRONG> (Thumb, 6 bytes, Stack size 0 bytes, rand.o(.text), UNUSED)

<P><STRONG><a name="[297]"></a>___aeabi_memcpy8$move</STRONG> (Thumb, 0 bytes, Stack size 8 bytes, memmovea.o(.text), UNUSED)

<P><STRONG><a name="[150]"></a>__aeabi_memcpy</STRONG> (Thumb, 64 bytes, Stack size 8 bytes, memmovea.o(.text))
<BR><BR>[Stack]<UL><LI>Max Depth = 8<LI>Call Chain = __aeabi_memcpy
</UL>
<BR>[Called By]<UL><LI><a href="#[88]">&gt;&gt;</a>&nbsp;&nbsp;&nbsp;StartUDPTXTask
<LI><a href="#[67]">&gt;&gt;</a>&nbsp;&nbsp;&nbsp;low_level_output
<LI><a href="#[177]">&gt;&gt;</a>&nbsp;&nbsp;&nbsp;low_level_input
<LI><a href="#[183]">&gt;&gt;</a>&nbsp;&nbsp;&nbsp;pbuf_copy
<LI><a href="#[1c3]">&gt;&gt;</a>&nbsp;&nbsp;&nbsp;pbuf_copy_partial
<LI><a href="#[1c7]">&gt;&gt;</a>&nbsp;&nbsp;&nbsp;lwip_sock_make_addr
<LI><a href="#[1be]">&gt;&gt;</a>&nbsp;&nbsp;&nbsp;tcp_write
<LI><a href="#[198]">&gt;&gt;</a>&nbsp;&nbsp;&nbsp;ip_reass_free_complete_datagram
<LI><a href="#[18e]">&gt;&gt;</a>&nbsp;&nbsp;&nbsp;ip4_reass
<LI><a href="#[187]">&gt;&gt;</a>&nbsp;&nbsp;&nbsp;ip4_frag
<LI><a href="#[182]">&gt;&gt;</a>&nbsp;&nbsp;&nbsp;icmp_input
<LI><a href="#[181]">&gt;&gt;</a>&nbsp;&nbsp;&nbsp;icmp_send_response
<LI><a href="#[228]">&gt;&gt;</a>&nbsp;&nbsp;&nbsp;prvCopyDataToQueue
<LI><a href="#[227]">&gt;&gt;</a>&nbsp;&nbsp;&nbsp;prvCopyDataFromQueue
</UL>

<P><STRONG><a name="[124]"></a>__aeabi_memcpy4</STRONG> (Thumb, 0 bytes, Stack size 8 bytes, memmovea.o(.text))
<BR><BR>[Stack]<UL><LI>Max Depth = 8<LI>Call Chain = __aeabi_memcpy4
</UL>
<BR>[Called By]<UL><LI><a href="#[128]">&gt;&gt;</a>&nbsp;&nbsp;&nbsp;MX_LWIP_Init
<LI><a href="#[11f]">&gt;&gt;</a>&nbsp;&nbsp;&nbsp;MX_FREERTOS_Init
<LI><a href="#[174]">&gt;&gt;</a>&nbsp;&nbsp;&nbsp;low_level_init
<LI><a href="#[26c]">&gt;&gt;</a>&nbsp;&nbsp;&nbsp;tcp_seg_copy
</UL>

<P><STRONG><a name="[298]"></a>__aeabi_memmove</STRONG> (Thumb, 0 bytes, Stack size 8 bytes, memmovea.o(.text), UNUSED)

<P><STRONG><a name="[299]"></a>__aeabi_memmove4</STRONG> (Thumb, 0 bytes, Stack size 8 bytes, memmovea.o(.text), UNUSED)

<P><STRONG><a name="[29a]"></a>__aeabi_memmove8</STRONG> (Thumb, 0 bytes, Stack size 8 bytes, memmovea.o(.text), UNUSED)

<P><STRONG><a name="[97]"></a>__aeabi_memset</STRONG> (Thumb, 14 bytes, Stack size 0 bytes, memseta.o(.text))
<BR><BR>[Called By]<UL><LI><a href="#[81]">&gt;&gt;</a>&nbsp;&nbsp;&nbsp;StartDefaultTask
<LI><a href="#[98]">&gt;&gt;</a>&nbsp;&nbsp;&nbsp;memset
<LI><a href="#[96]">&gt;&gt;</a>&nbsp;&nbsp;&nbsp;__aeabi_memclr
</UL>

<P><STRONG><a name="[29b]"></a>__aeabi_memset4</STRONG> (Thumb, 0 bytes, Stack size 0 bytes, memseta.o(.text), UNUSED)

<P><STRONG><a name="[29c]"></a>__aeabi_memset8</STRONG> (Thumb, 0 bytes, Stack size 0 bytes, memseta.o(.text), UNUSED)

<P><STRONG><a name="[96]"></a>__aeabi_memclr</STRONG> (Thumb, 4 bytes, Stack size 0 bytes, memseta.o(.text), UNUSED)
<BR><BR>[Calls]<UL><LI><a href="#[97]">&gt;&gt;</a>&nbsp;&nbsp;&nbsp;__aeabi_memset
</UL>

<P><STRONG><a name="[b1]"></a>__aeabi_memclr4</STRONG> (Thumb, 0 bytes, Stack size 0 bytes, memseta.o(.text))
<BR><BR>[Called By]<UL><LI><a href="#[88]">&gt;&gt;</a>&nbsp;&nbsp;&nbsp;StartUDPTXTask
<LI><a href="#[132]">&gt;&gt;</a>&nbsp;&nbsp;&nbsp;MX_TIM3_Init
<LI><a href="#[127]">&gt;&gt;</a>&nbsp;&nbsp;&nbsp;MX_GPIO_Init
<LI><a href="#[126]">&gt;&gt;</a>&nbsp;&nbsp;&nbsp;MX_FSMC_Init
<LI><a href="#[152]">&gt;&gt;</a>&nbsp;&nbsp;&nbsp;SystemClock_Config
<LI><a href="#[c1]">&gt;&gt;</a>&nbsp;&nbsp;&nbsp;HAL_ETH_MspInit
<LI><a href="#[fd]">&gt;&gt;</a>&nbsp;&nbsp;&nbsp;HAL_UART_MspInit
<LI><a href="#[f2]">&gt;&gt;</a>&nbsp;&nbsp;&nbsp;HAL_TIM_MspPostInit
<LI><a href="#[db]">&gt;&gt;</a>&nbsp;&nbsp;&nbsp;HAL_TIM_Base_MspInit
<LI><a href="#[c9]">&gt;&gt;</a>&nbsp;&nbsp;&nbsp;HAL_FSMC_MspInit
<LI><a href="#[b0]">&gt;&gt;</a>&nbsp;&nbsp;&nbsp;HAL_DCMI_MspInit
<LI><a href="#[240]">&gt;&gt;</a>&nbsp;&nbsp;&nbsp;tcp_alloc
<LI><a href="#[238]">&gt;&gt;</a>&nbsp;&nbsp;&nbsp;sys_thread_new
<LI><a href="#[18e]">&gt;&gt;</a>&nbsp;&nbsp;&nbsp;ip4_reass
<LI><a href="#[278]">&gt;&gt;</a>&nbsp;&nbsp;&nbsp;udp_new
</UL>

<P><STRONG><a name="[29d]"></a>__aeabi_memclr8</STRONG> (Thumb, 0 bytes, Stack size 0 bytes, memseta.o(.text), UNUSED)

<P><STRONG><a name="[98]"></a>memset</STRONG> (Thumb, 18 bytes, Stack size 8 bytes, memseta.o(.text), UNUSED)
<BR><BR>[Calls]<UL><LI><a href="#[97]">&gt;&gt;</a>&nbsp;&nbsp;&nbsp;__aeabi_memset
</UL>

<P><STRONG><a name="[171]"></a>memcmp</STRONG> (Thumb, 26 bytes, Stack size 12 bytes, memcmp.o(.text))
<BR><BR>[Stack]<UL><LI>Max Depth = 12<LI>Call Chain = memcmp
</UL>
<BR>[Called By]<UL><LI><a href="#[7e]">&gt;&gt;</a>&nbsp;&nbsp;&nbsp;ethernet_input
</UL>

<P><STRONG><a name="[99]"></a>__aeabi_dmul</STRONG> (Thumb, 228 bytes, Stack size 48 bytes, dmul.o(.text))
<BR><BR>[Stack]<UL><LI>Max Depth = 88<LI>Call Chain = __aeabi_dmul &rArr; _double_epilogue &rArr; _double_round
</UL>
<BR>[Calls]<UL><LI><a href="#[9a]">&gt;&gt;</a>&nbsp;&nbsp;&nbsp;_double_epilogue
</UL>
<BR>[Called By]<UL><LI><a href="#[110]">&gt;&gt;</a>&nbsp;&nbsp;&nbsp;LCD_SSD_BackLightSet
</UL>

<P><STRONG><a name="[9b]"></a>__aeabi_ui2d</STRONG> (Thumb, 26 bytes, Stack size 16 bytes, dfltui.o(.text))
<BR><BR>[Stack]<UL><LI>Max Depth = 56<LI>Call Chain = __aeabi_ui2d &rArr; _double_epilogue &rArr; _double_round
</UL>
<BR>[Calls]<UL><LI><a href="#[9a]">&gt;&gt;</a>&nbsp;&nbsp;&nbsp;_double_epilogue
</UL>
<BR>[Called By]<UL><LI><a href="#[110]">&gt;&gt;</a>&nbsp;&nbsp;&nbsp;LCD_SSD_BackLightSet
</UL>

<P><STRONG><a name="[9c]"></a>__aeabi_d2uiz</STRONG> (Thumb, 50 bytes, Stack size 8 bytes, dfixui.o(.text))
<BR><BR>[Stack]<UL><LI>Max Depth = 8<LI>Call Chain = __aeabi_d2uiz
</UL>
<BR>[Calls]<UL><LI><a href="#[93]">&gt;&gt;</a>&nbsp;&nbsp;&nbsp;__aeabi_llsr
</UL>
<BR>[Called By]<UL><LI><a href="#[110]">&gt;&gt;</a>&nbsp;&nbsp;&nbsp;LCD_SSD_BackLightSet
</UL>

<P><STRONG><a name="[94]"></a>__aeabi_llsl</STRONG> (Thumb, 30 bytes, Stack size 0 bytes, llshl.o(.text))
<BR><BR>[Called By]<UL><LI><a href="#[9a]">&gt;&gt;</a>&nbsp;&nbsp;&nbsp;_double_epilogue
<LI><a href="#[92]">&gt;&gt;</a>&nbsp;&nbsp;&nbsp;__aeabi_uldivmod
</UL>

<P><STRONG><a name="[29e]"></a>_ll_shift_l</STRONG> (Thumb, 0 bytes, Stack size 0 bytes, llshl.o(.text), UNUSED)

<P><STRONG><a name="[93]"></a>__aeabi_llsr</STRONG> (Thumb, 32 bytes, Stack size 0 bytes, llushr.o(.text))
<BR><BR>[Called By]<UL><LI><a href="#[9c]">&gt;&gt;</a>&nbsp;&nbsp;&nbsp;__aeabi_d2uiz
<LI><a href="#[9a]">&gt;&gt;</a>&nbsp;&nbsp;&nbsp;_double_epilogue
<LI><a href="#[92]">&gt;&gt;</a>&nbsp;&nbsp;&nbsp;__aeabi_uldivmod
</UL>

<P><STRONG><a name="[29f]"></a>_ll_ushift_r</STRONG> (Thumb, 0 bytes, Stack size 0 bytes, llushr.o(.text), UNUSED)

<P><STRONG><a name="[2a0]"></a>__I$use$fp</STRONG> (Thumb, 0 bytes, Stack size 8 bytes, iusefp.o(.text), UNUSED)

<P><STRONG><a name="[9d]"></a>_double_round</STRONG> (Thumb, 30 bytes, Stack size 8 bytes, depilogue.o(.text))
<BR><BR>[Stack]<UL><LI>Max Depth = 8<LI>Call Chain = _double_round
</UL>
<BR>[Called By]<UL><LI><a href="#[9a]">&gt;&gt;</a>&nbsp;&nbsp;&nbsp;_double_epilogue
</UL>

<P><STRONG><a name="[9a]"></a>_double_epilogue</STRONG> (Thumb, 156 bytes, Stack size 32 bytes, depilogue.o(.text))
<BR><BR>[Stack]<UL><LI>Max Depth = 40<LI>Call Chain = _double_epilogue &rArr; _double_round
</UL>
<BR>[Calls]<UL><LI><a href="#[9d]">&gt;&gt;</a>&nbsp;&nbsp;&nbsp;_double_round
<LI><a href="#[93]">&gt;&gt;</a>&nbsp;&nbsp;&nbsp;__aeabi_llsr
<LI><a href="#[94]">&gt;&gt;</a>&nbsp;&nbsp;&nbsp;__aeabi_llsl
</UL>
<BR>[Called By]<UL><LI><a href="#[9b]">&gt;&gt;</a>&nbsp;&nbsp;&nbsp;__aeabi_ui2d
<LI><a href="#[99]">&gt;&gt;</a>&nbsp;&nbsp;&nbsp;__aeabi_dmul
</UL>

<P><STRONG><a name="[90]"></a>__scatterload</STRONG> (Thumb, 28 bytes, Stack size 0 bytes, init.o(.text))
<BR><BR>[Calls]<UL><LI><a href="#[9e]">&gt;&gt;</a>&nbsp;&nbsp;&nbsp;__main_after_scatterload
</UL>
<BR>[Called By]<UL><LI><a href="#[8f]">&gt;&gt;</a>&nbsp;&nbsp;&nbsp;_main_scatterload
</UL>

<P><STRONG><a name="[2a1]"></a>__scatterload_rt2</STRONG> (Thumb, 0 bytes, Stack size 0 bytes, init.o(.text), UNUSED)

<P><STRONG><a name="[2a2]"></a>__decompress</STRONG> (Thumb, 0 bytes, Stack size unknown bytes, __dczerorl.o(.text), UNUSED)

<P><STRONG><a name="[2a3]"></a>__decompress0</STRONG> (Thumb, 58 bytes, Stack size unknown bytes, __dczerorl.o(.text), UNUSED)

<P><STRONG><a name="[6]"></a>BusFault_Handler</STRONG> (Thumb, 2 bytes, Stack size 0 bytes, stm32f4xx_it.o(i.BusFault_Handler))
<BR><BR>[Calls]<UL><LI><a href="#[6]">&gt;&gt;</a>&nbsp;&nbsp;&nbsp;BusFault_Handler
</UL>
<BR>[Called By]<UL><LI><a href="#[6]">&gt;&gt;</a>&nbsp;&nbsp;&nbsp;BusFault_Handler
</UL>
<BR>[Address Reference Count : 1]<UL><LI> startup_stm32f407xx.o(RESET)
</UL>
<P><STRONG><a name="[5a]"></a>DCMI_IRQHandler</STRONG> (Thumb, 6 bytes, Stack size 0 bytes, stm32f4xx_it.o(i.DCMI_IRQHandler))
<BR><BR>[Stack]<UL><LI>Max Depth = 72<LI>Call Chain = DCMI_IRQHandler &rArr; HAL_DCMI_IRQHandler &rArr; HAL_DCMI_FrameEventCallback &rArr; jpeg_data_process &rArr; __2printf
</UL>
<BR>[Calls]<UL><LI><a href="#[a0]">&gt;&gt;</a>&nbsp;&nbsp;&nbsp;HAL_DCMI_IRQHandler
</UL>
<BR>[Address Reference Count : 1]<UL><LI> startup_stm32f407xx.o(RESET)
</UL>
<P><STRONG><a name="[14a]"></a>DCMI_Start</STRONG> (Thumb, 24 bytes, Stack size 0 bytes, dcmi.o(i.DCMI_Start))
<BR><BR>[Called By]<UL><LI><a href="#[82]">&gt;&gt;</a>&nbsp;&nbsp;&nbsp;StartImageTransmissionTask
</UL>

<P><STRONG><a name="[a1]"></a>DCMI_Stop</STRONG> (Thumb, 22 bytes, Stack size 0 bytes, dcmi.o(i.DCMI_Stop))
<BR><BR>[Calls]<UL><LI><a href="#[a2]">&gt;&gt;</a>&nbsp;&nbsp;&nbsp;HAL_DMA_Abort_IT
</UL>
<BR>[Called By]<UL><LI><a href="#[82]">&gt;&gt;</a>&nbsp;&nbsp;&nbsp;StartImageTransmissionTask
</UL>

<P><STRONG><a name="[45]"></a>DMA2_Stream1_IRQHandler</STRONG> (Thumb, 122 bytes, Stack size 24 bytes, dcmi.o(i.DMA2_Stream1_IRQHandler))
<BR><BR>[Stack]<UL><LI>Max Depth = 56<LI>Call Chain = DMA2_Stream1_IRQHandler &rArr; HAL_DMA_IRQHandler
</UL>
<BR>[Calls]<UL><LI><a href="#[a4]">&gt;&gt;</a>&nbsp;&nbsp;&nbsp;HAL_DMA_IRQHandler
<LI><a href="#[a3]">&gt;&gt;</a>&nbsp;&nbsp;&nbsp;__2printf
</UL>
<BR>[Address Reference Count : 1]<UL><LI> startup_stm32f407xx.o(RESET)
</UL>
<P><STRONG><a name="[9]"></a>DebugMon_Handler</STRONG> (Thumb, 2 bytes, Stack size 0 bytes, stm32f4xx_it.o(i.DebugMon_Handler))
<BR>[Address Reference Count : 1]<UL><LI> startup_stm32f407xx.o(RESET)
</UL>
<P><STRONG><a name="[49]"></a>ETH_IRQHandler</STRONG> (Thumb, 6 bytes, Stack size 0 bytes, stm32f4xx_it.o(i.ETH_IRQHandler))
<BR><BR>[Stack]<UL><LI>Max Depth = 152<LI>Call Chain = ETH_IRQHandler &rArr; HAL_ETH_IRQHandler &rArr; HAL_ETH_RxCpltCallback &rArr; osSemaphoreRelease &rArr; xQueueGenericSend &rArr; xTaskResumeAll &rArr; xTaskIncrementTick
</UL>
<BR>[Calls]<UL><LI><a href="#[a7]">&gt;&gt;</a>&nbsp;&nbsp;&nbsp;HAL_ETH_IRQHandler
</UL>
<BR>[Address Reference Count : 1]<UL><LI> startup_stm32f407xx.o(RESET)
</UL>
<P><STRONG><a name="[b4]"></a>Error_Handler</STRONG> (Thumb, 4 bytes, Stack size 0 bytes, main.o(i.Error_Handler))
<BR><BR>[Called By]<UL><LI><a href="#[133]">&gt;&gt;</a>&nbsp;&nbsp;&nbsp;MX_USART1_UART_Init
<LI><a href="#[132]">&gt;&gt;</a>&nbsp;&nbsp;&nbsp;MX_TIM3_Init
<LI><a href="#[130]">&gt;&gt;</a>&nbsp;&nbsp;&nbsp;MX_TIM2_Init
<LI><a href="#[126]">&gt;&gt;</a>&nbsp;&nbsp;&nbsp;MX_FSMC_Init
<LI><a href="#[11d]">&gt;&gt;</a>&nbsp;&nbsp;&nbsp;MX_DCMI_Init
<LI><a href="#[b0]">&gt;&gt;</a>&nbsp;&nbsp;&nbsp;HAL_DCMI_MspInit
</UL>

<P><STRONG><a name="[da]"></a>FSMC_NORSRAM_Extended_Timing_Init</STRONG> (Thumb, 60 bytes, Stack size 16 bytes, stm32f4xx_ll_fsmc.o(i.FSMC_NORSRAM_Extended_Timing_Init))
<BR><BR>[Stack]<UL><LI>Max Depth = 16<LI>Call Chain = FSMC_NORSRAM_Extended_Timing_Init
</UL>
<BR>[Called By]<UL><LI><a href="#[d6]">&gt;&gt;</a>&nbsp;&nbsp;&nbsp;HAL_SRAM_Init
</UL>

<P><STRONG><a name="[d8]"></a>FSMC_NORSRAM_Init</STRONG> (Thumb, 80 bytes, Stack size 20 bytes, stm32f4xx_ll_fsmc.o(i.FSMC_NORSRAM_Init))
<BR><BR>[Stack]<UL><LI>Max Depth = 20<LI>Call Chain = FSMC_NORSRAM_Init
</UL>
<BR>[Called By]<UL><LI><a href="#[d6]">&gt;&gt;</a>&nbsp;&nbsp;&nbsp;HAL_SRAM_Init
</UL>

<P><STRONG><a name="[d9]"></a>FSMC_NORSRAM_Timing_Init</STRONG> (Thumb, 64 bytes, Stack size 12 bytes, stm32f4xx_ll_fsmc.o(i.FSMC_NORSRAM_Timing_Init))
<BR><BR>[Stack]<UL><LI>Max Depth = 12<LI>Call Chain = FSMC_NORSRAM_Timing_Init
</UL>
<BR>[Called By]<UL><LI><a href="#[d6]">&gt;&gt;</a>&nbsp;&nbsp;&nbsp;HAL_SRAM_Init
</UL>

<P><STRONG><a name="[aa]"></a>Get_Dist</STRONG> (Thumb, 232 bytes, Stack size 24 bytes, hc_sr04.o(i.Get_Dist))
<BR><BR>[Stack]<UL><LI>Max Depth = 88<LI>Call Chain = Get_Dist &rArr; __aeabi_ldivmod &rArr; __aeabi_uldivmod
</UL>
<BR>[Calls]<UL><LI><a href="#[a3]">&gt;&gt;</a>&nbsp;&nbsp;&nbsp;__2printf
<LI><a href="#[95]">&gt;&gt;</a>&nbsp;&nbsp;&nbsp;__aeabi_ldivmod
</UL>
<BR>[Called By]<UL><LI><a href="#[85]">&gt;&gt;</a>&nbsp;&nbsp;&nbsp;StartLitterDropTask
<LI><a href="#[87]">&gt;&gt;</a>&nbsp;&nbsp;&nbsp;StartGarbageDetectionTask
</UL>

<P><STRONG><a name="[9f]"></a>HAL_DCMI_ErrorCallback</STRONG> (Thumb, 2 bytes, Stack size 0 bytes, stm32f4xx_hal_dcmi.o(i.HAL_DCMI_ErrorCallback))
<BR><BR>[Called By]<UL><LI><a href="#[60]">&gt;&gt;</a>&nbsp;&nbsp;&nbsp;DCMI_DMAError
</UL>

<P><STRONG><a name="[ab]"></a>HAL_DCMI_FrameEventCallback</STRONG> (Thumb, 32 bytes, Stack size 8 bytes, dcmi.o(i.HAL_DCMI_FrameEventCallback))
<BR><BR>[Stack]<UL><LI>Max Depth = 48<LI>Call Chain = HAL_DCMI_FrameEventCallback &rArr; jpeg_data_process &rArr; __2printf
</UL>
<BR>[Calls]<UL><LI><a href="#[ac]">&gt;&gt;</a>&nbsp;&nbsp;&nbsp;jpeg_data_process
<LI><a href="#[a3]">&gt;&gt;</a>&nbsp;&nbsp;&nbsp;__2printf
</UL>
<BR>[Called By]<UL><LI><a href="#[a0]">&gt;&gt;</a>&nbsp;&nbsp;&nbsp;HAL_DCMI_IRQHandler
</UL>

<P><STRONG><a name="[a0]"></a>HAL_DCMI_IRQHandler</STRONG> (Thumb, 148 bytes, Stack size 24 bytes, stm32f4xx_hal_dcmi.o(i.HAL_DCMI_IRQHandler))
<BR><BR>[Stack]<UL><LI>Max Depth = 72<LI>Call Chain = HAL_DCMI_IRQHandler &rArr; HAL_DCMI_FrameEventCallback &rArr; jpeg_data_process &rArr; __2printf
</UL>
<BR>[Calls]<UL><LI><a href="#[a2]">&gt;&gt;</a>&nbsp;&nbsp;&nbsp;HAL_DMA_Abort_IT
<LI><a href="#[ab]">&gt;&gt;</a>&nbsp;&nbsp;&nbsp;HAL_DCMI_FrameEventCallback
<LI><a href="#[ae]">&gt;&gt;</a>&nbsp;&nbsp;&nbsp;HAL_DCMI_VsyncEventCallback
<LI><a href="#[ad]">&gt;&gt;</a>&nbsp;&nbsp;&nbsp;HAL_DCMI_LineEventCallback
</UL>
<BR>[Called By]<UL><LI><a href="#[5a]">&gt;&gt;</a>&nbsp;&nbsp;&nbsp;DCMI_IRQHandler
</UL>

<P><STRONG><a name="[af]"></a>HAL_DCMI_Init</STRONG> (Thumb, 124 bytes, Stack size 8 bytes, stm32f4xx_hal_dcmi_ex.o(i.HAL_DCMI_Init))
<BR><BR>[Stack]<UL><LI>Max Depth = 96<LI>Call Chain = HAL_DCMI_Init &rArr; HAL_DCMI_MspInit &rArr; HAL_GPIO_Init
</UL>
<BR>[Calls]<UL><LI><a href="#[b0]">&gt;&gt;</a>&nbsp;&nbsp;&nbsp;HAL_DCMI_MspInit
</UL>
<BR>[Called By]<UL><LI><a href="#[11d]">&gt;&gt;</a>&nbsp;&nbsp;&nbsp;MX_DCMI_Init
</UL>

<P><STRONG><a name="[ad]"></a>HAL_DCMI_LineEventCallback</STRONG> (Thumb, 2 bytes, Stack size 0 bytes, stm32f4xx_hal_dcmi.o(i.HAL_DCMI_LineEventCallback))
<BR><BR>[Called By]<UL><LI><a href="#[a0]">&gt;&gt;</a>&nbsp;&nbsp;&nbsp;HAL_DCMI_IRQHandler
</UL>

<P><STRONG><a name="[b0]"></a>HAL_DCMI_MspInit</STRONG> (Thumb, 338 bytes, Stack size 48 bytes, dcmi.o(i.HAL_DCMI_MspInit))
<BR><BR>[Stack]<UL><LI>Max Depth = 88<LI>Call Chain = HAL_DCMI_MspInit &rArr; HAL_GPIO_Init
</UL>
<BR>[Calls]<UL><LI><a href="#[b2]">&gt;&gt;</a>&nbsp;&nbsp;&nbsp;HAL_GPIO_Init
<LI><a href="#[b4]">&gt;&gt;</a>&nbsp;&nbsp;&nbsp;Error_Handler
<LI><a href="#[b5]">&gt;&gt;</a>&nbsp;&nbsp;&nbsp;HAL_NVIC_SetPriority
<LI><a href="#[b6]">&gt;&gt;</a>&nbsp;&nbsp;&nbsp;HAL_NVIC_EnableIRQ
<LI><a href="#[b3]">&gt;&gt;</a>&nbsp;&nbsp;&nbsp;HAL_DMA_Init
<LI><a href="#[b7]">&gt;&gt;</a>&nbsp;&nbsp;&nbsp;HAL_DMAEx_MultiBufferStart
<LI><a href="#[a3]">&gt;&gt;</a>&nbsp;&nbsp;&nbsp;__2printf
<LI><a href="#[b1]">&gt;&gt;</a>&nbsp;&nbsp;&nbsp;__aeabi_memclr4
</UL>
<BR>[Called By]<UL><LI><a href="#[af]">&gt;&gt;</a>&nbsp;&nbsp;&nbsp;HAL_DCMI_Init
</UL>

<P><STRONG><a name="[ae]"></a>HAL_DCMI_VsyncEventCallback</STRONG> (Thumb, 2 bytes, Stack size 0 bytes, stm32f4xx_hal_dcmi.o(i.HAL_DCMI_VsyncEventCallback))
<BR><BR>[Called By]<UL><LI><a href="#[a0]">&gt;&gt;</a>&nbsp;&nbsp;&nbsp;HAL_DCMI_IRQHandler
</UL>

<P><STRONG><a name="[b7]"></a>HAL_DMAEx_MultiBufferStart</STRONG> (Thumb, 100 bytes, Stack size 24 bytes, stm32f4xx_hal_dma_ex.o(i.HAL_DMAEx_MultiBufferStart))
<BR><BR>[Stack]<UL><LI>Max Depth = 32<LI>Call Chain = HAL_DMAEx_MultiBufferStart &rArr; DMA_MultiBufferSetConfig
</UL>
<BR>[Calls]<UL><LI><a href="#[b8]">&gt;&gt;</a>&nbsp;&nbsp;&nbsp;DMA_MultiBufferSetConfig
</UL>
<BR>[Called By]<UL><LI><a href="#[b0]">&gt;&gt;</a>&nbsp;&nbsp;&nbsp;HAL_DCMI_MspInit
</UL>

<P><STRONG><a name="[a2]"></a>HAL_DMA_Abort_IT</STRONG> (Thumb, 36 bytes, Stack size 0 bytes, stm32f4xx_hal_dma.o(i.HAL_DMA_Abort_IT))
<BR><BR>[Called By]<UL><LI><a href="#[a0]">&gt;&gt;</a>&nbsp;&nbsp;&nbsp;HAL_DCMI_IRQHandler
<LI><a href="#[a1]">&gt;&gt;</a>&nbsp;&nbsp;&nbsp;DCMI_Stop
</UL>

<P><STRONG><a name="[a4]"></a>HAL_DMA_IRQHandler</STRONG> (Thumb, 412 bytes, Stack size 32 bytes, stm32f4xx_hal_dma.o(i.HAL_DMA_IRQHandler))
<BR><BR>[Stack]<UL><LI>Max Depth = 32<LI>Call Chain = HAL_DMA_IRQHandler
</UL>
<BR>[Called By]<UL><LI><a href="#[45]">&gt;&gt;</a>&nbsp;&nbsp;&nbsp;DMA2_Stream1_IRQHandler
</UL>

<P><STRONG><a name="[b3]"></a>HAL_DMA_Init</STRONG> (Thumb, 206 bytes, Stack size 24 bytes, stm32f4xx_hal_dma.o(i.HAL_DMA_Init))
<BR><BR>[Stack]<UL><LI>Max Depth = 32<LI>Call Chain = HAL_DMA_Init &rArr; DMA_CheckFifoParam
</UL>
<BR>[Calls]<UL><LI><a href="#[b9]">&gt;&gt;</a>&nbsp;&nbsp;&nbsp;HAL_GetTick
<LI><a href="#[ba]">&gt;&gt;</a>&nbsp;&nbsp;&nbsp;DMA_CheckFifoParam
<LI><a href="#[bb]">&gt;&gt;</a>&nbsp;&nbsp;&nbsp;DMA_CalcBaseAndBitshift
</UL>
<BR>[Called By]<UL><LI><a href="#[b0]">&gt;&gt;</a>&nbsp;&nbsp;&nbsp;HAL_DCMI_MspInit
</UL>

<P><STRONG><a name="[a9]"></a>HAL_Delay</STRONG> (Thumb, 32 bytes, Stack size 16 bytes, stm32f4xx_hal.o(i.HAL_Delay))
<BR><BR>[Stack]<UL><LI>Max Depth = 16<LI>Call Chain = HAL_Delay
</UL>
<BR>[Calls]<UL><LI><a href="#[b9]">&gt;&gt;</a>&nbsp;&nbsp;&nbsp;HAL_GetTick
</UL>
<BR>[Called By]<UL><LI><a href="#[a8]">&gt;&gt;</a>&nbsp;&nbsp;&nbsp;ETH_MACDMAConfig
<LI><a href="#[c0]">&gt;&gt;</a>&nbsp;&nbsp;&nbsp;HAL_ETH_Init
<LI><a href="#[bc]">&gt;&gt;</a>&nbsp;&nbsp;&nbsp;HAL_ETH_ConfigMAC
<LI><a href="#[c1]">&gt;&gt;</a>&nbsp;&nbsp;&nbsp;HAL_ETH_MspInit
<LI><a href="#[10b]">&gt;&gt;</a>&nbsp;&nbsp;&nbsp;LCD_Init
</UL>

<P><STRONG><a name="[bc]"></a>HAL_ETH_ConfigMAC</STRONG> (Thumb, 298 bytes, Stack size 24 bytes, stm32f4xx_hal_eth.o(i.HAL_ETH_ConfigMAC))
<BR><BR>[Stack]<UL><LI>Max Depth = 40<LI>Call Chain = HAL_ETH_ConfigMAC &rArr; HAL_Delay
</UL>
<BR>[Calls]<UL><LI><a href="#[a9]">&gt;&gt;</a>&nbsp;&nbsp;&nbsp;HAL_Delay
</UL>
<BR>[Called By]<UL><LI><a href="#[63]">&gt;&gt;</a>&nbsp;&nbsp;&nbsp;ethernetif_update_config
</UL>

<P><STRONG><a name="[19a]"></a>HAL_ETH_DMARxDescListInit</STRONG> (Thumb, 114 bytes, Stack size 28 bytes, stm32f4xx_hal_eth.o(i.HAL_ETH_DMARxDescListInit))
<BR><BR>[Stack]<UL><LI>Max Depth = 28<LI>Call Chain = HAL_ETH_DMARxDescListInit
</UL>
<BR>[Called By]<UL><LI><a href="#[174]">&gt;&gt;</a>&nbsp;&nbsp;&nbsp;low_level_init
</UL>

<P><STRONG><a name="[199]"></a>HAL_ETH_DMATxDescListInit</STRONG> (Thumb, 120 bytes, Stack size 28 bytes, stm32f4xx_hal_eth.o(i.HAL_ETH_DMATxDescListInit))
<BR><BR>[Stack]<UL><LI>Max Depth = 28<LI>Call Chain = HAL_ETH_DMATxDescListInit
</UL>
<BR>[Called By]<UL><LI><a href="#[174]">&gt;&gt;</a>&nbsp;&nbsp;&nbsp;low_level_init
</UL>

<P><STRONG><a name="[bf]"></a>HAL_ETH_ErrorCallback</STRONG> (Thumb, 2 bytes, Stack size 0 bytes, stm32f4xx_hal_eth.o(i.HAL_ETH_ErrorCallback))
<BR><BR>[Called By]<UL><LI><a href="#[a7]">&gt;&gt;</a>&nbsp;&nbsp;&nbsp;HAL_ETH_IRQHandler
</UL>

<P><STRONG><a name="[19b]"></a>HAL_ETH_GetReceivedFrame_IT</STRONG> (Thumb, 136 bytes, Stack size 12 bytes, stm32f4xx_hal_eth.o(i.HAL_ETH_GetReceivedFrame_IT))
<BR><BR>[Stack]<UL><LI>Max Depth = 12<LI>Call Chain = HAL_ETH_GetReceivedFrame_IT
</UL>
<BR>[Called By]<UL><LI><a href="#[177]">&gt;&gt;</a>&nbsp;&nbsp;&nbsp;low_level_input
</UL>

<P><STRONG><a name="[a7]"></a>HAL_ETH_IRQHandler</STRONG> (Thumb, 122 bytes, Stack size 16 bytes, stm32f4xx_hal_eth.o(i.HAL_ETH_IRQHandler))
<BR><BR>[Stack]<UL><LI>Max Depth = 152<LI>Call Chain = HAL_ETH_IRQHandler &rArr; HAL_ETH_RxCpltCallback &rArr; osSemaphoreRelease &rArr; xQueueGenericSend &rArr; xTaskResumeAll &rArr; xTaskIncrementTick
</UL>
<BR>[Calls]<UL><LI><a href="#[be]">&gt;&gt;</a>&nbsp;&nbsp;&nbsp;HAL_ETH_TxCpltCallback
<LI><a href="#[bf]">&gt;&gt;</a>&nbsp;&nbsp;&nbsp;HAL_ETH_ErrorCallback
<LI><a href="#[bd]">&gt;&gt;</a>&nbsp;&nbsp;&nbsp;HAL_ETH_RxCpltCallback
</UL>
<BR>[Called By]<UL><LI><a href="#[49]">&gt;&gt;</a>&nbsp;&nbsp;&nbsp;ETH_IRQHandler
</UL>

<P><STRONG><a name="[c0]"></a>HAL_ETH_Init</STRONG> (Thumb, 448 bytes, Stack size 40 bytes, stm32f4xx_hal_eth.o(i.HAL_ETH_Init))
<BR><BR>[Stack]<UL><LI>Max Depth = 128<LI>Call Chain = HAL_ETH_Init &rArr; HAL_ETH_MspInit &rArr; HAL_GPIO_Init
</UL>
<BR>[Calls]<UL><LI><a href="#[c2]">&gt;&gt;</a>&nbsp;&nbsp;&nbsp;HAL_RCC_GetHCLKFreq
<LI><a href="#[a8]">&gt;&gt;</a>&nbsp;&nbsp;&nbsp;ETH_MACDMAConfig
<LI><a href="#[b9]">&gt;&gt;</a>&nbsp;&nbsp;&nbsp;HAL_GetTick
<LI><a href="#[c3]">&gt;&gt;</a>&nbsp;&nbsp;&nbsp;HAL_ETH_WritePHYRegister
<LI><a href="#[c4]">&gt;&gt;</a>&nbsp;&nbsp;&nbsp;HAL_ETH_ReadPHYRegister
<LI><a href="#[a9]">&gt;&gt;</a>&nbsp;&nbsp;&nbsp;HAL_Delay
<LI><a href="#[c1]">&gt;&gt;</a>&nbsp;&nbsp;&nbsp;HAL_ETH_MspInit
</UL>
<BR>[Called By]<UL><LI><a href="#[174]">&gt;&gt;</a>&nbsp;&nbsp;&nbsp;low_level_init
</UL>

<P><STRONG><a name="[c1]"></a>HAL_ETH_MspInit</STRONG> (Thumb, 238 bytes, Stack size 48 bytes, ethernetif.o(i.HAL_ETH_MspInit))
<BR><BR>[Stack]<UL><LI>Max Depth = 88<LI>Call Chain = HAL_ETH_MspInit &rArr; HAL_GPIO_Init
</UL>
<BR>[Calls]<UL><LI><a href="#[c5]">&gt;&gt;</a>&nbsp;&nbsp;&nbsp;HAL_GPIO_WritePin
<LI><a href="#[b2]">&gt;&gt;</a>&nbsp;&nbsp;&nbsp;HAL_GPIO_Init
<LI><a href="#[a9]">&gt;&gt;</a>&nbsp;&nbsp;&nbsp;HAL_Delay
<LI><a href="#[b5]">&gt;&gt;</a>&nbsp;&nbsp;&nbsp;HAL_NVIC_SetPriority
<LI><a href="#[b6]">&gt;&gt;</a>&nbsp;&nbsp;&nbsp;HAL_NVIC_EnableIRQ
<LI><a href="#[b1]">&gt;&gt;</a>&nbsp;&nbsp;&nbsp;__aeabi_memclr4
</UL>
<BR>[Called By]<UL><LI><a href="#[c0]">&gt;&gt;</a>&nbsp;&nbsp;&nbsp;HAL_ETH_Init
</UL>

<P><STRONG><a name="[c4]"></a>HAL_ETH_ReadPHYRegister</STRONG> (Thumb, 130 bytes, Stack size 32 bytes, stm32f4xx_hal_eth.o(i.HAL_ETH_ReadPHYRegister))
<BR><BR>[Stack]<UL><LI>Max Depth = 32<LI>Call Chain = HAL_ETH_ReadPHYRegister
</UL>
<BR>[Calls]<UL><LI><a href="#[b9]">&gt;&gt;</a>&nbsp;&nbsp;&nbsp;HAL_GetTick
</UL>
<BR>[Called By]<UL><LI><a href="#[c0]">&gt;&gt;</a>&nbsp;&nbsp;&nbsp;HAL_ETH_Init
<LI><a href="#[63]">&gt;&gt;</a>&nbsp;&nbsp;&nbsp;ethernetif_update_config
<LI><a href="#[8b]">&gt;&gt;</a>&nbsp;&nbsp;&nbsp;ethernetif_set_link
</UL>

<P><STRONG><a name="[bd]"></a>HAL_ETH_RxCpltCallback</STRONG> (Thumb, 8 bytes, Stack size 0 bytes, ethernetif.o(i.HAL_ETH_RxCpltCallback))
<BR><BR>[Stack]<UL><LI>Max Depth = 136<LI>Call Chain = HAL_ETH_RxCpltCallback &rArr; osSemaphoreRelease &rArr; xQueueGenericSend &rArr; xTaskResumeAll &rArr; xTaskIncrementTick
</UL>
<BR>[Calls]<UL><LI><a href="#[c6]">&gt;&gt;</a>&nbsp;&nbsp;&nbsp;osSemaphoreRelease
</UL>
<BR>[Called By]<UL><LI><a href="#[a7]">&gt;&gt;</a>&nbsp;&nbsp;&nbsp;HAL_ETH_IRQHandler
</UL>

<P><STRONG><a name="[c7]"></a>HAL_ETH_Start</STRONG> (Thumb, 132 bytes, Stack size 24 bytes, stm32f4xx_hal_eth.o(i.HAL_ETH_Start))
<BR><BR>[Stack]<UL><LI>Max Depth = 48<LI>Call Chain = HAL_ETH_Start &rArr; ETH_FlushTransmitFIFO &rArr; ETH_Delay
</UL>
<BR>[Calls]<UL><LI><a href="#[a5]">&gt;&gt;</a>&nbsp;&nbsp;&nbsp;ETH_FlushTransmitFIFO
<LI><a href="#[a6]">&gt;&gt;</a>&nbsp;&nbsp;&nbsp;ETH_Delay
</UL>
<BR>[Called By]<UL><LI><a href="#[63]">&gt;&gt;</a>&nbsp;&nbsp;&nbsp;ethernetif_update_config
<LI><a href="#[174]">&gt;&gt;</a>&nbsp;&nbsp;&nbsp;low_level_init
</UL>

<P><STRONG><a name="[c8]"></a>HAL_ETH_Stop</STRONG> (Thumb, 132 bytes, Stack size 24 bytes, stm32f4xx_hal_eth.o(i.HAL_ETH_Stop))
<BR><BR>[Stack]<UL><LI>Max Depth = 48<LI>Call Chain = HAL_ETH_Stop &rArr; ETH_FlushTransmitFIFO &rArr; ETH_Delay
</UL>
<BR>[Calls]<UL><LI><a href="#[a5]">&gt;&gt;</a>&nbsp;&nbsp;&nbsp;ETH_FlushTransmitFIFO
<LI><a href="#[a6]">&gt;&gt;</a>&nbsp;&nbsp;&nbsp;ETH_Delay
</UL>
<BR>[Called By]<UL><LI><a href="#[63]">&gt;&gt;</a>&nbsp;&nbsp;&nbsp;ethernetif_update_config
</UL>

<P><STRONG><a name="[19c]"></a>HAL_ETH_TransmitFrame</STRONG> (Thumb, 264 bytes, Stack size 20 bytes, stm32f4xx_hal_eth.o(i.HAL_ETH_TransmitFrame))
<BR><BR>[Stack]<UL><LI>Max Depth = 20<LI>Call Chain = HAL_ETH_TransmitFrame
</UL>
<BR>[Called By]<UL><LI><a href="#[67]">&gt;&gt;</a>&nbsp;&nbsp;&nbsp;low_level_output
</UL>

<P><STRONG><a name="[be]"></a>HAL_ETH_TxCpltCallback</STRONG> (Thumb, 2 bytes, Stack size 0 bytes, stm32f4xx_hal_eth.o(i.HAL_ETH_TxCpltCallback))
<BR><BR>[Called By]<UL><LI><a href="#[a7]">&gt;&gt;</a>&nbsp;&nbsp;&nbsp;HAL_ETH_IRQHandler
</UL>

<P><STRONG><a name="[c3]"></a>HAL_ETH_WritePHYRegister</STRONG> (Thumb, 118 bytes, Stack size 24 bytes, stm32f4xx_hal_eth.o(i.HAL_ETH_WritePHYRegister))
<BR><BR>[Stack]<UL><LI>Max Depth = 24<LI>Call Chain = HAL_ETH_WritePHYRegister
</UL>
<BR>[Calls]<UL><LI><a href="#[b9]">&gt;&gt;</a>&nbsp;&nbsp;&nbsp;HAL_GetTick
</UL>
<BR>[Called By]<UL><LI><a href="#[c0]">&gt;&gt;</a>&nbsp;&nbsp;&nbsp;HAL_ETH_Init
<LI><a href="#[63]">&gt;&gt;</a>&nbsp;&nbsp;&nbsp;ethernetif_update_config
</UL>

<P><STRONG><a name="[b2]"></a>HAL_GPIO_Init</STRONG> (Thumb, 390 bytes, Stack size 40 bytes, stm32f4xx_hal_gpio.o(i.HAL_GPIO_Init))
<BR><BR>[Stack]<UL><LI>Max Depth = 40<LI>Call Chain = HAL_GPIO_Init
</UL>
<BR>[Called By]<UL><LI><a href="#[127]">&gt;&gt;</a>&nbsp;&nbsp;&nbsp;MX_GPIO_Init
<LI><a href="#[c1]">&gt;&gt;</a>&nbsp;&nbsp;&nbsp;HAL_ETH_MspInit
<LI><a href="#[fd]">&gt;&gt;</a>&nbsp;&nbsp;&nbsp;HAL_UART_MspInit
<LI><a href="#[f2]">&gt;&gt;</a>&nbsp;&nbsp;&nbsp;HAL_TIM_MspPostInit
<LI><a href="#[db]">&gt;&gt;</a>&nbsp;&nbsp;&nbsp;HAL_TIM_Base_MspInit
<LI><a href="#[c9]">&gt;&gt;</a>&nbsp;&nbsp;&nbsp;HAL_FSMC_MspInit
<LI><a href="#[b0]">&gt;&gt;</a>&nbsp;&nbsp;&nbsp;HAL_DCMI_MspInit
</UL>

<P><STRONG><a name="[c5]"></a>HAL_GPIO_WritePin</STRONG> (Thumb, 10 bytes, Stack size 0 bytes, stm32f4xx_hal_gpio.o(i.HAL_GPIO_WritePin))
<BR><BR>[Called By]<UL><LI><a href="#[127]">&gt;&gt;</a>&nbsp;&nbsp;&nbsp;MX_GPIO_Init
<LI><a href="#[c1]">&gt;&gt;</a>&nbsp;&nbsp;&nbsp;HAL_ETH_MspInit
<LI><a href="#[149]">&gt;&gt;</a>&nbsp;&nbsp;&nbsp;Trig_Send
<LI><a href="#[10b]">&gt;&gt;</a>&nbsp;&nbsp;&nbsp;LCD_Init
</UL>

<P><STRONG><a name="[b9]"></a>HAL_GetTick</STRONG> (Thumb, 6 bytes, Stack size 0 bytes, stm32f4xx_hal.o(i.HAL_GetTick))
<BR><BR>[Called By]<UL><LI><a href="#[ff]">&gt;&gt;</a>&nbsp;&nbsp;&nbsp;HAL_UART_Transmit
<LI><a href="#[d5]">&gt;&gt;</a>&nbsp;&nbsp;&nbsp;HAL_RCC_OscConfig
<LI><a href="#[d3]">&gt;&gt;</a>&nbsp;&nbsp;&nbsp;HAL_RCC_ClockConfig
<LI><a href="#[c3]">&gt;&gt;</a>&nbsp;&nbsp;&nbsp;HAL_ETH_WritePHYRegister
<LI><a href="#[c4]">&gt;&gt;</a>&nbsp;&nbsp;&nbsp;HAL_ETH_ReadPHYRegister
<LI><a href="#[c0]">&gt;&gt;</a>&nbsp;&nbsp;&nbsp;HAL_ETH_Init
<LI><a href="#[a9]">&gt;&gt;</a>&nbsp;&nbsp;&nbsp;HAL_Delay
<LI><a href="#[19f]">&gt;&gt;</a>&nbsp;&nbsp;&nbsp;sys_now
<LI><a href="#[63]">&gt;&gt;</a>&nbsp;&nbsp;&nbsp;ethernetif_update_config
<LI><a href="#[b3]">&gt;&gt;</a>&nbsp;&nbsp;&nbsp;HAL_DMA_Init
<LI><a href="#[100]">&gt;&gt;</a>&nbsp;&nbsp;&nbsp;UART_WaitOnFlagUntilTimeout
</UL>

<P><STRONG><a name="[fb]"></a>HAL_IncTick</STRONG> (Thumb, 12 bytes, Stack size 0 bytes, stm32f4xx_hal.o(i.HAL_IncTick))
<BR><BR>[Called By]<UL><LI><a href="#[ee]">&gt;&gt;</a>&nbsp;&nbsp;&nbsp;HAL_TIM_PeriodElapsedCallback
</UL>

<P><STRONG><a name="[ca]"></a>HAL_Init</STRONG> (Thumb, 48 bytes, Stack size 8 bytes, stm32f4xx_hal.o(i.HAL_Init))
<BR><BR>[Stack]<UL><LI>Max Depth = 136<LI>Call Chain = HAL_Init &rArr; HAL_InitTick &rArr; HAL_TIM_Base_Init &rArr; HAL_TIM_Base_MspInit &rArr; HAL_GPIO_Init
</UL>
<BR>[Calls]<UL><LI><a href="#[cc]">&gt;&gt;</a>&nbsp;&nbsp;&nbsp;HAL_InitTick
<LI><a href="#[cd]">&gt;&gt;</a>&nbsp;&nbsp;&nbsp;HAL_MspInit
<LI><a href="#[cb]">&gt;&gt;</a>&nbsp;&nbsp;&nbsp;HAL_NVIC_SetPriorityGrouping
</UL>
<BR>[Called By]<UL><LI><a href="#[5d]">&gt;&gt;</a>&nbsp;&nbsp;&nbsp;main
</UL>

<P><STRONG><a name="[cc]"></a>HAL_InitTick</STRONG> (Thumb, 100 bytes, Stack size 40 bytes, stm32f4xx_hal_timebase_tim.o(i.HAL_InitTick))
<BR><BR>[Stack]<UL><LI>Max Depth = 128<LI>Call Chain = HAL_InitTick &rArr; HAL_TIM_Base_Init &rArr; HAL_TIM_Base_MspInit &rArr; HAL_GPIO_Init
</UL>
<BR>[Calls]<UL><LI><a href="#[d1]">&gt;&gt;</a>&nbsp;&nbsp;&nbsp;HAL_TIM_Base_Start_IT
<LI><a href="#[cf]">&gt;&gt;</a>&nbsp;&nbsp;&nbsp;HAL_RCC_GetPCLK1Freq
<LI><a href="#[ce]">&gt;&gt;</a>&nbsp;&nbsp;&nbsp;HAL_RCC_GetClockConfig
<LI><a href="#[d0]">&gt;&gt;</a>&nbsp;&nbsp;&nbsp;HAL_TIM_Base_Init
<LI><a href="#[b5]">&gt;&gt;</a>&nbsp;&nbsp;&nbsp;HAL_NVIC_SetPriority
<LI><a href="#[b6]">&gt;&gt;</a>&nbsp;&nbsp;&nbsp;HAL_NVIC_EnableIRQ
</UL>
<BR>[Called By]<UL><LI><a href="#[d3]">&gt;&gt;</a>&nbsp;&nbsp;&nbsp;HAL_RCC_ClockConfig
<LI><a href="#[ca]">&gt;&gt;</a>&nbsp;&nbsp;&nbsp;HAL_Init
</UL>

<P><STRONG><a name="[cd]"></a>HAL_MspInit</STRONG> (Thumb, 52 bytes, Stack size 8 bytes, stm32f4xx_hal_msp.o(i.HAL_MspInit))
<BR><BR>[Stack]<UL><LI>Max Depth = 24<LI>Call Chain = HAL_MspInit &rArr; HAL_NVIC_SetPriority
</UL>
<BR>[Calls]<UL><LI><a href="#[b5]">&gt;&gt;</a>&nbsp;&nbsp;&nbsp;HAL_NVIC_SetPriority
</UL>
<BR>[Called By]<UL><LI><a href="#[ca]">&gt;&gt;</a>&nbsp;&nbsp;&nbsp;HAL_Init
</UL>

<P><STRONG><a name="[b6]"></a>HAL_NVIC_EnableIRQ</STRONG> (Thumb, 26 bytes, Stack size 0 bytes, stm32f4xx_hal_cortex.o(i.HAL_NVIC_EnableIRQ))
<BR><BR>[Called By]<UL><LI><a href="#[11e]">&gt;&gt;</a>&nbsp;&nbsp;&nbsp;MX_DMA_Init
<LI><a href="#[c1]">&gt;&gt;</a>&nbsp;&nbsp;&nbsp;HAL_ETH_MspInit
<LI><a href="#[cc]">&gt;&gt;</a>&nbsp;&nbsp;&nbsp;HAL_InitTick
<LI><a href="#[db]">&gt;&gt;</a>&nbsp;&nbsp;&nbsp;HAL_TIM_Base_MspInit
<LI><a href="#[b0]">&gt;&gt;</a>&nbsp;&nbsp;&nbsp;HAL_DCMI_MspInit
</UL>

<P><STRONG><a name="[b5]"></a>HAL_NVIC_SetPriority</STRONG> (Thumb, 60 bytes, Stack size 16 bytes, stm32f4xx_hal_cortex.o(i.HAL_NVIC_SetPriority))
<BR><BR>[Stack]<UL><LI>Max Depth = 16<LI>Call Chain = HAL_NVIC_SetPriority
</UL>
<BR>[Calls]<UL><LI><a href="#[d2]">&gt;&gt;</a>&nbsp;&nbsp;&nbsp;__NVIC_SetPriority
</UL>
<BR>[Called By]<UL><LI><a href="#[11e]">&gt;&gt;</a>&nbsp;&nbsp;&nbsp;MX_DMA_Init
<LI><a href="#[c1]">&gt;&gt;</a>&nbsp;&nbsp;&nbsp;HAL_ETH_MspInit
<LI><a href="#[cc]">&gt;&gt;</a>&nbsp;&nbsp;&nbsp;HAL_InitTick
<LI><a href="#[cd]">&gt;&gt;</a>&nbsp;&nbsp;&nbsp;HAL_MspInit
<LI><a href="#[db]">&gt;&gt;</a>&nbsp;&nbsp;&nbsp;HAL_TIM_Base_MspInit
<LI><a href="#[b0]">&gt;&gt;</a>&nbsp;&nbsp;&nbsp;HAL_DCMI_MspInit
</UL>

<P><STRONG><a name="[cb]"></a>HAL_NVIC_SetPriorityGrouping</STRONG> (Thumb, 26 bytes, Stack size 0 bytes, stm32f4xx_hal_cortex.o(i.HAL_NVIC_SetPriorityGrouping))
<BR><BR>[Called By]<UL><LI><a href="#[ca]">&gt;&gt;</a>&nbsp;&nbsp;&nbsp;HAL_Init
</UL>

<P><STRONG><a name="[d3]"></a>HAL_RCC_ClockConfig</STRONG> (Thumb, 288 bytes, Stack size 32 bytes, stm32f4xx_hal_rcc.o(i.HAL_RCC_ClockConfig))
<BR><BR>[Stack]<UL><LI>Max Depth = 160<LI>Call Chain = HAL_RCC_ClockConfig &rArr; HAL_InitTick &rArr; HAL_TIM_Base_Init &rArr; HAL_TIM_Base_MspInit &rArr; HAL_GPIO_Init
</UL>
<BR>[Calls]<UL><LI><a href="#[b9]">&gt;&gt;</a>&nbsp;&nbsp;&nbsp;HAL_GetTick
<LI><a href="#[cc]">&gt;&gt;</a>&nbsp;&nbsp;&nbsp;HAL_InitTick
<LI><a href="#[d4]">&gt;&gt;</a>&nbsp;&nbsp;&nbsp;HAL_RCC_GetSysClockFreq
</UL>
<BR>[Called By]<UL><LI><a href="#[152]">&gt;&gt;</a>&nbsp;&nbsp;&nbsp;SystemClock_Config
</UL>

<P><STRONG><a name="[ce]"></a>HAL_RCC_GetClockConfig</STRONG> (Thumb, 54 bytes, Stack size 0 bytes, stm32f4xx_hal_rcc.o(i.HAL_RCC_GetClockConfig))
<BR><BR>[Called By]<UL><LI><a href="#[cc]">&gt;&gt;</a>&nbsp;&nbsp;&nbsp;HAL_InitTick
</UL>

<P><STRONG><a name="[c2]"></a>HAL_RCC_GetHCLKFreq</STRONG> (Thumb, 6 bytes, Stack size 0 bytes, stm32f4xx_hal_rcc.o(i.HAL_RCC_GetHCLKFreq))
<BR><BR>[Called By]<UL><LI><a href="#[c0]">&gt;&gt;</a>&nbsp;&nbsp;&nbsp;HAL_ETH_Init
</UL>

<P><STRONG><a name="[cf]"></a>HAL_RCC_GetPCLK1Freq</STRONG> (Thumb, 20 bytes, Stack size 0 bytes, stm32f4xx_hal_rcc.o(i.HAL_RCC_GetPCLK1Freq))
<BR><BR>[Called By]<UL><LI><a href="#[cc]">&gt;&gt;</a>&nbsp;&nbsp;&nbsp;HAL_InitTick
<LI><a href="#[fe]">&gt;&gt;</a>&nbsp;&nbsp;&nbsp;UART_SetConfig
</UL>

<P><STRONG><a name="[153]"></a>HAL_RCC_GetPCLK2Freq</STRONG> (Thumb, 20 bytes, Stack size 0 bytes, stm32f4xx_hal_rcc.o(i.HAL_RCC_GetPCLK2Freq))
<BR><BR>[Called By]<UL><LI><a href="#[fe]">&gt;&gt;</a>&nbsp;&nbsp;&nbsp;UART_SetConfig
</UL>

<P><STRONG><a name="[d4]"></a>HAL_RCC_GetSysClockFreq</STRONG> (Thumb, 88 bytes, Stack size 8 bytes, stm32f4xx_hal_rcc.o(i.HAL_RCC_GetSysClockFreq))
<BR><BR>[Stack]<UL><LI>Max Depth = 48<LI>Call Chain = HAL_RCC_GetSysClockFreq &rArr; __aeabi_uldivmod
</UL>
<BR>[Calls]<UL><LI><a href="#[92]">&gt;&gt;</a>&nbsp;&nbsp;&nbsp;__aeabi_uldivmod
</UL>
<BR>[Called By]<UL><LI><a href="#[d3]">&gt;&gt;</a>&nbsp;&nbsp;&nbsp;HAL_RCC_ClockConfig
</UL>

<P><STRONG><a name="[d5]"></a>HAL_RCC_OscConfig</STRONG> (Thumb, 820 bytes, Stack size 40 bytes, stm32f4xx_hal_rcc.o(i.HAL_RCC_OscConfig))
<BR><BR>[Stack]<UL><LI>Max Depth = 40<LI>Call Chain = HAL_RCC_OscConfig
</UL>
<BR>[Calls]<UL><LI><a href="#[b9]">&gt;&gt;</a>&nbsp;&nbsp;&nbsp;HAL_GetTick
</UL>
<BR>[Called By]<UL><LI><a href="#[152]">&gt;&gt;</a>&nbsp;&nbsp;&nbsp;SystemClock_Config
</UL>

<P><STRONG><a name="[d6]"></a>HAL_SRAM_Init</STRONG> (Thumb, 86 bytes, Stack size 16 bytes, stm32f4xx_hal_sram.o(i.HAL_SRAM_Init))
<BR><BR>[Stack]<UL><LI>Max Depth = 104<LI>Call Chain = HAL_SRAM_Init &rArr; HAL_SRAM_MspInit &rArr; HAL_FSMC_MspInit &rArr; HAL_GPIO_Init
</UL>
<BR>[Calls]<UL><LI><a href="#[d7]">&gt;&gt;</a>&nbsp;&nbsp;&nbsp;HAL_SRAM_MspInit
<LI><a href="#[d9]">&gt;&gt;</a>&nbsp;&nbsp;&nbsp;FSMC_NORSRAM_Timing_Init
<LI><a href="#[d8]">&gt;&gt;</a>&nbsp;&nbsp;&nbsp;FSMC_NORSRAM_Init
<LI><a href="#[da]">&gt;&gt;</a>&nbsp;&nbsp;&nbsp;FSMC_NORSRAM_Extended_Timing_Init
</UL>
<BR>[Called By]<UL><LI><a href="#[126]">&gt;&gt;</a>&nbsp;&nbsp;&nbsp;MX_FSMC_Init
</UL>

<P><STRONG><a name="[d7]"></a>HAL_SRAM_MspInit</STRONG> (Thumb, 4 bytes, Stack size 0 bytes, fsmc.o(i.HAL_SRAM_MspInit))
<BR><BR>[Stack]<UL><LI>Max Depth = 88<LI>Call Chain = HAL_SRAM_MspInit &rArr; HAL_FSMC_MspInit &rArr; HAL_GPIO_Init
</UL>
<BR>[Calls]<UL><LI><a href="#[c9]">&gt;&gt;</a>&nbsp;&nbsp;&nbsp;HAL_FSMC_MspInit
</UL>
<BR>[Called By]<UL><LI><a href="#[d6]">&gt;&gt;</a>&nbsp;&nbsp;&nbsp;HAL_SRAM_Init
</UL>

<P><STRONG><a name="[ef]"></a>HAL_TIMEx_BreakCallback</STRONG> (Thumb, 2 bytes, Stack size 0 bytes, stm32f4xx_hal_tim_ex.o(i.HAL_TIMEx_BreakCallback))
<BR><BR>[Called By]<UL><LI><a href="#[eb]">&gt;&gt;</a>&nbsp;&nbsp;&nbsp;HAL_TIM_IRQHandler
</UL>

<P><STRONG><a name="[f1]"></a>HAL_TIMEx_CommutCallback</STRONG> (Thumb, 2 bytes, Stack size 0 bytes, stm32f4xx_hal_tim_ex.o(i.HAL_TIMEx_CommutCallback))
<BR><BR>[Called By]<UL><LI><a href="#[eb]">&gt;&gt;</a>&nbsp;&nbsp;&nbsp;HAL_TIM_IRQHandler
</UL>

<P><STRONG><a name="[131]"></a>HAL_TIMEx_MasterConfigSynchronization</STRONG> (Thumb, 116 bytes, Stack size 16 bytes, stm32f4xx_hal_tim_ex.o(i.HAL_TIMEx_MasterConfigSynchronization))
<BR><BR>[Stack]<UL><LI>Max Depth = 16<LI>Call Chain = HAL_TIMEx_MasterConfigSynchronization
</UL>
<BR>[Called By]<UL><LI><a href="#[132]">&gt;&gt;</a>&nbsp;&nbsp;&nbsp;MX_TIM3_Init
<LI><a href="#[130]">&gt;&gt;</a>&nbsp;&nbsp;&nbsp;MX_TIM2_Init
</UL>

<P><STRONG><a name="[d0]"></a>HAL_TIM_Base_Init</STRONG> (Thumb, 54 bytes, Stack size 8 bytes, stm32f4xx_hal_tim.o(i.HAL_TIM_Base_Init))
<BR><BR>[Stack]<UL><LI>Max Depth = 88<LI>Call Chain = HAL_TIM_Base_Init &rArr; HAL_TIM_Base_MspInit &rArr; HAL_GPIO_Init
</UL>
<BR>[Calls]<UL><LI><a href="#[db]">&gt;&gt;</a>&nbsp;&nbsp;&nbsp;HAL_TIM_Base_MspInit
<LI><a href="#[dc]">&gt;&gt;</a>&nbsp;&nbsp;&nbsp;TIM_Base_SetConfig
</UL>
<BR>[Called By]<UL><LI><a href="#[132]">&gt;&gt;</a>&nbsp;&nbsp;&nbsp;MX_TIM3_Init
<LI><a href="#[130]">&gt;&gt;</a>&nbsp;&nbsp;&nbsp;MX_TIM2_Init
<LI><a href="#[cc]">&gt;&gt;</a>&nbsp;&nbsp;&nbsp;HAL_InitTick
</UL>

<P><STRONG><a name="[db]"></a>HAL_TIM_Base_MspInit</STRONG> (Thumb, 176 bytes, Stack size 40 bytes, tim.o(i.HAL_TIM_Base_MspInit))
<BR><BR>[Stack]<UL><LI>Max Depth = 80<LI>Call Chain = HAL_TIM_Base_MspInit &rArr; HAL_GPIO_Init
</UL>
<BR>[Calls]<UL><LI><a href="#[b2]">&gt;&gt;</a>&nbsp;&nbsp;&nbsp;HAL_GPIO_Init
<LI><a href="#[b5]">&gt;&gt;</a>&nbsp;&nbsp;&nbsp;HAL_NVIC_SetPriority
<LI><a href="#[b6]">&gt;&gt;</a>&nbsp;&nbsp;&nbsp;HAL_NVIC_EnableIRQ
<LI><a href="#[b1]">&gt;&gt;</a>&nbsp;&nbsp;&nbsp;__aeabi_memclr4
</UL>
<BR>[Called By]<UL><LI><a href="#[d0]">&gt;&gt;</a>&nbsp;&nbsp;&nbsp;HAL_TIM_Base_Init
</UL>

<P><STRONG><a name="[14f]"></a>HAL_TIM_Base_Start</STRONG> (Thumb, 36 bytes, Stack size 0 bytes, stm32f4xx_hal_tim.o(i.HAL_TIM_Base_Start))
<BR><BR>[Called By]<UL><LI><a href="#[85]">&gt;&gt;</a>&nbsp;&nbsp;&nbsp;StartLitterDropTask
</UL>

<P><STRONG><a name="[d1]"></a>HAL_TIM_Base_Start_IT</STRONG> (Thumb, 34 bytes, Stack size 0 bytes, stm32f4xx_hal_tim.o(i.HAL_TIM_Base_Start_IT))
<BR><BR>[Called By]<UL><LI><a href="#[cc]">&gt;&gt;</a>&nbsp;&nbsp;&nbsp;HAL_InitTick
</UL>

<P><STRONG><a name="[dd]"></a>HAL_TIM_ConfigClockSource</STRONG> (Thumb, 214 bytes, Stack size 16 bytes, stm32f4xx_hal_tim.o(i.HAL_TIM_ConfigClockSource))
<BR><BR>[Stack]<UL><LI>Max Depth = 24<LI>Call Chain = HAL_TIM_ConfigClockSource &rArr; TIM_ETR_SetConfig
</UL>
<BR>[Calls]<UL><LI><a href="#[e1]">&gt;&gt;</a>&nbsp;&nbsp;&nbsp;TIM_ITRx_SetConfig
<LI><a href="#[de]">&gt;&gt;</a>&nbsp;&nbsp;&nbsp;TIM_ETR_SetConfig
<LI><a href="#[e0]">&gt;&gt;</a>&nbsp;&nbsp;&nbsp;TIM_TI2_ConfigInputStage
<LI><a href="#[df]">&gt;&gt;</a>&nbsp;&nbsp;&nbsp;TIM_TI1_ConfigInputStage
</UL>
<BR>[Called By]<UL><LI><a href="#[132]">&gt;&gt;</a>&nbsp;&nbsp;&nbsp;MX_TIM3_Init
<LI><a href="#[130]">&gt;&gt;</a>&nbsp;&nbsp;&nbsp;MX_TIM2_Init
</UL>

<P><STRONG><a name="[e2]"></a>HAL_TIM_IC_CaptureCallback</STRONG> (Thumb, 254 bytes, Stack size 32 bytes, hc_sr04.o(i.HAL_TIM_IC_CaptureCallback))
<BR><BR>[Stack]<UL><LI>Max Depth = 56<LI>Call Chain = HAL_TIM_IC_CaptureCallback &rArr; __2printf
</UL>
<BR>[Calls]<UL><LI><a href="#[e3]">&gt;&gt;</a>&nbsp;&nbsp;&nbsp;HAL_TIM_ReadCapturedValue
<LI><a href="#[a3]">&gt;&gt;</a>&nbsp;&nbsp;&nbsp;__2printf
</UL>
<BR>[Called By]<UL><LI><a href="#[eb]">&gt;&gt;</a>&nbsp;&nbsp;&nbsp;HAL_TIM_IRQHandler
</UL>

<P><STRONG><a name="[e4]"></a>HAL_TIM_IC_ConfigChannel</STRONG> (Thumb, 284 bytes, Stack size 24 bytes, stm32f4xx_hal_tim.o(i.HAL_TIM_IC_ConfigChannel))
<BR><BR>[Stack]<UL><LI>Max Depth = 40<LI>Call Chain = HAL_TIM_IC_ConfigChannel &rArr; TIM_TI1_SetConfig
</UL>
<BR>[Calls]<UL><LI><a href="#[e5]">&gt;&gt;</a>&nbsp;&nbsp;&nbsp;TIM_TI1_SetConfig
<LI><a href="#[e6]">&gt;&gt;</a>&nbsp;&nbsp;&nbsp;TIM_TI2_SetConfig
</UL>
<BR>[Called By]<UL><LI><a href="#[130]">&gt;&gt;</a>&nbsp;&nbsp;&nbsp;MX_TIM2_Init
</UL>

<P><STRONG><a name="[e7]"></a>HAL_TIM_IC_Init</STRONG> (Thumb, 54 bytes, Stack size 8 bytes, stm32f4xx_hal_tim.o(i.HAL_TIM_IC_Init))
<BR><BR>[Stack]<UL><LI>Max Depth = 28<LI>Call Chain = HAL_TIM_IC_Init &rArr; TIM_Base_SetConfig
</UL>
<BR>[Calls]<UL><LI><a href="#[e8]">&gt;&gt;</a>&nbsp;&nbsp;&nbsp;HAL_TIM_IC_MspInit
<LI><a href="#[dc]">&gt;&gt;</a>&nbsp;&nbsp;&nbsp;TIM_Base_SetConfig
</UL>
<BR>[Called By]<UL><LI><a href="#[130]">&gt;&gt;</a>&nbsp;&nbsp;&nbsp;MX_TIM2_Init
</UL>

<P><STRONG><a name="[e8]"></a>HAL_TIM_IC_MspInit</STRONG> (Thumb, 2 bytes, Stack size 0 bytes, stm32f4xx_hal_tim.o(i.HAL_TIM_IC_MspInit))
[...]
</UL>
<BR>[Calls]<UL><LI><a href="#[8c]">&gt;&gt;</a>&nbsp;&nbsp;&nbsp;tcp_tmr
<LI><a href="#[239]">&gt;&gt;</a>&nbsp;&nbsp;&nbsp;sys_timeout_debug
</UL>
<BR>[Address Reference Count : 2]<UL><LI> timeouts.o(i.tcp_timer_needed)
<LI> timeouts.o(i.tcpip_tcp_timer)
</UL>
<P><STRONG><a name="[277]"></a>udp_input_local_match</STRONG> (Thumb, 104 bytes, Stack size 16 bytes, udp.o(i.udp_input_local_match))
<BR><BR>[Stack]<UL><LI>Max Depth = 40<LI>Call Chain = udp_input_local_match &rArr; __2printf
</UL>
<BR>[Calls]<UL><LI><a href="#[a3]">&gt;&gt;</a>&nbsp;&nbsp;&nbsp;__2printf
</UL>
<BR>[Called By]<UL><LI><a href="#[18f]">&gt;&gt;</a>&nbsp;&nbsp;&nbsp;udp_input
</UL>

<P><STRONG><a name="[163]"></a>etharp_find_entry</STRONG> (Thumb, 352 bytes, Stack size 64 bytes, etharp.o(i.etharp_find_entry))
<BR><BR>[Stack]<UL><LI>Max Depth = 264<LI>Call Chain = etharp_find_entry &rArr; etharp_free_entry &rArr; pbuf_free &rArr; mem_free &rArr; sys_mutex_unlock &rArr; osMutexRelease &rArr; xQueueGenericSend &rArr; xTaskResumeAll &rArr; xTaskIncrementTick
</UL>
<BR>[Calls]<UL><LI><a href="#[162]">&gt;&gt;</a>&nbsp;&nbsp;&nbsp;etharp_free_entry
<LI><a href="#[a3]">&gt;&gt;</a>&nbsp;&nbsp;&nbsp;__2printf
</UL>
<BR>[Called By]<UL><LI><a href="#[16b]">&gt;&gt;</a>&nbsp;&nbsp;&nbsp;etharp_query
<LI><a href="#[166]">&gt;&gt;</a>&nbsp;&nbsp;&nbsp;etharp_update_arp_entry
</UL>

<P><STRONG><a name="[162]"></a>etharp_free_entry</STRONG> (Thumb, 48 bytes, Stack size 16 bytes, etharp.o(i.etharp_free_entry))
<BR><BR>[Stack]<UL><LI>Max Depth = 200<LI>Call Chain = etharp_free_entry &rArr; pbuf_free &rArr; mem_free &rArr; sys_mutex_unlock &rArr; osMutexRelease &rArr; xQueueGenericSend &rArr; xTaskResumeAll &rArr; xTaskIncrementTick
</UL>
<BR>[Calls]<UL><LI><a href="#[164]">&gt;&gt;</a>&nbsp;&nbsp;&nbsp;pbuf_free
</UL>
<BR>[Called By]<UL><LI><a href="#[8e]">&gt;&gt;</a>&nbsp;&nbsp;&nbsp;etharp_tmr
<LI><a href="#[161]">&gt;&gt;</a>&nbsp;&nbsp;&nbsp;etharp_cleanup_netif
<LI><a href="#[163]">&gt;&gt;</a>&nbsp;&nbsp;&nbsp;etharp_find_entry
</UL>

<P><STRONG><a name="[169]"></a>etharp_output_to_arp_index</STRONG> (Thumb, 122 bytes, Stack size 32 bytes, etharp.o(i.etharp_output_to_arp_index))
<BR><BR>[Stack]<UL><LI>Max Depth = 360<LI>Call Chain = etharp_output_to_arp_index &rArr; etharp_request &rArr; etharp_request_dst &rArr; etharp_raw &rArr; pbuf_alloc &rArr; pbuf_alloc_reference &rArr; memp_malloc &rArr; do_memp_malloc_pool &rArr; sys_arch_unprotect &rArr; osMutexRelease &rArr; xQueueGenericSend &rArr; xTaskResumeAll &rArr; xTaskIncrementTick
</UL>
<BR>[Calls]<UL><LI><a href="#[16a]">&gt;&gt;</a>&nbsp;&nbsp;&nbsp;ethernet_output
<LI><a href="#[16c]">&gt;&gt;</a>&nbsp;&nbsp;&nbsp;etharp_request
<LI><a href="#[16d]">&gt;&gt;</a>&nbsp;&nbsp;&nbsp;etharp_request_dst
<LI><a href="#[a3]">&gt;&gt;</a>&nbsp;&nbsp;&nbsp;__2printf
</UL>
<BR>[Called By]<UL><LI><a href="#[66]">&gt;&gt;</a>&nbsp;&nbsp;&nbsp;etharp_output
</UL>

<P><STRONG><a name="[167]"></a>etharp_raw</STRONG> (Thumb, 202 bytes, Stack size 56 bytes, etharp.o(i.etharp_raw))
<BR><BR>[Stack]<UL><LI>Max Depth = 296<LI>Call Chain = etharp_raw &rArr; pbuf_alloc &rArr; pbuf_alloc_reference &rArr; memp_malloc &rArr; do_memp_malloc_pool &rArr; sys_arch_unprotect &rArr; osMutexRelease &rArr; xQueueGenericSend &rArr; xTaskResumeAll &rArr; xTaskIncrementTick
</UL>
<BR>[Calls]<UL><LI><a href="#[145]">&gt;&gt;</a>&nbsp;&nbsp;&nbsp;lwip_htons
<LI><a href="#[164]">&gt;&gt;</a>&nbsp;&nbsp;&nbsp;pbuf_free
<LI><a href="#[170]">&gt;&gt;</a>&nbsp;&nbsp;&nbsp;pbuf_alloc
<LI><a href="#[16a]">&gt;&gt;</a>&nbsp;&nbsp;&nbsp;ethernet_output
<LI><a href="#[a3]">&gt;&gt;</a>&nbsp;&nbsp;&nbsp;__2printf
</UL>
<BR>[Called By]<UL><LI><a href="#[165]">&gt;&gt;</a>&nbsp;&nbsp;&nbsp;etharp_input
<LI><a href="#[16d]">&gt;&gt;</a>&nbsp;&nbsp;&nbsp;etharp_request_dst
</UL>

<P><STRONG><a name="[16d]"></a>etharp_request_dst</STRONG> (Thumb, 28 bytes, Stack size 32 bytes, etharp.o(i.etharp_request_dst))
<BR><BR>[Stack]<UL><LI>Max Depth = 328<LI>Call Chain = etharp_request_dst &rArr; etharp_raw &rArr; pbuf_alloc &rArr; pbuf_alloc_reference &rArr; memp_malloc &rArr; do_memp_malloc_pool &rArr; sys_arch_unprotect &rArr; osMutexRelease &rArr; xQueueGenericSend &rArr; xTaskResumeAll &rArr; xTaskIncrementTick
</UL>
<BR>[Calls]<UL><LI><a href="#[167]">&gt;&gt;</a>&nbsp;&nbsp;&nbsp;etharp_raw
</UL>
<BR>[Called By]<UL><LI><a href="#[16c]">&gt;&gt;</a>&nbsp;&nbsp;&nbsp;etharp_request
<LI><a href="#[169]">&gt;&gt;</a>&nbsp;&nbsp;&nbsp;etharp_output_to_arp_index
</UL>

<P><STRONG><a name="[166]"></a>etharp_update_arp_entry</STRONG> (Thumb, 148 bytes, Stack size 24 bytes, etharp.o(i.etharp_update_arp_entry))
<BR><BR>[Stack]<UL><LI>Max Depth = 288<LI>Call Chain = etharp_update_arp_entry &rArr; etharp_find_entry &rArr; etharp_free_entry &rArr; pbuf_free &rArr; mem_free &rArr; sys_mutex_unlock &rArr; osMutexRelease &rArr; xQueueGenericSend &rArr; xTaskResumeAll &rArr; xTaskIncrementTick
</UL>
<BR>[Calls]<UL><LI><a href="#[164]">&gt;&gt;</a>&nbsp;&nbsp;&nbsp;pbuf_free
<LI><a href="#[168]">&gt;&gt;</a>&nbsp;&nbsp;&nbsp;ip4_addr_isbroadcast_u32
<LI><a href="#[16a]">&gt;&gt;</a>&nbsp;&nbsp;&nbsp;ethernet_output
<LI><a href="#[163]">&gt;&gt;</a>&nbsp;&nbsp;&nbsp;etharp_find_entry
<LI><a href="#[a3]">&gt;&gt;</a>&nbsp;&nbsp;&nbsp;__2printf
</UL>
<BR>[Called By]<UL><LI><a href="#[165]">&gt;&gt;</a>&nbsp;&nbsp;&nbsp;etharp_input
</UL>

<P><STRONG><a name="[181]"></a>icmp_send_response</STRONG> (Thumb, 130 bytes, Stack size 48 bytes, icmp.o(i.icmp_send_response))
<BR><BR>[Stack]<UL><LI>Max Depth = 440<LI>Call Chain = icmp_send_response &rArr; ip4_output_if &rArr; ip4_output_if_src &rArr; ip4_frag &rArr; pbuf_alloc &rArr; pbuf_alloc_reference &rArr; memp_malloc &rArr; do_memp_malloc_pool &rArr; sys_arch_unprotect &rArr; osMutexRelease &rArr; xQueueGenericSend &rArr; xTaskResumeAll &rArr; xTaskIncrementTick
</UL>
<BR>[Calls]<UL><LI><a href="#[164]">&gt;&gt;</a>&nbsp;&nbsp;&nbsp;pbuf_free
<LI><a href="#[170]">&gt;&gt;</a>&nbsp;&nbsp;&nbsp;pbuf_alloc
<LI><a href="#[184]">&gt;&gt;</a>&nbsp;&nbsp;&nbsp;ip4_output_if
<LI><a href="#[185]">&gt;&gt;</a>&nbsp;&nbsp;&nbsp;ip4_route
<LI><a href="#[a3]">&gt;&gt;</a>&nbsp;&nbsp;&nbsp;__2printf
<LI><a href="#[150]">&gt;&gt;</a>&nbsp;&nbsp;&nbsp;__aeabi_memcpy
</UL>
<BR>[Called By]<UL><LI><a href="#[186]">&gt;&gt;</a>&nbsp;&nbsp;&nbsp;icmp_time_exceeded
<LI><a href="#[180]">&gt;&gt;</a>&nbsp;&nbsp;&nbsp;icmp_dest_unreach
</UL>

<P><STRONG><a name="[18d]"></a>ip4_input_accept</STRONG> (Thumb, 40 bytes, Stack size 8 bytes, ip4.o(i.ip4_input_accept))
<BR><BR>[Stack]<UL><LI>Max Depth = 8<LI>Call Chain = ip4_input_accept
</UL>
<BR>[Calls]<UL><LI><a href="#[168]">&gt;&gt;</a>&nbsp;&nbsp;&nbsp;ip4_addr_isbroadcast_u32
</UL>
<BR>[Called By]<UL><LI><a href="#[7f]">&gt;&gt;</a>&nbsp;&nbsp;&nbsp;ip4_input
</UL>

<P><STRONG><a name="[18b]"></a>ip_frag_free_pbuf_custom_ref</STRONG> (Thumb, 32 bytes, Stack size 8 bytes, ip4_frag.o(i.ip_frag_free_pbuf_custom_ref))
<BR><BR>[Stack]<UL><LI>Max Depth = 160<LI>Call Chain = ip_frag_free_pbuf_custom_ref &rArr; memp_free &rArr; do_memp_free_pool &rArr; sys_arch_unprotect &rArr; osMutexRelease &rArr; xQueueGenericSend &rArr; xTaskResumeAll &rArr; xTaskIncrementTick
</UL>
<BR>[Calls]<UL><LI><a href="#[197]">&gt;&gt;</a>&nbsp;&nbsp;&nbsp;memp_free
<LI><a href="#[a3]">&gt;&gt;</a>&nbsp;&nbsp;&nbsp;__2printf
</UL>
<BR>[Called By]<UL><LI><a href="#[68]">&gt;&gt;</a>&nbsp;&nbsp;&nbsp;ipfrag_free_pbuf_custom
<LI><a href="#[187]">&gt;&gt;</a>&nbsp;&nbsp;&nbsp;ip4_frag
</UL>

<P><STRONG><a name="[195]"></a>ip_reass_chain_frag_into_datagram_and_validate</STRONG> (Thumb, 342 bytes, Stack size 40 bytes, ip4_frag.o(i.ip_reass_chain_frag_into_datagram_and_validate))
<BR><BR>[Stack]<UL><LI>Max Depth = 64<LI>Call Chain = ip_reass_chain_frag_into_datagram_and_validate &rArr; __2printf
</UL>
<BR>[Calls]<UL><LI><a href="#[145]">&gt;&gt;</a>&nbsp;&nbsp;&nbsp;lwip_htons
<LI><a href="#[a3]">&gt;&gt;</a>&nbsp;&nbsp;&nbsp;__2printf
</UL>
<BR>[Called By]<UL><LI><a href="#[18e]">&gt;&gt;</a>&nbsp;&nbsp;&nbsp;ip4_reass
</UL>

<P><STRONG><a name="[196]"></a>ip_reass_dequeue_datagram</STRONG> (Thumb, 54 bytes, Stack size 16 bytes, ip4_frag.o(i.ip_reass_dequeue_datagram))
<BR><BR>[Stack]<UL><LI>Max Depth = 168<LI>Call Chain = ip_reass_dequeue_datagram &rArr; memp_free &rArr; do_memp_free_pool &rArr; sys_arch_unprotect &rArr; osMutexRelease &rArr; xQueueGenericSend &rArr; xTaskResumeAll &rArr; xTaskIncrementTick
</UL>
<BR>[Calls]<UL><LI><a href="#[197]">&gt;&gt;</a>&nbsp;&nbsp;&nbsp;memp_free
<LI><a href="#[a3]">&gt;&gt;</a>&nbsp;&nbsp;&nbsp;__2printf
</UL>
<BR>[Called By]<UL><LI><a href="#[198]">&gt;&gt;</a>&nbsp;&nbsp;&nbsp;ip_reass_free_complete_datagram
<LI><a href="#[18e]">&gt;&gt;</a>&nbsp;&nbsp;&nbsp;ip4_reass
</UL>

<P><STRONG><a name="[198]"></a>ip_reass_free_complete_datagram</STRONG> (Thumb, 204 bytes, Stack size 32 bytes, ip4_frag.o(i.ip_reass_free_complete_datagram))
<BR><BR>[Stack]<UL><LI>Max Depth = 472<LI>Call Chain = ip_reass_free_complete_datagram &rArr; icmp_time_exceeded &rArr; icmp_send_response &rArr; ip4_output_if &rArr; ip4_output_if_src &rArr; ip4_frag &rArr; pbuf_alloc &rArr; pbuf_alloc_reference &rArr; memp_malloc &rArr; do_memp_malloc_pool &rArr; sys_arch_unprotect &rArr; osMutexRelease &rArr; xQueueGenericSend &rArr; xTaskResumeAll &rArr; xTaskIncrementTick
</UL>
<BR>[Calls]<UL><LI><a href="#[164]">&gt;&gt;</a>&nbsp;&nbsp;&nbsp;pbuf_free
<LI><a href="#[193]">&gt;&gt;</a>&nbsp;&nbsp;&nbsp;pbuf_clen
<LI><a href="#[196]">&gt;&gt;</a>&nbsp;&nbsp;&nbsp;ip_reass_dequeue_datagram
<LI><a href="#[186]">&gt;&gt;</a>&nbsp;&nbsp;&nbsp;icmp_time_exceeded
<LI><a href="#[a3]">&gt;&gt;</a>&nbsp;&nbsp;&nbsp;__2printf
<LI><a href="#[150]">&gt;&gt;</a>&nbsp;&nbsp;&nbsp;__aeabi_memcpy
</UL>
<BR>[Called By]<UL><LI><a href="#[8d]">&gt;&gt;</a>&nbsp;&nbsp;&nbsp;ip_reass_tmr
<LI><a href="#[194]">&gt;&gt;</a>&nbsp;&nbsp;&nbsp;ip_reass_remove_oldest_datagram
</UL>

<P><STRONG><a name="[194]"></a>ip_reass_remove_oldest_datagram</STRONG> (Thumb, 128 bytes, Stack size 32 bytes, ip4_frag.o(i.ip_reass_remove_oldest_datagram))
<BR><BR>[Stack]<UL><LI>Max Depth = 504<LI>Call Chain = ip_reass_remove_oldest_datagram &rArr; ip_reass_free_complete_datagram &rArr; icmp_time_exceeded &rArr; icmp_send_response &rArr; ip4_output_if &rArr; ip4_output_if_src &rArr; ip4_frag &rArr; pbuf_alloc &rArr; pbuf_alloc_reference &rArr; memp_malloc &rArr; do_memp_malloc_pool &rArr; sys_arch_unprotect &rArr; osMutexRelease &rArr; xQueueGenericSend &rArr; xTaskResumeAll &rArr; xTaskIncrementTick
</UL>
<BR>[Calls]<UL><LI><a href="#[198]">&gt;&gt;</a>&nbsp;&nbsp;&nbsp;ip_reass_free_complete_datagram
</UL>
<BR>[Called By]<UL><LI><a href="#[18e]">&gt;&gt;</a>&nbsp;&nbsp;&nbsp;ip4_reass
</UL>

<P><STRONG><a name="[68]"></a>ipfrag_free_pbuf_custom</STRONG> (Thumb, 38 bytes, Stack size 8 bytes, ip4_frag.o(i.ipfrag_free_pbuf_custom))
<BR><BR>[Stack]<UL><LI>Max Depth = 192<LI>Call Chain = ipfrag_free_pbuf_custom &rArr; pbuf_free &rArr; mem_free &rArr; sys_mutex_unlock &rArr; osMutexRelease &rArr; xQueueGenericSend &rArr; xTaskResumeAll &rArr; xTaskIncrementTick
</UL>
<BR>[Calls]<UL><LI><a href="#[164]">&gt;&gt;</a>&nbsp;&nbsp;&nbsp;pbuf_free
<LI><a href="#[18b]">&gt;&gt;</a>&nbsp;&nbsp;&nbsp;ip_frag_free_pbuf_custom_ref
<LI><a href="#[a3]">&gt;&gt;</a>&nbsp;&nbsp;&nbsp;__2printf
</UL>
<BR>[Address Reference Count : 1]<UL><LI> ip4_frag.o(i.ip4_frag)
</UL>
<P><STRONG><a name="[285]"></a>prvTestWaitCondition</STRONG> (Thumb, 20 bytes, Stack size 0 bytes, event_groups.o(i.prvTestWaitCondition))
<BR><BR>[Called By]<UL><LI><a href="#[140]">&gt;&gt;</a>&nbsp;&nbsp;&nbsp;xEventGroupWaitBits
</UL>

<P><STRONG><a name="[227]"></a>prvCopyDataFromQueue</STRONG> (Thumb, 38 bytes, Stack size 8 bytes, queue.o(i.prvCopyDataFromQueue))
<BR><BR>[Stack]<UL><LI>Max Depth = 16<LI>Call Chain = prvCopyDataFromQueue &rArr; __aeabi_memcpy
</UL>
<BR>[Calls]<UL><LI><a href="#[150]">&gt;&gt;</a>&nbsp;&nbsp;&nbsp;__aeabi_memcpy
</UL>
<BR>[Called By]<UL><LI><a href="#[202]">&gt;&gt;</a>&nbsp;&nbsp;&nbsp;xQueueReceiveFromISR
<LI><a href="#[203]">&gt;&gt;</a>&nbsp;&nbsp;&nbsp;xQueueReceive
</UL>

<P><STRONG><a name="[228]"></a>prvCopyDataToQueue</STRONG> (Thumb, 108 bytes, Stack size 24 bytes, queue.o(i.prvCopyDataToQueue))
<BR><BR>[Stack]<UL><LI>Max Depth = 40<LI>Call Chain = prvCopyDataToQueue &rArr; xTaskPriorityDisinherit
</UL>
<BR>[Calls]<UL><LI><a href="#[229]">&gt;&gt;</a>&nbsp;&nbsp;&nbsp;xTaskPriorityDisinherit
<LI><a href="#[150]">&gt;&gt;</a>&nbsp;&nbsp;&nbsp;__aeabi_memcpy
</UL>
<BR>[Called By]<UL><LI><a href="#[205]">&gt;&gt;</a>&nbsp;&nbsp;&nbsp;xQueueGenericSendFromISR
<LI><a href="#[206]">&gt;&gt;</a>&nbsp;&nbsp;&nbsp;xQueueGenericSend
</UL>

<P><STRONG><a name="[22f]"></a>prvIsQueueEmpty</STRONG> (Thumb, 26 bytes, Stack size 8 bytes, queue.o(i.prvIsQueueEmpty))
<BR><BR>[Stack]<UL><LI>Max Depth = 8<LI>Call Chain = prvIsQueueEmpty
</UL>
<BR>[Calls]<UL><LI><a href="#[226]">&gt;&gt;</a>&nbsp;&nbsp;&nbsp;vPortExitCritical
<LI><a href="#[224]">&gt;&gt;</a>&nbsp;&nbsp;&nbsp;vPortEnterCritical
</UL>
<BR>[Called By]<UL><LI><a href="#[20f]">&gt;&gt;</a>&nbsp;&nbsp;&nbsp;xQueueSemaphoreTake
<LI><a href="#[203]">&gt;&gt;</a>&nbsp;&nbsp;&nbsp;xQueueReceive
</UL>

<P><STRONG><a name="[230]"></a>prvUnlockQueue</STRONG> (Thumb, 106 bytes, Stack size 24 bytes, queue.o(i.prvUnlockQueue))
<BR><BR>[Stack]<UL><LI>Max Depth = 48<LI>Call Chain = prvUnlockQueue &rArr; xTaskRemoveFromEventList
</UL>
<BR>[Calls]<UL><LI><a href="#[231]">&gt;&gt;</a>&nbsp;&nbsp;&nbsp;xTaskRemoveFromEventList
<LI><a href="#[232]">&gt;&gt;</a>&nbsp;&nbsp;&nbsp;vTaskMissedYield
<LI><a href="#[226]">&gt;&gt;</a>&nbsp;&nbsp;&nbsp;vPortExitCritical
<LI><a href="#[224]">&gt;&gt;</a>&nbsp;&nbsp;&nbsp;vPortEnterCritical
</UL>
<BR>[Called By]<UL><LI><a href="#[20f]">&gt;&gt;</a>&nbsp;&nbsp;&nbsp;xQueueSemaphoreTake
<LI><a href="#[203]">&gt;&gt;</a>&nbsp;&nbsp;&nbsp;xQueueReceive
<LI><a href="#[206]">&gt;&gt;</a>&nbsp;&nbsp;&nbsp;xQueueGenericSend
</UL>

<P><STRONG><a name="[21f]"></a>prvAddCurrentTaskToDelayedList</STRONG> (Thumb, 102 bytes, Stack size 24 bytes, tasks.o(i.prvAddCurrentTaskToDelayedList))
<BR><BR>[Stack]<UL><LI>Max Depth = 36<LI>Call Chain = prvAddCurrentTaskToDelayedList &rArr; vListInsert
</UL>
<BR>[Calls]<UL><LI><a href="#[221]">&gt;&gt;</a>&nbsp;&nbsp;&nbsp;vListInsertEnd
<LI><a href="#[222]">&gt;&gt;</a>&nbsp;&nbsp;&nbsp;vListInsert
<LI><a href="#[220]">&gt;&gt;</a>&nbsp;&nbsp;&nbsp;uxListRemove
</UL>
<BR>[Called By]<UL><LI><a href="#[11c]">&gt;&gt;</a>&nbsp;&nbsp;&nbsp;vTaskDelay
<LI><a href="#[27e]">&gt;&gt;</a>&nbsp;&nbsp;&nbsp;vTaskPlaceOnEventList
<LI><a href="#[27f]">&gt;&gt;</a>&nbsp;&nbsp;&nbsp;vTaskPlaceOnUnorderedEventList
</UL>

<P><STRONG><a name="[223]"></a>prvAddNewTaskToReadyList</STRONG> (Thumb, 194 bytes, Stack size 24 bytes, tasks.o(i.prvAddNewTaskToReadyList))
<BR><BR>[Stack]<UL><LI>Max Depth = 24<LI>Call Chain = prvAddNewTaskToReadyList
</UL>
<BR>[Calls]<UL><LI><a href="#[221]">&gt;&gt;</a>&nbsp;&nbsp;&nbsp;vListInsertEnd
<LI><a href="#[226]">&gt;&gt;</a>&nbsp;&nbsp;&nbsp;vPortExitCritical
<LI><a href="#[224]">&gt;&gt;</a>&nbsp;&nbsp;&nbsp;vPortEnterCritical
<LI><a href="#[225]">&gt;&gt;</a>&nbsp;&nbsp;&nbsp;vListInitialise
</UL>
<BR>[Called By]<UL><LI><a href="#[213]">&gt;&gt;</a>&nbsp;&nbsp;&nbsp;xTaskCreate
</UL>

<P><STRONG><a name="[22a]"></a>prvDeleteTCB</STRONG> (Thumb, 20 bytes, Stack size 8 bytes, tasks.o(i.prvDeleteTCB))
<BR><BR>[Stack]<UL><LI>Max Depth = 80<LI>Call Chain = prvDeleteTCB &rArr; vPortFree &rArr; xTaskResumeAll &rArr; xTaskIncrementTick
</UL>
<BR>[Calls]<UL><LI><a href="#[22b]">&gt;&gt;</a>&nbsp;&nbsp;&nbsp;vPortFree
</UL>
<BR>[Called By]<UL><LI><a href="#[80]">&gt;&gt;</a>&nbsp;&nbsp;&nbsp;prvIdleTask
</UL>

<P><STRONG><a name="[80]"></a>prvIdleTask</STRONG> (Thumb, 80 bytes, Stack size 0 bytes, tasks.o(i.prvIdleTask))
<BR><BR>[Stack]<UL><LI>Max Depth = 80<LI>Call Chain = prvIdleTask &rArr; prvDeleteTCB &rArr; vPortFree &rArr; xTaskResumeAll &rArr; xTaskIncrementTick
</UL>
<BR>[Calls]<UL><LI><a href="#[220]">&gt;&gt;</a>&nbsp;&nbsp;&nbsp;uxListRemove
<LI><a href="#[226]">&gt;&gt;</a>&nbsp;&nbsp;&nbsp;vPortExitCritical
<LI><a href="#[224]">&gt;&gt;</a>&nbsp;&nbsp;&nbsp;vPortEnterCritical
<LI><a href="#[22a]">&gt;&gt;</a>&nbsp;&nbsp;&nbsp;prvDeleteTCB
</UL>
<BR>[Address Reference Count : 1]<UL><LI> tasks.o(i.vTaskStartScheduler)
</UL>
<P><STRONG><a name="[22c]"></a>prvInitialiseNewTask</STRONG> (Thumb, 152 bytes, Stack size 32 bytes, tasks.o(i.prvInitialiseNewTask))
<BR><BR>[Stack]<UL><LI>Max Depth = 40<LI>Call Chain = prvInitialiseNewTask &rArr; pxPortInitialiseStack
</UL>
<BR>[Calls]<UL><LI><a href="#[22d]">&gt;&gt;</a>&nbsp;&nbsp;&nbsp;vListInitialiseItem
<LI><a href="#[22e]">&gt;&gt;</a>&nbsp;&nbsp;&nbsp;pxPortInitialiseStack
</UL>
<BR>[Called By]<UL><LI><a href="#[213]">&gt;&gt;</a>&nbsp;&nbsp;&nbsp;xTaskCreate
</UL>

<P><STRONG><a name="[284]"></a>prvResetNextTaskUnblockTime</STRONG> (Thumb, 26 bytes, Stack size 0 bytes, tasks.o(i.prvResetNextTaskUnblockTime))
<BR><BR>[Called By]<UL><LI><a href="#[236]">&gt;&gt;</a>&nbsp;&nbsp;&nbsp;xTaskResumeAll
<LI><a href="#[151]">&gt;&gt;</a>&nbsp;&nbsp;&nbsp;xTaskIncrementTick
<LI><a href="#[143]">&gt;&gt;</a>&nbsp;&nbsp;&nbsp;vTaskSuspend
</UL>

<P><STRONG><a name="[282]"></a>prvTaskIsTaskSuspended</STRONG> (Thumb, 48 bytes, Stack size 0 bytes, tasks.o(i.prvTaskIsTaskSuspended))
<BR><BR>[Called By]<UL><LI><a href="#[141]">&gt;&gt;</a>&nbsp;&nbsp;&nbsp;vTaskResume
</UL>

<P><STRONG><a name="[1fa]"></a>inHandlerMode</STRONG> (Thumb, 12 bytes, Stack size 0 bytes, cmsis_os.o(i.inHandlerMode))
<BR><BR>[Called By]<UL><LI><a href="#[175]">&gt;&gt;</a>&nbsp;&nbsp;&nbsp;osSemaphoreWait
<LI><a href="#[c6]">&gt;&gt;</a>&nbsp;&nbsp;&nbsp;osSemaphoreRelease
<LI><a href="#[211]">&gt;&gt;</a>&nbsp;&nbsp;&nbsp;osSemaphoreDelete
<LI><a href="#[20e]">&gt;&gt;</a>&nbsp;&nbsp;&nbsp;osMutexWait
<LI><a href="#[20c]">&gt;&gt;</a>&nbsp;&nbsp;&nbsp;osMutexRelease
<LI><a href="#[207]">&gt;&gt;</a>&nbsp;&nbsp;&nbsp;osMessageWaiting
<LI><a href="#[204]">&gt;&gt;</a>&nbsp;&nbsp;&nbsp;osMessagePut
<LI><a href="#[201]">&gt;&gt;</a>&nbsp;&nbsp;&nbsp;osMessageGet
<LI><a href="#[1ff]">&gt;&gt;</a>&nbsp;&nbsp;&nbsp;osMessageDelete
<LI><a href="#[1f9]">&gt;&gt;</a>&nbsp;&nbsp;&nbsp;osKernelSysTick
</UL>

<P><STRONG><a name="[212]"></a>makeFreeRtosPriority</STRONG> (Thumb, 12 bytes, Stack size 0 bytes, cmsis_os.o(i.makeFreeRtosPriority))
<BR><BR>[Called By]<UL><LI><a href="#[125]">&gt;&gt;</a>&nbsp;&nbsp;&nbsp;osThreadCreate
</UL>

<P><STRONG><a name="[234]"></a>prvHeapInit</STRONG> (Thumb, 66 bytes, Stack size 0 bytes, heap_4.o(i.prvHeapInit))
<BR><BR>[Called By]<UL><LI><a href="#[122]">&gt;&gt;</a>&nbsp;&nbsp;&nbsp;pvPortMalloc
</UL>

<P><STRONG><a name="[235]"></a>prvInsertBlockIntoFreeList</STRONG> (Thumb, 72 bytes, Stack size 12 bytes, heap_4.o(i.prvInsertBlockIntoFreeList))
<BR><BR>[Stack]<UL><LI>Max Depth = 12<LI>Call Chain = prvInsertBlockIntoFreeList
</UL>
<BR>[Called By]<UL><LI><a href="#[122]">&gt;&gt;</a>&nbsp;&nbsp;&nbsp;pvPortMalloc
<LI><a href="#[22b]">&gt;&gt;</a>&nbsp;&nbsp;&nbsp;vPortFree
</UL>

<P><STRONG><a name="[79]"></a>prvTaskExitError</STRONG> (Thumb, 36 bytes, Stack size 0 bytes, port.o(i.prvTaskExitError))
<BR>[Address Reference Count : 1]<UL><LI> port.o(i.pxPortInitialiseStack)
</UL>
<P><STRONG><a name="[155]"></a>_printf_core</STRONG> (Thumb, 660 bytes, Stack size 104 bytes, printf5.o(i._printf_core), UNUSED)
<BR><BR>[Calls]<UL><LI><a href="#[92]">&gt;&gt;</a>&nbsp;&nbsp;&nbsp;__aeabi_uldivmod
</UL>
<BR>[Called By]<UL><LI><a href="#[154]">&gt;&gt;</a>&nbsp;&nbsp;&nbsp;__0printf$5
</UL>
<P>
<H3>
Undefined Global Symbols
</H3><HR></body></html>
